Archive member included because of file (symbol)

/home/vladimir/Documentos/SOFTWARE/arduino/BluePill/Proyects/EEPROM/build/core/core.a(exc.S.o)
                              (__exc_nmi)
/home/vladimir/Documentos/SOFTWARE/arduino/BluePill/Proyects/EEPROM/build/core/core.a(isrs.S.o)
                              (__stm32reservedexception7)
/home/vladimir/Documentos/SOFTWARE/arduino/BluePill/Proyects/EEPROM/build/core/core.a(vector_table.S.o)
                              (__stm32_vector_table)
/home/vladimir/Documentos/SOFTWARE/arduino/BluePill/Proyects/EEPROM/build/core/core.a(adc.c.o)
                              /home/vladimir/Documentos/SOFTWARE/arduino/BluePill/Proyects/EEPROM/build/core/wirish/boards.cpp.o (adc_set_sample_rate)
/home/vladimir/Documentos/SOFTWARE/arduino/BluePill/Proyects/EEPROM/build/core/core.a(adc_f1.c.o)
                              (__irq_adc)
/home/vladimir/Documentos/SOFTWARE/arduino/BluePill/Proyects/EEPROM/build/core/core.a(dma_f1.c.o)
                              (__irq_dma1_channel1)
/home/vladimir/Documentos/SOFTWARE/arduino/BluePill/Proyects/EEPROM/build/core/core.a(exti.c.o)
                              (__irq_exti0)
/home/vladimir/Documentos/SOFTWARE/arduino/BluePill/Proyects/EEPROM/build/core/core.a(exti_f1.c.o)
                              /home/vladimir/Documentos/SOFTWARE/arduino/BluePill/Proyects/EEPROM/build/core/core.a(exti.c.o) (exti_select)
/home/vladimir/Documentos/SOFTWARE/arduino/BluePill/Proyects/EEPROM/build/core/core.a(flash.c.o)
                              /home/vladimir/Documentos/SOFTWARE/arduino/BluePill/Proyects/EEPROM/build/core/wirish/boards.cpp.o (flash_set_latency)
/home/vladimir/Documentos/SOFTWARE/arduino/BluePill/Proyects/EEPROM/build/core/core.a(gpio_f1.c.o)
                              /home/vladimir/Documentos/SOFTWARE/arduino/BluePill/Proyects/EEPROM/build/core/wirish/boards_setup.cpp.o (gpio_init_all)
/home/vladimir/Documentos/SOFTWARE/arduino/BluePill/Proyects/EEPROM/build/core/core.a(i2c_f1.c.o)
                              (__irq_i2c1_ev)
/home/vladimir/Documentos/SOFTWARE/arduino/BluePill/Proyects/EEPROM/build/core/core.a(nvic.c.o)
                              /home/vladimir/Documentos/SOFTWARE/arduino/BluePill/Proyects/EEPROM/build/core/core.a(i2c_f1.c.o) (nvic_irq_set_priority)
/home/vladimir/Documentos/SOFTWARE/arduino/BluePill/Proyects/EEPROM/build/core/core.a(rcc.c.o)
                              /home/vladimir/Documentos/SOFTWARE/arduino/BluePill/Proyects/EEPROM/build/core/wirish/boards.cpp.o (rcc_switch_sysclk)
/home/vladimir/Documentos/SOFTWARE/arduino/BluePill/Proyects/EEPROM/build/core/core.a(rcc_f1.c.o)
                              /home/vladimir/Documentos/SOFTWARE/arduino/BluePill/Proyects/EEPROM/build/core/wirish/boards.cpp.o (rcc_configure_pll)
/home/vladimir/Documentos/SOFTWARE/arduino/BluePill/Proyects/EEPROM/build/core/core.a(systick.c.o)
                              /home/vladimir/Documentos/SOFTWARE/arduino/BluePill/Proyects/EEPROM/build/core/wirish/boards.cpp.o (systick_init)
/home/vladimir/Documentos/SOFTWARE/arduino/BluePill/Proyects/EEPROM/build/core/core.a(timer.c.o)
                              /home/vladimir/Documentos/SOFTWARE/arduino/BluePill/Proyects/EEPROM/build/core/wirish/boards.cpp.o (timer_foreach)
/home/vladimir/Documentos/SOFTWARE/arduino/BluePill/Proyects/EEPROM/build/core/core.a(usart_f1.c.o)
                              (__irq_usart1)
/home/vladimir/Documentos/SOFTWARE/arduino/BluePill/Proyects/EEPROM/build/core/core.a(usart_private.c.o)
                              /home/vladimir/Documentos/SOFTWARE/arduino/BluePill/Proyects/EEPROM/build/core/core.a(usart_f1.c.o) (_usart_clock_freq)
/home/vladimir/Documentos/SOFTWARE/arduino/BluePill/Proyects/EEPROM/build/core/core.a(util.c.o)
                              /home/vladimir/Documentos/SOFTWARE/arduino/BluePill/Proyects/EEPROM/build/core/core.a(exc.S.o) (__error)
/home/vladimir/Documentos/SOFTWARE/arduino/BluePill/Proyects/EEPROM/build/core/core.a(usb.c.o)
                              (__irq_usb_lp_can_rx0)
/home/vladimir/Documentos/SOFTWARE/arduino/BluePill/Proyects/EEPROM/build/core/core.a(usb_cdcacm.c.o)
                              /home/vladimir/Documentos/SOFTWARE/arduino/BluePill/Proyects/EEPROM/build/core/core.a(usb.c.o) (User_Standard_Requests)
/home/vladimir/Documentos/SOFTWARE/arduino/BluePill/Proyects/EEPROM/build/core/core.a(usb_reg_map.c.o)
                              /home/vladimir/Documentos/SOFTWARE/arduino/BluePill/Proyects/EEPROM/build/core/core.a(usb_cdcacm.c.o) (usb_set_ep_rx_count)
/home/vladimir/Documentos/SOFTWARE/arduino/BluePill/Proyects/EEPROM/build/core/core.a(usb_core.c.o)
                              /home/vladimir/Documentos/SOFTWARE/arduino/BluePill/Proyects/EEPROM/build/core/core.a(usb_cdcacm.c.o) (Standard_GetDescriptorData)
/home/vladimir/Documentos/SOFTWARE/arduino/BluePill/Proyects/EEPROM/build/core/core.a(usb_init.c.o)
[...]
Memory Configuration

Name             Origin             Length             Attributes
ram              0x0000000020000000 0x0000000000005000 xrw
rom              0x0000000008000000 0x0000000000020000 xr
*default*        0x0000000000000000 0xffffffffffffffff

Linker script and memory map

LOAD /home/vladimir/.arduino15/packages/arduino/tools/arm-none-eabi-gcc/4.8.3-2014q1/bin/../lib/gcc/arm-none-eabi/4.8.3/armv7-m/crti.o
LOAD /home/vladimir/.arduino15/packages/arduino/tools/arm-none-eabi-gcc/4.8.3-2014q1/bin/../lib/gcc/arm-none-eabi/4.8.3/armv7-m/crtbegin.o
LOAD /home/vladimir/.arduino15/packages/arduino/tools/arm-none-eabi-gcc/4.8.3-2014q1/bin/../lib/gcc/arm-none-eabi/4.8.3/../../../../arm-none-eabi/lib/armv7-m/crt0.o
LOAD /home/vladimir/.arduino15/packages/arduino/tools/arm-none-eabi-gcc/4.8.3-2014q1/bin/../lib/gcc/arm-none-eabi/4.8.3/armv7-m/libgcc.a
START GROUP
LOAD /home/vladimir/Documentos/SOFTWARE/arduino/BluePill/Proyects/EEPROM/build/sketch/testEEPROM.ino.cpp.o
LOAD /home/vladimir/Documentos/SOFTWARE/arduino/BluePill/Proyects/EEPROM/build/libraries/EEPROM/flash_stm32.c.o
LOAD /home/vladimir/Documentos/SOFTWARE/arduino/BluePill/Proyects/EEPROM/build/libraries/EEPROM/EEPROM.cpp.o
LOAD /home/vladimir/Documentos/SOFTWARE/arduino/BluePill/Proyects/EEPROM/build/core/wirish/start.S.o
LOAD /home/vladimir/Documentos/SOFTWARE/arduino/BluePill/Proyects/EEPROM/build/core/wirish/start_c.c.o
LOAD /home/vladimir/Documentos/SOFTWARE/arduino/BluePill/Proyects/EEPROM/build/core/wirish/syscalls.c.o
LOAD /home/vladimir/Documentos/SOFTWARE/arduino/BluePill/Proyects/EEPROM/build/core/board.cpp.o
LOAD /home/vladimir/Documentos/SOFTWARE/arduino/BluePill/Proyects/EEPROM/build/core/wirish/boards.cpp.o
LOAD /home/vladimir/Documentos/SOFTWARE/arduino/BluePill/Proyects/EEPROM/build/core/wirish/boards_setup.cpp.o
LOAD /home/vladimir/Documentos/SOFTWARE/arduino/BluePill/Proyects/EEPROM/build/core/core.a
END GROUP
LOAD /home/vladimir/.arduino15/packages/arduino/tools/arm-none-eabi-gcc/4.8.3-2014q1/bin/../lib/gcc/arm-none-eabi/4.8.3/../../../../arm-none-eabi/lib/armv7-m/libstdc++.a
LOAD /home/vladimir/.arduino15/packages/arduino/tools/arm-none-eabi-gcc/4.8.3-2014q1/bin/../lib/gcc/arm-none-eabi/4.8.3/../../../../arm-none-eabi/lib/armv7-m/libm.a
START GROUP
LOAD /home/vladimir/.arduino15/packages/arduino/tools/arm-none-eabi-gcc/4.8.3-2014q1/bin/../lib/gcc/arm-none-eabi/4.8.3/armv7-m/libgcc.a
LOAD /home/vladimir/.arduino15/packages/arduino/tools/arm-none-eabi-gcc/4.8.3-2014q1/bin/../lib/gcc/arm-none-eabi/4.8.3/../../../../arm-none-eabi/lib/armv7-m/libc.a
END GROUP
LOAD /home/vladimir/.arduino15/packages/arduino/tools/arm-none-eabi-gcc/4.8.3-2014q1/bin/../lib/gcc/arm-none-eabi/4.8.3/armv7-m/crtend.o
LOAD /home/vladimir/.arduino15/packages/arduino/tools/arm-none-eabi-gcc/4.8.3-2014q1/bin/../lib/gcc/arm-none-eabi/4.8.3/armv7-m/crtn.o
START GROUP
LOAD /home/vladimir/.arduino15/packages/arduino/tools/arm-none-eabi-gcc/4.8.3-2014q1/bin/../lib/gcc/arm-none-eabi/4.8.3/armv7-m/libgcc.a
LOAD /home/vladimir/.arduino15/packages/arduino/tools/arm-none-eabi-gcc/4.8.3-2014q1/bin/../lib/gcc/arm-none-eabi/4.8.3/../../../../arm-none-eabi/lib/armv7-m/libc.a
LOAD /home/vladimir/.arduino15/packages/arduino/tools/arm-none-eabi-gcc/4.8.3-2014q1/bin/../lib/gcc/arm-none-eabi/4.8.3/../../../../arm-none-eabi/lib/armv7-m/libm.a
END GROUP
START GROUP
LOAD /home/vladimir/.arduino15/packages/arduino/tools/arm-none-eabi-gcc/4.8.3-2014q1/bin/../lib/gcc/arm-none-eabi/4.8.3/../../../../arm-none-eabi/lib/armv7-m/libnosys.a
END GROUP
                0x0000000020005000                PROVIDE (__msp_init, (ORIGIN (ram) + 0x5000))
                0x000000000800057c                PROVIDE (__exc_reset, __start__)

.text           0x0000000008000000     0x2e4c
                0x0000000008000000                __text_start__ = .
 *(.stm32.interrupt_vector)
 .stm32.interrupt_vector
                0x0000000008000000       0xec /home/vladimir/Documentos/SOFTWARE/arduino/BluePill/Proyects/EEPROM/build/core/core.a(vector_table.S.o)
                0x0000000008000000                __stm32_vector_table
 *(.text .text.* .gnu.linkonce.t.*)
 .text          0x00000000080000ec       0x54 /home/vladimir/.arduino15/packages/arduino/tools/arm-none-eabi-gcc/4.8.3-2014q1/bin/../lib/gcc/arm-none-eabi/4.8.3/armv7-m/crtbegin.o
 .text._Z5setupv
                0x0000000008000140       0x40 /home/vladimir/Documentos/SOFTWARE/arduino/BluePill/Proyects/EEPROM/build/sketch/testEEPROM.ino.cpp.o
                0x0000000008000140                setup()
 .text._Z4loopv
                0x0000000008000180        0x2 /home/vladimir/Documentos/SOFTWARE/arduino/BluePill/Proyects/EEPROM/build/sketch/testEEPROM.ino.cpp.o
                0x0000000008000180                loop()
 *fill*         0x0000000008000182        0x2 
 .text.FLASH_GetStatus
                0x0000000008000184       0x34 /home/vladimir/Documentos/SOFTWARE/arduino/BluePill/Proyects/EEPROM/build/libraries/EEPROM/flash_stm32.c.o
                0x0000000008000184                FLASH_GetStatus
 .text.FLASH_WaitForLastOperation
                0x00000000080001b8       0x36 /home/vladimir/Documentos/SOFTWARE/arduino/BluePill/Proyects/EEPROM/build/libraries/EEPROM/flash_stm32.c.o
                0x00000000080001b8                FLASH_WaitForLastOperation
 *fill*         0x00000000080001ee        0x2 
 .text.FLASH_ErasePage
                0x00000000080001f0       0x44 /home/vladimir/Documentos/SOFTWARE/arduino/BluePill/Proyects/EEPROM/build/libraries/EEPROM/flash_stm32.c.o
                0x00000000080001f0                FLASH_ErasePage
 .text.FLASH_ProgramHalfWord
                0x0000000008000234       0x4c /home/vladimir/Documentos/SOFTWARE/arduino/BluePill/Proyects/EEPROM/build/libraries/EEPROM/flash_stm32.c.o
                0x0000000008000234                FLASH_ProgramHalfWord
 .text.FLASH_Unlock
                0x0000000008000280       0x18 /home/vladimir/Documentos/SOFTWARE/arduino/BluePill/Proyects/EEPROM/build/libraries/EEPROM/flash_stm32.c.o
                0x0000000008000280                FLASH_Unlock
 .text._ZN11EEPROMClass12EE_CheckPageEmt
                0x0000000008000298       0x32 /home/vladimir/Documentos/SOFTWARE/arduino/BluePill/Proyects/EEPROM/build/libraries/EEPROM/EEPROM.cpp.o
                0x0000000008000298                EEPROMClass::EE_CheckPage(unsigned long, unsigned short)
 .text._ZN11EEPROMClass12EE_ErasePageEm
                0x00000000080002ca       0x3e /home/vladimir/Documentos/SOFTWARE/arduino/BluePill/Proyects/EEPROM/build/libraries/EEPROM/EEPROM.cpp.o
                0x00000000080002ca                EEPROMClass::EE_ErasePage(unsigned long)
 .text._ZN11EEPROMClass17EE_CheckErasePageEmt
                0x0000000008000308       0x2a /home/vladimir/Documentos/SOFTWARE/arduino/BluePill/Proyects/EEPROM/build/libraries/EEPROM/EEPROM.cpp.o
                0x0000000008000308                EEPROMClass::EE_CheckErasePage(unsigned long, unsigned short)
 .text._ZN11EEPROMClass16EE_FindValidPageEv
                0x0000000008000332       0x2e /home/vladimir/Documentos/SOFTWARE/arduino/BluePill/Proyects/EEPROM/build/libraries/EEPROM/EEPROM.cpp.o
                0x0000000008000332                EEPROMClass::EE_FindValidPage()
 .text._ZN11EEPROMClass15EE_PageTransferEmmt
                0x0000000008000360       0xa0 /home/vladimir/Documentos/SOFTWARE/arduino/BluePill/Proyects/EEPROM/build/libraries/EEPROM/EEPROM.cpp.o
                0x0000000008000360                EEPROMClass::EE_PageTransfer(unsigned long, unsigned long, unsigned short)
 .text._ZN11EEPROMClass6formatEv
                0x0000000008000400       0x3e /home/vladimir/Documentos/SOFTWARE/arduino/BluePill/Proyects/EEPROM/build/libraries/EEPROM/EEPROM.cpp.o
                0x0000000008000400                EEPROMClass::format()
 .text._ZN11EEPROMClass4initEv
                0x000000000800043e       0xcc /home/vladimir/Documentos/SOFTWARE/arduino/BluePill/Proyects/EEPROM/build/libraries/EEPROM/EEPROM.cpp.o
                0x000000000800043e                EEPROMClass::init()
 .text._ZN11EEPROMClass4readEtPt
                0x000000000800050a       0x50 /home/vladimir/Documentos/SOFTWARE/arduino/BluePill/Proyects/EEPROM/build/libraries/EEPROM/EEPROM.cpp.o
                0x000000000800050a                EEPROMClass::read(unsigned short, unsigned short*)
 *fill*         0x000000000800055a        0x2 
 .text.startup._GLOBAL__sub_I__ZN11EEPROMClass12EE_CheckPageEmt
                0x000000000800055c       0x20 /home/vladimir/Documentos/SOFTWARE/arduino/BluePill/Proyects/EEPROM/build/libraries/EEPROM/EEPROM.cpp.o
 .text          0x000000000800057c       0x10 /home/vladimir/Documentos/SOFTWARE/arduino/BluePill/Proyects/EEPROM/build/core/wirish/start.S.o
                0x000000000800057c                __start__
 .text.start_c  0x000000000800058c       0x64 /home/vladimir/Documentos/SOFTWARE/arduino/BluePill/Proyects/EEPROM/build/core/wirish/start_c.c.o
                0x000000000800058c                start_c
 .text._exit    0x00000000080005f0        0x2 /home/vladimir/Documentos/SOFTWARE/arduino/BluePill/Proyects/EEPROM/build/core/wirish/syscalls.c.o
                0x00000000080005f0                _exit
 .text._Z9boardInitv
                0x00000000080005f2        0x2 /home/vladimir/Documentos/SOFTWARE/arduino/BluePill/Proyects/EEPROM/build/core/board.cpp.o
                0x00000000080005f2                boardInit()
 .text.startup._GLOBAL__sub_I__Z9boardInitv
                0x00000000080005f4       0x48 /home/vladimir/Documentos/SOFTWARE/arduino/BluePill/Proyects/EEPROM/build/core/board.cpp.o
 .text._ZL18adc_default_configP7adc_dev
                0x000000000800063c       0x1c /home/vladimir/Documentos/SOFTWARE/arduino/BluePill/Proyects/EEPROM/build/core/wirish/boards.cpp.o
 .text._ZL20timer_default_configP9timer_dev
                0x0000000008000658       0x9e /home/vladimir/Documentos/SOFTWARE/arduino/BluePill/Proyects/EEPROM/build/core/wirish/boards.cpp.o
 *fill*         0x00000000080006f6        0x2 
 .text._Z4initv
                0x00000000080006f8       0xbc /home/vladimir/Documentos/SOFTWARE/arduino/BluePill/Proyects/EEPROM/build/core/wirish/boards.cpp.o
                0x00000000080006f8                init()
 .text._ZN6wirish4priv15board_reset_pllEv
                0x00000000080007b4        0x2 /home/vladimir/Documentos/SOFTWARE/arduino/BluePill/Proyects/EEPROM/build/core/wirish/boards_setup.cpp.o
                0x00000000080007b4                wirish::priv::board_reset_pll()
 .text._ZN6wirish4priv28board_setup_clock_prescalersEv
                0x00000000080007b6       0x2e /home/vladimir/Documentos/SOFTWARE/arduino/BluePill/Proyects/EEPROM/build/core/wirish/boards_setup.cpp.o
                0x00000000080007b6                wirish::priv::board_setup_clock_prescalers()
 .text._ZN6wirish4priv16board_setup_gpioEv
                0x00000000080007e4        0x4 /home/vladimir/Documentos/SOFTWARE/arduino/BluePill/Proyects/EEPROM/build/core/wirish/boards_setup.cpp.o
                0x00000000080007e4                wirish::priv::board_setup_gpio()
 .text._ZN6wirish4priv15board_setup_usbEv
                0x00000000080007e8       0x54 /home/vladimir/Documentos/SOFTWARE/arduino/BluePill/Proyects/EEPROM/build/core/wirish/boards_setup.cpp.o
                0x00000000080007e8                wirish::priv::board_setup_usb()
 .text._ZN6wirish4priv11series_initEv
                0x000000000800083c        0x4 /home/vladimir/Documentos/SOFTWARE/arduino/BluePill/Proyects/EEPROM/build/core/wirish/boards_setup.cpp.o
                0x000000000800083c                wirish::priv::series_init()
 .text          0x0000000008000840       0x60 /home/vladimir/Documentos/SOFTWARE/arduino/BluePill/Proyects/EEPROM/build/core/core.a(exc.S.o)
                0x0000000008000840                __exc_nmi
                0x0000000008000844                __exc_hardfault
                0x0000000008000848                __exc_memmanage
                0x000000000800084c                __exc_busfault
                0x0000000008000850                __exc_usagefault
 .text          0x00000000080008a0        0x2 /home/vladimir/Documentos/SOFTWARE/arduino/BluePill/Proyects/EEPROM/build/core/core.a(isrs.S.o)
                0x00000000080008a0                __stm32reservedexception9
                0x00000000080008a0                __exc_debug_monitor
                0x00000000080008a0                __exc_svc
                0x00000000080008a0                __irq_can_rx1
                0x00000000080008a0                __irq_spi2
                0x00000000080008a0                __irq_can_sce
                0x00000000080008a0                __irq_pvd
                0x00000000080008a0                __irq_tamper
                0x00000000080008a0                __default_handler
                0x00000000080008a0                __irq_wwdg
                0x00000000080008a0                __stm32reservedexception10
                0x00000000080008a0                __irq_flash
                0x00000000080008a0                __stm32reservedexception13
                0x00000000080008a0                __irq_rtc
                0x00000000080008a0                __irq_spi1
                0x00000000080008a0                __stm32reservedexception7
                0x00000000080008a0                __irq_usb_hp_can_tx
                0x00000000080008a0                __irq_rtcalarm
                0x00000000080008a0                __stm32reservedexception8
                0x00000000080008a0                __exc_pendsv
                0x00000000080008a0                __irq_usbwakeup
                0x00000000080008a0                __irq_rcc
 .text.adc_init
                0x00000000080008a2       0x14 /home/vladimir/Documentos/SOFTWARE/arduino/BluePill/Proyects/EEPROM/build/core/core.a(adc.c.o)
                0x00000000080008a2                adc_init
 .text.adc_set_extsel
                0x00000000080008b6       0x12 /home/vladimir/Documentos/SOFTWARE/arduino/BluePill/Proyects/EEPROM/build/core/core.a(adc.c.o)
                0x00000000080008b6                adc_set_extsel
 .text.adc_set_sample_rate
                0x00000000080008c8       0x30 /home/vladimir/Documentos/SOFTWARE/arduino/BluePill/Proyects/EEPROM/build/core/core.a(adc.c.o)
                0x00000000080008c8                adc_set_sample_rate
 .text.__irq_adc
                0x00000000080008f8       0x50 /home/vladimir/Documentos/SOFTWARE/arduino/BluePill/Proyects/EEPROM/build/core/core.a(adc_f1.c.o)
                0x00000000080008f8                __irq_adc
 .text.adc_calibrate
                0x0000000008000948       0x24 /home/vladimir/Documentos/SOFTWARE/arduino/BluePill/Proyects/EEPROM/build/core/core.a(adc_f1.c.o)
                0x0000000008000948                adc_calibrate
 .text.adc_set_prescaler
                0x000000000800096c        0x8 /home/vladimir/Documentos/SOFTWARE/arduino/BluePill/Proyects/EEPROM/build/core/core.a(adc_f1.c.o)
                0x000000000800096c                adc_set_prescaler
 .text.adc_foreach
                0x0000000008000974       0x1c /home/vladimir/Documentos/SOFTWARE/arduino/BluePill/Proyects/EEPROM/build/core/core.a(adc_f1.c.o)
                0x0000000008000974                adc_foreach
 .text.adc_enable_single_swstart
                0x0000000008000990       0x36 /home/vladimir/Documentos/SOFTWARE/arduino/BluePill/Proyects/EEPROM/build/core/core.a(adc_f1.c.o)
                0x0000000008000990                adc_enable_single_swstart
 *fill*         0x00000000080009c6        0x2 
 .text.__irq_dma1_channel1
                0x00000000080009c8       0x18 /home/vladimir/Documentos/SOFTWARE/arduino/BluePill/Proyects/EEPROM/build/core/core.a(dma_f1.c.o)
                0x00000000080009c8                __irq_dma1_channel1
 .text.__irq_dma1_channel2
                0x00000000080009e0       0x18 /home/vladimir/Documentos/SOFTWARE/arduino/BluePill/Proyects/EEPROM/build/core/core.a(dma_f1.c.o)
                0x00000000080009e0                __irq_dma1_channel2
 .text.__irq_dma1_channel3
                0x00000000080009f8       0x1c /home/vladimir/Documentos/SOFTWARE/arduino/BluePill/Proyects/EEPROM/build/core/core.a(dma_f1.c.o)
                0x00000000080009f8                __irq_dma1_channel3
 .text.__irq_dma1_channel4
                0x0000000008000a14       0x1c /home/vladimir/Documentos/SOFTWARE/arduino/BluePill/Proyects/EEPROM/build/core/core.a(dma_f1.c.o)
                0x0000000008000a14                __irq_dma1_channel4
 .text.__irq_dma1_channel5
                0x0000000008000a30       0x1c /home/vladimir/Documentos/SOFTWARE/arduino/BluePill/Proyects/EEPROM/build/core/core.a(dma_f1.c.o)
                0x0000000008000a30                __irq_dma1_channel5
 .text.__irq_dma1_channel6
                0x0000000008000a4c       0x1c /home/vladimir/Documentos/SOFTWARE/arduino/BluePill/Proyects/EEPROM/build/core/core.a(dma_f1.c.o)
                0x0000000008000a4c                __irq_dma1_channel6
 .text.__irq_dma1_channel7
                0x0000000008000a68       0x1c /home/vladimir/Documentos/SOFTWARE/arduino/BluePill/Proyects/EEPROM/build/core/core.a(dma_f1.c.o)
                0x0000000008000a68                __irq_dma1_channel7
 .text.__irq_exti0
                0x0000000008000a84       0x20 /home/vladimir/Documentos/SOFTWARE/arduino/BluePill/Proyects/EEPROM/build/core/core.a(exti.c.o)
                0x0000000008000a84                __irq_exti0
 .text.__irq_exti1
                0x0000000008000aa4       0x20 /home/vladimir/Documentos/SOFTWARE/arduino/BluePill/Proyects/EEPROM/build/core/core.a(exti.c.o)
                0x0000000008000aa4                __irq_exti1
 .text.__irq_exti2
                0x0000000008000ac4       0x20 /home/vladimir/Documentos/SOFTWARE/arduino/BluePill/Proyects/EEPROM/build/core/core.a(exti.c.o)
                0x0000000008000ac4                __irq_exti2
 .text.__irq_exti3
                0x0000000008000ae4       0x20 /home/vladimir/Documentos/SOFTWARE/arduino/BluePill/Proyects/EEPROM/build/core/core.a(exti.c.o)
                0x0000000008000ae4                __irq_exti3
 .text.__irq_exti4
                0x0000000008000b04       0x20 /home/vladimir/Documentos/SOFTWARE/arduino/BluePill/Proyects/EEPROM/build/core/core.a(exti.c.o)
                0x0000000008000b04                __irq_exti4
 .text.__irq_exti9_5
                0x0000000008000b24       0x44 /home/vladimir/Documentos/SOFTWARE/arduino/BluePill/Proyects/EEPROM/build/core/core.a(exti.c.o)
                0x0000000008000b24                __irq_exti9_5
 .text.__irq_exti15_10
                0x0000000008000b68       0x44 /home/vladimir/Documentos/SOFTWARE/arduino/BluePill/Proyects/EEPROM/build/core/core.a(exti.c.o)
                0x0000000008000b68                __irq_exti15_10
 .text.flash_set_latency
                0x0000000008000bac       0x14 /home/vladimir/Documentos/SOFTWARE/arduino/BluePill/Proyects/EEPROM/build/core/core.a(flash.c.o)
                0x0000000008000bac                flash_set_latency
 .text.gpio_init_all
                0x0000000008000bc0       0x30 /home/vladimir/Documentos/SOFTWARE/arduino/BluePill/Proyects/EEPROM/build/core/core.a(gpio_f1.c.o)
                0x0000000008000bc0                gpio_init_all
 .text.gpio_set_mode
                0x0000000008000bf0       0x50 /home/vladimir/Documentos/SOFTWARE/arduino/BluePill/Proyects/EEPROM/build/core/core.a(gpio_f1.c.o)
                0x0000000008000bf0                gpio_set_mode
 .text.afio_init
                0x0000000008000c40       0x12 /home/vladimir/Documentos/SOFTWARE/arduino/BluePill/Proyects/EEPROM/build/core/core.a(gpio_f1.c.o)
                0x0000000008000c40                afio_init
 *fill*         0x0000000008000c52        0x2 
 .text.__irq_i2c1_ev
                0x0000000008000c54        0xc /home/vladimir/Documentos/SOFTWARE/arduino/BluePill/Proyects/EEPROM/build/core/core.a(i2c_f1.c.o)
                0x0000000008000c54                __irq_i2c1_ev
 .text.__irq_i2c2_ev
                0x0000000008000c60        0xc /home/vladimir/Documentos/SOFTWARE/arduino/BluePill/Proyects/EEPROM/build/core/core.a(i2c_f1.c.o)
                0x0000000008000c60                __irq_i2c2_ev
 .text.__irq_i2c1_er
                0x0000000008000c6c        0xc /home/vladimir/Documentos/SOFTWARE/arduino/BluePill/Proyects/EEPROM/build/core/core.a(i2c_f1.c.o)
                0x0000000008000c6c                __irq_i2c1_er
 .text.__irq_i2c2_er
                0x0000000008000c78        0xc /home/vladimir/Documentos/SOFTWARE/arduino/BluePill/Proyects/EEPROM/build/core/core.a(i2c_f1.c.o)
                0x0000000008000c78                __irq_i2c2_er
 .text._i2c_irq_priority_fixup
                0x0000000008000c84       0x1c /home/vladimir/Documentos/SOFTWARE/arduino/BluePill/Proyects/EEPROM/build/core/core.a(i2c_f1.c.o)
                0x0000000008000c84                _i2c_irq_priority_fixup
 .text.nvic_irq_set_priority
                0x0000000008000ca0       0x28 /home/vladimir/Documentos/SOFTWARE/arduino/BluePill/Proyects/EEPROM/build/core/core.a(nvic.c.o)
                0x0000000008000ca0                nvic_irq_set_priority
 .text.nvic_init
                0x0000000008000cc8       0x30 /home/vladimir/Documentos/SOFTWARE/arduino/BluePill/Proyects/EEPROM/build/core/core.a(nvic.c.o)
                0x0000000008000cc8                nvic_init
 .text.nvic_sys_reset
                0x0000000008000cf8       0x1c /home/vladimir/Documentos/SOFTWARE/arduino/BluePill/Proyects/EEPROM/build/core/core.a(nvic.c.o)
                0x0000000008000cf8                nvic_sys_reset
 .text.rcc_dev_clk
                0x0000000008000d14        0xc /home/vladimir/Documentos/SOFTWARE/arduino/BluePill/Proyects/EEPROM/build/core/core.a(rcc.c.o)
                0x0000000008000d14                rcc_dev_clk
 .text.rcc_switch_sysclk
                0x0000000008000d20       0x20 /home/vladimir/Documentos/SOFTWARE/arduino/BluePill/Proyects/EEPROM/build/core/core.a(rcc.c.o)
                0x0000000008000d20                rcc_switch_sysclk
 .text.rcc_turn_on_clk
                0x0000000008000d40       0x1a /home/vladimir/Documentos/SOFTWARE/arduino/BluePill/Proyects/EEPROM/build/core/core.a(rcc.c.o)
                0x0000000008000d40                rcc_turn_on_clk
 .text.rcc_turn_off_clk
                0x0000000008000d5a       0x1c /home/vladimir/Documentos/SOFTWARE/arduino/BluePill/Proyects/EEPROM/build/core/core.a(rcc.c.o)
                0x0000000008000d5a                rcc_turn_off_clk
 .text.rcc_is_clk_ready
                0x0000000008000d76       0x18 /home/vladimir/Documentos/SOFTWARE/arduino/BluePill/Proyects/EEPROM/build/core/core.a(rcc.c.o)
                0x0000000008000d76                rcc_is_clk_ready
 *fill*         0x0000000008000d8e        0x2 
 .text.rcc_configure_pll
                0x0000000008000d90       0x18 /home/vladimir/Documentos/SOFTWARE/arduino/BluePill/Proyects/EEPROM/build/core/core.a(rcc_f1.c.o)
                0x0000000008000d90                rcc_configure_pll
 .text.rcc_clk_enable
                0x0000000008000da8       0x30 /home/vladimir/Documentos/SOFTWARE/arduino/BluePill/Proyects/EEPROM/build/core/core.a(rcc_f1.c.o)
                0x0000000008000da8                rcc_clk_enable
 .text.rcc_reset_dev
                0x0000000008000dd8       0x34 /home/vladimir/Documentos/SOFTWARE/arduino/BluePill/Proyects/EEPROM/build/core/core.a(rcc_f1.c.o)
                0x0000000008000dd8                rcc_reset_dev
 .text.rcc_set_prescaler
                0x0000000008000e0c       0x20 /home/vladimir/Documentos/SOFTWARE/arduino/BluePill/Proyects/EEPROM/build/core/core.a(rcc_f1.c.o)
                0x0000000008000e0c                rcc_set_prescaler
 .text.rcc_clk_disable
                0x0000000008000e2c       0x30 /home/vladimir/Documentos/SOFTWARE/arduino/BluePill/Proyects/EEPROM/build/core/core.a(rcc_f1.c.o)
                0x0000000008000e2c                rcc_clk_disable
 .text.systick_init
                0x0000000008000e5c       0x10 /home/vladimir/Documentos/SOFTWARE/arduino/BluePill/Proyects/EEPROM/build/core/core.a(systick.c.o)
                0x0000000008000e5c                systick_init
 .text.__exc_systick
                0x0000000008000e6c       0x1c /home/vladimir/Documentos/SOFTWARE/arduino/BluePill/Proyects/EEPROM/build/core/core.a(systick.c.o)
                0x0000000008000e6c                __exc_systick
 .text.timer_foreach
                0x0000000008000e88       0x28 /home/vladimir/Documentos/SOFTWARE/arduino/BluePill/Proyects/EEPROM/build/core/core.a(timer.c.o)
                0x0000000008000e88                timer_foreach
 .text.timer_init
                0x0000000008000eb0       0x14 /home/vladimir/Documentos/SOFTWARE/arduino/BluePill/Proyects/EEPROM/build/core/core.a(timer.c.o)
                0x0000000008000eb0                timer_init
 .text.timer_has_cc_channel
                0x0000000008000ec4       0x30 /home/vladimir/Documentos/SOFTWARE/arduino/BluePill/Proyects/EEPROM/build/core/core.a(timer.c.o)
                0x0000000008000ec4                timer_has_cc_channel
 .text.__irq_tim1_brk
                0x0000000008000ef4       0x24 /home/vladimir/Documentos/SOFTWARE/arduino/BluePill/Proyects/EEPROM/build/core/core.a(timer.c.o)
                0x0000000008000ef4                __irq_tim1_brk
 .text.__irq_tim1_up
                0x0000000008000f18       0x24 /home/vladimir/Documentos/SOFTWARE/arduino/BluePill/Proyects/EEPROM/build/core/core.a(timer.c.o)
                0x0000000008000f18                __irq_tim1_up
 .text.__irq_tim1_trg_com
                0x0000000008000f3c       0x38 /home/vladimir/Documentos/SOFTWARE/arduino/BluePill/Proyects/EEPROM/build/core/core.a(timer.c.o)
                0x0000000008000f3c                __irq_tim1_trg_com
 .text.__irq_tim1_cc
                0x0000000008000f74       0x54 /home/vladimir/Documentos/SOFTWARE/arduino/BluePill/Proyects/EEPROM/build/core/core.a(timer.c.o)
                0x0000000008000f74                __irq_tim1_cc
 .text.__irq_tim2
                0x0000000008000fc8       0x70 /home/vladimir/Documentos/SOFTWARE/arduino/BluePill/Proyects/EEPROM/build/core/core.a(timer.c.o)
                0x0000000008000fc8                __irq_tim2
 .text.__irq_tim3
                0x0000000008001038       0x70 /home/vladimir/Documentos/SOFTWARE/arduino/BluePill/Proyects/EEPROM/build/core/core.a(timer.c.o)
                0x0000000008001038                __irq_tim3
 .text.__irq_tim4
                0x00000000080010a8       0x70 /home/vladimir/Documentos/SOFTWARE/arduino/BluePill/Proyects/EEPROM/build/core/core.a(timer.c.o)
                0x00000000080010a8                __irq_tim4
 .text.rb_remove
                0x0000000008001118       0x24 /home/vladimir/Documentos/SOFTWARE/arduino/BluePill/Proyects/EEPROM/build/core/core.a(usart_f1.c.o)
 .text.rb_push_insert
                0x000000000800113c       0x52 /home/vladimir/Documentos/SOFTWARE/arduino/BluePill/Proyects/EEPROM/build/core/core.a(usart_f1.c.o)
 *fill*         0x000000000800118e        0x2 
 .text.__irq_usart1
                0x0000000008001190       0x54 /home/vladimir/Documentos/SOFTWARE/arduino/BluePill/Proyects/EEPROM/build/core/core.a(usart_f1.c.o)
                0x0000000008001190                __irq_usart1
 .text.__irq_usart2
                0x00000000080011e4       0x54 /home/vladimir/Documentos/SOFTWARE/arduino/BluePill/Proyects/EEPROM/build/core/core.a(usart_f1.c.o)
                0x00000000080011e4                __irq_usart2
 .text.__irq_usart3
                0x0000000008001238       0x54 /home/vladimir/Documentos/SOFTWARE/arduino/BluePill/Proyects/EEPROM/build/core/core.a(usart_f1.c.o)
                0x0000000008001238                __irq_usart3
 .text.throb    0x000000000800128c       0x4c /home/vladimir/Documentos/SOFTWARE/arduino/BluePill/Proyects/EEPROM/build/core/core.a(util.c.o)
                0x000000000800128c                throb
 .text.__error  0x00000000080012d8       0x14 /home/vladimir/Documentos/SOFTWARE/arduino/BluePill/Proyects/EEPROM/build/core/core.a(util.c.o)
                0x00000000080012d8                __error
 .text.usb_resume
                0x00000000080012ec       0xb4 /home/vladimir/Documentos/SOFTWARE/arduino/BluePill/Proyects/EEPROM/build/core/core.a(usb.c.o)
 .text.usb_init_usblib
                0x00000000080013a0       0x48 /home/vladimir/Documentos/SOFTWARE/arduino/BluePill/Proyects/EEPROM/build/core/core.a(usb.c.o)
                0x00000000080013a0                usb_init_usblib
 .text.__irq_usb_lp_can_rx0
                0x00000000080013e8      0x1c8 /home/vladimir/Documentos/SOFTWARE/arduino/BluePill/Proyects/EEPROM/build/core/core.a(usb.c.o)
                0x00000000080013e8                __irq_usb_lp_can_rx0
 .text.usb_set_ep_rx_stat
                0x00000000080015b0       0x22 /home/vladimir/Documentos/SOFTWARE/arduino/BluePill/Proyects/EEPROM/build/core/core.a(usb_cdcacm.c.o)
 *fill*         0x00000000080015d2        0x2 
 .text.vcomGetSetLineCoding
                0x00000000080015d4       0x18 /home/vladimir/Documentos/SOFTWARE/arduino/BluePill/Proyects/EEPROM/build/core/core.a(usb_cdcacm.c.o)
 .text.usbDataSetup
                0x00000000080015ec       0x54 /home/vladimir/Documentos/SOFTWARE/arduino/BluePill/Proyects/EEPROM/build/core/core.a(usb_cdcacm.c.o)
 .text.usbNoDataSetup
                0x0000000008001640       0x50 /home/vladimir/Documentos/SOFTWARE/arduino/BluePill/Proyects/EEPROM/build/core/core.a(usb_cdcacm.c.o)
 .text.usbGetInterfaceSetting
                0x0000000008001690       0x10 /home/vladimir/Documentos/SOFTWARE/arduino/BluePill/Proyects/EEPROM/build/core/core.a(usb_cdcacm.c.o)
 .text.usbSetConfiguration
                0x00000000080016a0       0x1c /home/vladimir/Documentos/SOFTWARE/arduino/BluePill/Proyects/EEPROM/build/core/core.a(usb_cdcacm.c.o)
 .text.usbSetDeviceAddress
                0x00000000080016bc       0x10 /home/vladimir/Documentos/SOFTWARE/arduino/BluePill/Proyects/EEPROM/build/core/core.a(usb_cdcacm.c.o)
 .text.usbGetStringDescriptor
                0x00000000080016cc       0x20 /home/vladimir/Documentos/SOFTWARE/arduino/BluePill/Proyects/EEPROM/build/core/core.a(usb_cdcacm.c.o)
 .text.usbGetConfigDescriptor
                0x00000000080016ec        0xc /home/vladimir/Documentos/SOFTWARE/arduino/BluePill/Proyects/EEPROM/build/core/core.a(usb_cdcacm.c.o)
 .text.usbGetDeviceDescriptor
                0x00000000080016f8        0xc /home/vladimir/Documentos/SOFTWARE/arduino/BluePill/Proyects/EEPROM/build/core/core.a(usb_cdcacm.c.o)
 .text.usbInit  0x0000000008001704       0x44 /home/vladimir/Documentos/SOFTWARE/arduino/BluePill/Proyects/EEPROM/build/core/core.a(usb_cdcacm.c.o)
 .text.vcomDataTxCb
                0x0000000008001748       0xa0 /home/vladimir/Documentos/SOFTWARE/arduino/BluePill/Proyects/EEPROM/build/core/core.a(usb_cdcacm.c.o)
 .text.usbReset
                0x00000000080017e8      0x160 /home/vladimir/Documentos/SOFTWARE/arduino/BluePill/Proyects/EEPROM/build/core/core.a(usb_cdcacm.c.o)
 .text.vcomDataRxCb
                0x0000000008001948       0x7c /home/vladimir/Documentos/SOFTWARE/arduino/BluePill/Proyects/EEPROM/build/core/core.a(usb_cdcacm.c.o)
 .text.usb_cdcacm_set_hooks
                0x00000000080019c4       0x1c /home/vladimir/Documentos/SOFTWARE/arduino/BluePill/Proyects/EEPROM/build/core/core.a(usb_cdcacm.c.o)
                0x00000000080019c4                usb_cdcacm_set_hooks
 .text.usb_cdcacm_enable
                0x00000000080019e0       0x38 /home/vladimir/Documentos/SOFTWARE/arduino/BluePill/Proyects/EEPROM/build/core/core.a(usb_cdcacm.c.o)
                0x00000000080019e0                usb_cdcacm_enable
 .text.usb_cdcacm_tx
                0x0000000008001a18       0x60 /home/vladimir/Documentos/SOFTWARE/arduino/BluePill/Proyects/EEPROM/build/core/core.a(usb_cdcacm.c.o)
                0x0000000008001a18                usb_cdcacm_tx
 .text.usb_cdcacm_data_available
                0x0000000008001a78       0x18 /home/vladimir/Documentos/SOFTWARE/arduino/BluePill/Proyects/EEPROM/build/core/core.a(usb_cdcacm.c.o)
                0x0000000008001a78                usb_cdcacm_data_available
 .text.usb_cdcacm_peek
                0x0000000008001a90       0x38 /home/vladimir/Documentos/SOFTWARE/arduino/BluePill/Proyects/EEPROM/build/core/core.a(usb_cdcacm.c.o)
                0x0000000008001a90                usb_cdcacm_peek
 .text.usb_cdcacm_rx
                0x0000000008001ac8       0x34 /home/vladimir/Documentos/SOFTWARE/arduino/BluePill/Proyects/EEPROM/build/core/core.a(usb_cdcacm.c.o)
                0x0000000008001ac8                usb_cdcacm_rx
 .text.usb_cdcacm_peek_ex
                0x0000000008001afc       0x40 /home/vladimir/Documentos/SOFTWARE/arduino/BluePill/Proyects/EEPROM/build/core/core.a(usb_cdcacm.c.o)
                0x0000000008001afc                usb_cdcacm_peek_ex
 .text.usb_cdcacm_get_dtr
                0x0000000008001b3c       0x10 /home/vladimir/Documentos/SOFTWARE/arduino/BluePill/Proyects/EEPROM/build/core/core.a(usb_cdcacm.c.o)
                0x0000000008001b3c                usb_cdcacm_get_dtr
 .text.usb_set_ep_rx_count
                0x0000000008001b4c       0x40 /home/vladimir/Documentos/SOFTWARE/arduino/BluePill/Proyects/EEPROM/build/core/core.a(usb_reg_map.c.o)
                0x0000000008001b4c                usb_set_ep_rx_count
 .text.Standard_GetConfiguration
                0x0000000008001b8c       0x24 /home/vladimir/Documentos/SOFTWARE/arduino/BluePill/Proyects/EEPROM/build/core/core.a(usb_core.c.o)
                0x0000000008001b8c                Standard_GetConfiguration
 .text.Standard_GetInterface
                0x0000000008001bb0       0x24 /home/vladimir/Documentos/SOFTWARE/arduino/BluePill/Proyects/EEPROM/build/core/core.a(usb_core.c.o)
                0x0000000008001bb0                Standard_GetInterface
 .text.Standard_GetStatus
                0x0000000008001bd4       0x90 /home/vladimir/Documentos/SOFTWARE/arduino/BluePill/Proyects/EEPROM/build/core/core.a(usb_core.c.o)
                0x0000000008001bd4                Standard_GetStatus
 .text.DataStageIn
                0x0000000008001c64       0xa8 /home/vladimir/Documentos/SOFTWARE/arduino/BluePill/Proyects/EEPROM/build/core/core.a(usb_core.c.o)
 .text.Standard_SetConfiguration
                0x0000000008001d0c       0x38 /home/vladimir/Documentos/SOFTWARE/arduino/BluePill/Proyects/EEPROM/build/core/core.a(usb_core.c.o)
                0x0000000008001d0c                Standard_SetConfiguration
 .text.Standard_SetInterface
                0x0000000008001d44       0x48 /home/vladimir/Documentos/SOFTWARE/arduino/BluePill/Proyects/EEPROM/build/core/core.a(usb_core.c.o)
                0x0000000008001d44                Standard_SetInterface
 .text.Standard_ClearFeature
                0x0000000008001d8c       0xd0 /home/vladimir/Documentos/SOFTWARE/arduino/BluePill/Proyects/EEPROM/build/core/core.a(usb_core.c.o)
                0x0000000008001d8c                Standard_ClearFeature
 .text.Standard_SetEndPointFeature
                0x0000000008001e5c       0x84 /home/vladimir/Documentos/SOFTWARE/arduino/BluePill/Proyects/EEPROM/build/core/core.a(usb_core.c.o)
                0x0000000008001e5c                Standard_SetEndPointFeature
 .text.Standard_SetDeviceFeature
                0x0000000008001ee0       0x24 /home/vladimir/Documentos/SOFTWARE/arduino/BluePill/Proyects/EEPROM/build/core/core.a(usb_core.c.o)
                0x0000000008001ee0                Standard_SetDeviceFeature
 .text.Standard_GetDescriptorData
                0x0000000008001f04       0x1c /home/vladimir/Documentos/SOFTWARE/arduino/BluePill/Proyects/EEPROM/build/core/core.a(usb_core.c.o)
                0x0000000008001f04                Standard_GetDescriptorData
 .text.Post0_Process
                0x0000000008001f20       0x40 /home/vladimir/Documentos/SOFTWARE/arduino/BluePill/Proyects/EEPROM/build/core/core.a(usb_core.c.o)
                0x0000000008001f20                Post0_Process
 .text.Setup0_Process
                0x0000000008001f60      0x2d0 /home/vladimir/Documentos/SOFTWARE/arduino/BluePill/Proyects/EEPROM/build/core/core.a(usb_core.c.o)
                0x0000000008001f60                Setup0_Process
 .text.Out0_Process
                0x0000000008002230       0xc8 /home/vladimir/Documentos/SOFTWARE/arduino/BluePill/Proyects/EEPROM/build/core/core.a(usb_core.c.o)
                0x0000000008002230                Out0_Process
 .text.SetDeviceAddress
                0x00000000080022f8       0x38 /home/vladimir/Documentos/SOFTWARE/arduino/BluePill/Proyects/EEPROM/build/core/core.a(usb_core.c.o)
                0x00000000080022f8                SetDeviceAddress
 .text.In0_Process
                0x0000000008002330       0x5c /home/vladimir/Documentos/SOFTWARE/arduino/BluePill/Proyects/EEPROM/build/core/core.a(usb_core.c.o)
                0x0000000008002330                In0_Process
 .text.NOP_Process
                0x000000000800238c        0x2 /home/vladimir/Documentos/SOFTWARE/arduino/BluePill/Proyects/EEPROM/build/core/core.a(usb_core.c.o)
                0x000000000800238c                NOP_Process
 .text.UserToPMABufferCopy
                0x000000000800238e       0x30 /home/vladimir/Documentos/SOFTWARE/arduino/BluePill/Proyects/EEPROM/build/core/core.a(usb_mem.c.o)
                0x000000000800238e                UserToPMABufferCopy
 .text.PMAToUserBufferCopy
                0x00000000080023be       0x24 /home/vladimir/Documentos/SOFTWARE/arduino/BluePill/Proyects/EEPROM/build/core/core.a(usb_mem.c.o)
                0x00000000080023be                PMAToUserBufferCopy
 .text.SetEPTxStatus
                0x00000000080023e2       0x2a /home/vladimir/Documentos/SOFTWARE/arduino/BluePill/Proyects/EEPROM/build/core/core.a(usb_regs.c.o)
                0x00000000080023e2                SetEPTxStatus
 .text.ClearDTOG_RX
                0x000000000800240c       0x20 /home/vladimir/Documentos/SOFTWARE/arduino/BluePill/Proyects/EEPROM/build/core/core.a(usb_regs.c.o)
                0x000000000800240c                ClearDTOG_RX
 .text.ClearDTOG_TX
                0x000000000800242c       0x20 /home/vladimir/Documentos/SOFTWARE/arduino/BluePill/Proyects/EEPROM/build/core/core.a(usb_regs.c.o)
                0x000000000800242c                ClearDTOG_TX
 .text.GetEPTxAddr
                0x000000000800244c       0x1c /home/vladimir/Documentos/SOFTWARE/arduino/BluePill/Proyects/EEPROM/build/core/core.a(usb_regs.c.o)
                0x000000000800244c                GetEPTxAddr
 .text.GetEPRxAddr
                0x0000000008002468       0x1c /home/vladimir/Documentos/SOFTWARE/arduino/BluePill/Proyects/EEPROM/build/core/core.a(usb_regs.c.o)
                0x0000000008002468                GetEPRxAddr
 .text.SetEPTxCount
                0x0000000008002484       0x1c /home/vladimir/Documentos/SOFTWARE/arduino/BluePill/Proyects/EEPROM/build/core/core.a(usb_regs.c.o)
                0x0000000008002484                SetEPTxCount
 .text.SetEPRxCount
                0x00000000080024a0       0x40 /home/vladimir/Documentos/SOFTWARE/arduino/BluePill/Proyects/EEPROM/build/core/core.a(usb_regs.c.o)
                0x00000000080024a0                SetEPRxCount
 .text.rb_full_count
                0x00000000080024e0       0x22 /home/vladimir/Documentos/SOFTWARE/arduino/BluePill/Proyects/EEPROM/build/core/core.a(HardwareSerial.cpp.o)
 .text._ZN14HardwareSerial4readEv
                0x0000000008002502       0x3a /home/vladimir/Documentos/SOFTWARE/arduino/BluePill/Proyects/EEPROM/build/core/core.a(HardwareSerial.cpp.o)
                0x0000000008002502                HardwareSerial::read()
 .text._ZN14HardwareSerial9availableEv
                0x000000000800253c        0xc /home/vladimir/Documentos/SOFTWARE/arduino/BluePill/Proyects/EEPROM/build/core/core.a(HardwareSerial.cpp.o)
                0x000000000800253c                HardwareSerial::available()
 .text._ZN14HardwareSerial4peekEv
                0x0000000008002548       0x22 /home/vladimir/Documentos/SOFTWARE/arduino/BluePill/Proyects/EEPROM/build/core/core.a(HardwareSerial.cpp.o)
                0x0000000008002548                HardwareSerial::peek()
 .text._ZN14HardwareSerial5flushEv
                0x000000000800256a       0x1a /home/vladimir/Documentos/SOFTWARE/arduino/BluePill/Proyects/EEPROM/build/core/core.a(HardwareSerial.cpp.o)
                0x000000000800256a                HardwareSerial::flush()
 .text._ZN14HardwareSerial5writeEh
                0x0000000008002584       0x1e /home/vladimir/Documentos/SOFTWARE/arduino/BluePill/Proyects/EEPROM/build/core/core.a(HardwareSerial.cpp.o)
                0x0000000008002584                HardwareSerial::write(unsigned char)
 *fill*         0x00000000080025a2        0x2 
 .text._ZN14HardwareSerialC2EP9usart_devhh
                0x00000000080025a4       0x1c /home/vladimir/Documentos/SOFTWARE/arduino/BluePill/Proyects/EEPROM/build/core/core.a(HardwareSerial.cpp.o)
                0x00000000080025a4                HardwareSerial::HardwareSerial(usart_dev*, unsigned char, unsigned char)
                0x00000000080025a4                HardwareSerial::HardwareSerial(usart_dev*, unsigned char, unsigned char)
 .text._ZN5Print5writeEPKvm
                0x00000000080025c0       0x20 /home/vladimir/Documentos/SOFTWARE/arduino/BluePill/Proyects/EEPROM/build/core/core.a(Print.cpp.o)
                0x00000000080025c0                Print::write(void const*, unsigned long)
 .text._ZN5Print5writeEPKc
                0x00000000080025e0       0x1e /home/vladimir/Documentos/SOFTWARE/arduino/BluePill/Proyects/EEPROM/build/core/core.a(Print.cpp.o)
                0x00000000080025e0                Print::write(char const*)
 .text.startup._Z7premainv
                0x00000000080025fe        0x4 /home/vladimir/Documentos/SOFTWARE/arduino/BluePill/Proyects/EEPROM/build/core/core.a(main.cpp.o)
                0x00000000080025fe                premain()
 .text.startup.main
                0x0000000008002602        0xc /home/vladimir/Documentos/SOFTWARE/arduino/BluePill/Proyects/EEPROM/build/core/core.a(main.cpp.o)
                0x0000000008002602                main
 .text._ZN9USBSerial9availableEv
                0x000000000800260e        0x4 /home/vladimir/Documentos/SOFTWARE/arduino/BluePill/Proyects/EEPROM/build/core/core.a(usb_serial.cpp.o)
                0x000000000800260e                USBSerial::available()
 .text._ZN9USBSerial4peekEv
                0x0000000008002612       0x1e /home/vladimir/Documentos/SOFTWARE/arduino/BluePill/Proyects/EEPROM/build/core/core.a(usb_serial.cpp.o)
                0x0000000008002612                USBSerial::peek()
 .text._ZN9USBSerial4readEv
                0x0000000008002630       0x1e /home/vladimir/Documentos/SOFTWARE/arduino/BluePill/Proyects/EEPROM/build/core/core.a(usb_serial.cpp.o)
                0x0000000008002630                USBSerial::read()
 *fill*         0x000000000800264e        0x2 
 .text._ZL14ifaceSetupHookjPv
                0x0000000008002650       0x38 /home/vladimir/Documentos/SOFTWARE/arduino/BluePill/Proyects/EEPROM/build/core/core.a(usb_serial.cpp.o)
 .text._ZL6rxHookjPv
                0x0000000008002688       0xa0 /home/vladimir/Documentos/SOFTWARE/arduino/BluePill/Proyects/EEPROM/build/core/core.a(usb_serial.cpp.o)
 .text._ZL10wait_resetv
                0x0000000008002728       0x10 /home/vladimir/Documentos/SOFTWARE/arduino/BluePill/Proyects/EEPROM/build/core/core.a(usb_serial.cpp.o)
 .text._ZN9USBSerialC2Ev
                0x0000000008002738       0x14 /home/vladimir/Documentos/SOFTWARE/arduino/BluePill/Proyects/EEPROM/build/core/core.a(usb_serial.cpp.o)
                0x0000000008002738                USBSerial::USBSerial()
                0x0000000008002738                USBSerial::USBSerial()
 .text._ZN9USBSerial5beginEv
                0x000000000800274c       0x34 /home/vladimir/Documentos/SOFTWARE/arduino/BluePill/Proyects/EEPROM/build/core/core.a(usb_serial.cpp.o)
                0x000000000800274c                USBSerial::begin()
 .text._ZN9USBSerial5writeEPKhm
                0x0000000008002780       0x4c /home/vladimir/Documentos/SOFTWARE/arduino/BluePill/Proyects/EEPROM/build/core/core.a(usb_serial.cpp.o)
                0x0000000008002780                USBSerial::write(unsigned char const*, unsigned long)
 .text._ZN9USBSerial5writeEh
                0x00000000080027cc       0x16 /home/vladimir/Documentos/SOFTWARE/arduino/BluePill/Proyects/EEPROM/build/core/core.a(usb_serial.cpp.o)
                0x00000000080027cc                USBSerial::write(unsigned char)
 .text._ZN9USBSerial5writeEPKc
                0x00000000080027e2       0x1a /home/vladimir/Documentos/SOFTWARE/arduino/BluePill/Proyects/EEPROM/build/core/core.a(usb_serial.cpp.o)
                0x00000000080027e2                USBSerial::write(char const*)
 .text._ZN9USBSerial4readEPhm
                0x00000000080027fc       0x1c /home/vladimir/Documentos/SOFTWARE/arduino/BluePill/Proyects/EEPROM/build/core/core.a(usb_serial.cpp.o)
                0x00000000080027fc                USBSerial::read(unsigned char*, unsigned long)
 .text._ZN9USBSerial5flushEv
                0x0000000008002818       0x1c /home/vladimir/Documentos/SOFTWARE/arduino/BluePill/Proyects/EEPROM/build/core/core.a(usb_serial.cpp.o)
                0x0000000008002818                USBSerial::flush()
 .text.startup._GLOBAL__sub_I__ZN9USBSerial9_hasBegunE
                0x0000000008002834        0xc /home/vladimir/Documentos/SOFTWARE/arduino/BluePill/Proyects/EEPROM/build/core/core.a(usb_serial.cpp.o)
 .text._ZL6microsv
                0x0000000008002840       0x34 /home/vladimir/Documentos/SOFTWARE/arduino/BluePill/Proyects/EEPROM/build/core/core.a(wirish_time.cpp.o)
 .text._Z5delaym
                0x0000000008002874       0x2a /home/vladimir/Documentos/SOFTWARE/arduino/BluePill/Proyects/EEPROM/build/core/core.a(wirish_time.cpp.o)
                0x0000000008002874                delay(unsigned long)
 .text.__empty  0x000000000800289e        0x2 /home/vladimir/Documentos/SOFTWARE/arduino/BluePill/Proyects/EEPROM/build/core/core.a(hooks.c.o)
                0x000000000800289e                yield
 .text.bkp_init
                0x00000000080028a0       0x18 /home/vladimir/Documentos/SOFTWARE/arduino/BluePill/Proyects/EEPROM/build/core/core.a(bkp_f1.c.o)
                0x00000000080028a0                bkp_init
 .text.bkp_enable_writes
                0x00000000080028b8        0xc /home/vladimir/Documentos/SOFTWARE/arduino/BluePill/Proyects/EEPROM/build/core/core.a(bkp_f1.c.o)
                0x00000000080028b8                bkp_enable_writes
 .text.bkp_disable_writes
                0x00000000080028c4        0xc /home/vladimir/Documentos/SOFTWARE/arduino/BluePill/Proyects/EEPROM/build/core/core.a(bkp_f1.c.o)
                0x00000000080028c4                bkp_disable_writes
 .text.bkp_write
                0x00000000080028d0       0x16 /home/vladimir/Documentos/SOFTWARE/arduino/BluePill/Proyects/EEPROM/build/core/core.a(bkp_f1.c.o)
                0x00000000080028d0                bkp_write
 .text.gpio_init
                0x00000000080028e6       0x14 /home/vladimir/Documentos/SOFTWARE/arduino/BluePill/Proyects/EEPROM/build/core/core.a(gpio.c.o)
                0x00000000080028e6                gpio_init
 .text.i2c_start_condition
                0x00000000080028fa       0x14 /home/vladimir/Documentos/SOFTWARE/arduino/BluePill/Proyects/EEPROM/build/core/core.a(i2c.c.o)
 .text.i2c_stop_condition
                0x000000000800290e       0x1c /home/vladimir/Documentos/SOFTWARE/arduino/BluePill/Proyects/EEPROM/build/core/core.a(i2c.c.o)
 *fill*         0x000000000800292a        0x2 
 .text._i2c_irq_handler
                0x000000000800292c      0x16c /home/vladimir/Documentos/SOFTWARE/arduino/BluePill/Proyects/EEPROM/build/core/core.a(i2c.c.o)
                0x000000000800292c                _i2c_irq_handler
 .text._i2c_irq_error_handler
                0x0000000008002a98       0x2a /home/vladimir/Documentos/SOFTWARE/arduino/BluePill/Proyects/EEPROM/build/core/core.a(i2c.c.o)
                0x0000000008002a98                _i2c_irq_error_handler
 .text.usart_tx
                0x0000000008002ac2       0x9c /home/vladimir/Documentos/SOFTWARE/arduino/BluePill/Proyects/EEPROM/build/core/core.a(usart.c.o)
                0x0000000008002ac2                usart_tx
 *fill*         0x0000000008002b5e        0x2 
 .text.exit     0x0000000008002b60       0x20 /home/vladimir/.arduino15/packages/arduino/tools/arm-none-eabi-gcc/4.8.3-2014q1/bin/../lib/gcc/arm-none-eabi/4.8.3/../../../../arm-none-eabi/lib/armv7-m/libc.a(lib_a-exit.o)
                0x0000000008002b60                exit
 .text.__libc_init_array
                0x0000000008002b80       0x50 /home/vladimir/.arduino15/packages/arduino/tools/arm-none-eabi-gcc/4.8.3-2014q1/bin/../lib/gcc/arm-none-eabi/4.8.3/../../../../arm-none-eabi/lib/armv7-m/libc.a(lib_a-init.o)
                0x0000000008002b80                __libc_init_array
 .text.strlen   0x0000000008002bd0       0x60 /home/vladimir/.arduino15/packages/arduino/tools/arm-none-eabi-gcc/4.8.3-2014q1/bin/../lib/gcc/arm-none-eabi/4.8.3/../../../../arm-none-eabi/lib/armv7-m/libc.a(lib_a-strlen.o)
                0x0000000008002bd0                strlen
 .text.startup.register_fini
                0x0000000008002c30       0x14 /home/vladimir/.arduino15/packages/arduino/tools/arm-none-eabi-gcc/4.8.3-2014q1/bin/../lib/gcc/arm-none-eabi/4.8.3/../../../../arm-none-eabi/lib/armv7-m/libc.a(lib_a-__call_atexit.o)
 .text.__call_exitprocs
                0x0000000008002c44       0xf0 /home/vladimir/.arduino15/packages/arduino/tools/arm-none-eabi-gcc/4.8.3-2014q1/bin/../lib/gcc/arm-none-eabi/4.8.3/../../../../arm-none-eabi/lib/armv7-m/libc.a(lib_a-__call_atexit.o)
                0x0000000008002c44                __call_exitprocs
 .text.atexit   0x0000000008002d34        0xc /home/vladimir/.arduino15/packages/arduino/tools/arm-none-eabi-gcc/4.8.3-2014q1/bin/../lib/gcc/arm-none-eabi/4.8.3/../../../../arm-none-eabi/lib/armv7-m/libc.a(lib_a-atexit.o)
                0x0000000008002d34                atexit
 .text.__libc_fini_array
                0x0000000008002d40       0x30 /home/vladimir/.arduino15/packages/arduino/tools/arm-none-eabi-gcc/4.8.3-2014q1/bin/../lib/gcc/arm-none-eabi/4.8.3/../../../../arm-none-eabi/lib/armv7-m/libc.a(lib_a-fini.o)
                0x0000000008002d40                __libc_fini_array
 .text.__register_exitproc
                0x0000000008002d70       0xa8 /home/vladimir/.arduino15/packages/arduino/tools/arm-none-eabi-gcc/4.8.3-2014q1/bin/../lib/gcc/arm-none-eabi/4.8.3/../../../../arm-none-eabi/lib/armv7-m/libc.a(lib_a-__atexit.o)
                0x0000000008002d70                __register_exitproc
 *(.plt)
 *(.gnu.warning)
 *(.glue_7t)
 .glue_7t       0x0000000000000000        0x0 linker stubs
 *(.glue_7)
 .glue_7        0x0000000000000000        0x0 linker stubs
 *(.vfp11_veneer)
 .vfp11_veneer  0x0000000000000000        0x0 linker stubs
 *(.ARM.extab* .gnu.linkonce.armextab.*)
 *(.gcc_except_table)
 *(.eh_frame_hdr)
 *(.eh_frame)
 .eh_frame      0x0000000008002e18        0x0 /home/vladimir/.arduino15/packages/arduino/tools/arm-none-eabi-gcc/4.8.3-2014q1/bin/../lib/gcc/arm-none-eabi/4.8.3/armv7-m/crtbegin.o
                0x0000000008002e18                . = ALIGN (0x4)
 *(.init)
 .init          0x0000000008002e18        0x4 /home/vladimir/.arduino15/packages/arduino/tools/arm-none-eabi-gcc/4.8.3-2014q1/bin/../lib/gcc/arm-none-eabi/4.8.3/armv7-m/crti.o
                0x0000000008002e18                _init
 .init          0x0000000008002e1c        0x8 /home/vladimir/.arduino15/packages/arduino/tools/arm-none-eabi-gcc/4.8.3-2014q1/bin/../lib/gcc/arm-none-eabi/4.8.3/armv7-m/crtn.o
                0x0000000008002e24                . = ALIGN (0x4)
                0x0000000008002e24                __preinit_array_start = .
 *(.preinit_array)
                0x0000000008002e24                __preinit_array_end = .
                0x0000000008002e24                . = ALIGN (0x4)
                0x0000000008002e24                __init_array_start = .
 *(SORT(.init_array.*))
 .init_array.00000
                0x0000000008002e24        0x4 /home/vladimir/.arduino15/packages/arduino/tools/arm-none-eabi-gcc/4.8.3-2014q1/bin/../lib/gcc/arm-none-eabi/4.8.3/../../../../arm-none-eabi/lib/armv7-m/libc.a(lib_a-__call_atexit.o)
 .init_array.00101
                0x0000000008002e28        0x4 /home/vladimir/Documentos/SOFTWARE/arduino/BluePill/Proyects/EEPROM/build/core/core.a(main.cpp.o)
 *(.init_array)
 .init_array    0x0000000008002e2c        0x4 /home/vladimir/.arduino15/packages/arduino/tools/arm-none-eabi-gcc/4.8.3-2014q1/bin/../lib/gcc/arm-none-eabi/4.8.3/armv7-m/crtbegin.o
 .init_array    0x0000000008002e30        0x4 /home/vladimir/Documentos/SOFTWARE/arduino/BluePill/Proyects/EEPROM/build/libraries/EEPROM/EEPROM.cpp.o
 .init_array    0x0000000008002e34        0x4 /home/vladimir/Documentos/SOFTWARE/arduino/BluePill/Proyects/EEPROM/build/core/board.cpp.o
 .init_array    0x0000000008002e38        0x4 /home/vladimir/Documentos/SOFTWARE/arduino/BluePill/Proyects/EEPROM/build/core/core.a(usb_serial.cpp.o)
                0x0000000008002e3c                __init_array_end = .
                0x0000000008002e3c                . = ALIGN (0x4)
 *crtbegin.o(.ctors)
 *(EXCLUDE_FILE(*crtend.o) .ctors)
 *(SORT(.ctors.*))
 *crtend.o(.ctors)
                0x0000000008002e3c                . = ALIGN (0x4)
 *(.fini)
 .fini          0x0000000008002e3c        0x4 /home/vladimir/.arduino15/packages/arduino/tools/arm-none-eabi-gcc/4.8.3-2014q1/bin/../lib/gcc/arm-none-eabi/4.8.3/armv7-m/crti.o
                0x0000000008002e3c                _fini
 .fini          0x0000000008002e40        0x8 /home/vladimir/.arduino15/packages/arduino/tools/arm-none-eabi-gcc/4.8.3-2014q1/bin/../lib/gcc/arm-none-eabi/4.8.3/armv7-m/crtn.o
                0x0000000008002e48                . = ALIGN (0x4)
                0x0000000008002e48                __fini_array_start = .
 *(.fini_array)
 .fini_array    0x0000000008002e48        0x4 /home/vladimir/.arduino15/packages/arduino/tools/arm-none-eabi-gcc/4.8.3-2014q1/bin/../lib/gcc/arm-none-eabi/4.8.3/armv7-m/crtbegin.o
 *(SORT(.fini_array.*))
                0x0000000008002e4c                __fini_array_end = .
 *crtbegin.o(.dtors)
 *(EXCLUDE_FILE(*crtend.o) .dtors)
 *(SORT(.dtors.*))
 *crtend.o(.dtors)

.v4_bx          0x0000000008002e4c        0x0
 .v4_bx         0x0000000000000000        0x0 linker stubs

.iplt           0x0000000008002e4c        0x0
 .iplt          0x0000000000000000        0x0 /home/vladimir/.arduino15/packages/arduino/tools/arm-none-eabi-gcc/4.8.3-2014q1/bin/../lib/gcc/arm-none-eabi/4.8.3/armv7-m/crtbegin.o

.text.align     0x0000000008002e4c        0x4
                0x0000000008002e50                . = ALIGN (0x8)
 *fill*         0x0000000008002e4c        0x4 
                0x0000000008002e50                __text_end__ = .
                0x0000000008002e50                __exidx_start = .

.ARM.exidx      0x0000000008002e50        0x8
 *(.ARM.exidx* .gnu.linkonce.armexidx.*)
 .ARM.exidx     0x0000000008002e50        0x8 /home/vladimir/Documentos/SOFTWARE/arduino/BluePill/Proyects/EEPROM/build/core/wirish/start.S.o
                0x0000000008002e58                __exidx_end = .

.data           0x0000000020000000      0x868 load address 0x0000000008002e58
                0x0000000020000000                __data_start__ = .
                0x0000000020000000        0x4 LONG 0x0
                0x0000000020000008                . = ALIGN (0x8)
 *fill*         0x0000000020000004        0x4 
 *(.got.plt)
 *(.got)
 *(.data .data.* .gnu.linkonce.d.*)
 .data._ZN6wirish4privL8pll_dataE
                0x0000000020000008        0x4 /home/vladimir/Documentos/SOFTWARE/arduino/BluePill/Proyects/EEPROM/build/core/wirish/boards_setup.cpp.o
 .data._ZN6wirish4priv9w_adc_smpE
                0x000000002000000c        0x1 /home/vladimir/Documentos/SOFTWARE/arduino/BluePill/Proyects/EEPROM/build/core/wirish/boards_setup.cpp.o
                0x000000002000000c                wirish::priv::w_adc_smp
 *fill*         0x000000002000000d        0x1 
 .data._ZN6wirish4priv9w_adc_preE
                0x000000002000000e        0x2 /home/vladimir/Documentos/SOFTWARE/arduino/BluePill/Proyects/EEPROM/build/core/wirish/boards_setup.cpp.o
                0x000000002000000e                wirish::priv::w_adc_pre
 .data._ZN6wirish4priv15w_board_pll_cfgE
                0x0000000020000010        0x8 /home/vladimir/Documentos/SOFTWARE/arduino/BluePill/Proyects/EEPROM/build/core/wirish/boards_setup.cpp.o
                0x0000000020000010                wirish::priv::w_board_pll_cfg
 .data.adc2     0x0000000020000018        0x8 /home/vladimir/Documentos/SOFTWARE/arduino/BluePill/Proyects/EEPROM/build/core/core.a(adc_f1.c.o)
                0x0000000020000018                adc2
 .data.adc1     0x0000000020000020       0x18 /home/vladimir/Documentos/SOFTWARE/arduino/BluePill/Proyects/EEPROM/build/core/core.a(adc_f1.c.o)
                0x0000000020000020                adc1
 .data.ADC2     0x0000000020000038        0x4 /home/vladimir/Documentos/SOFTWARE/arduino/BluePill/Proyects/EEPROM/build/core/core.a(adc_f1.c.o)
                0x0000000020000038                ADC2
 .data.ADC1     0x000000002000003c        0x4 /home/vladimir/Documentos/SOFTWARE/arduino/BluePill/Proyects/EEPROM/build/core/core.a(adc_f1.c.o)
                0x000000002000003c                ADC1
 .data.dma1     0x0000000020000040       0x40 /home/vladimir/Documentos/SOFTWARE/arduino/BluePill/Proyects/EEPROM/build/core/core.a(dma_f1.c.o)
 .data.DMA1     0x0000000020000080        0x4 /home/vladimir/Documentos/SOFTWARE/arduino/BluePill/Proyects/EEPROM/build/core/core.a(dma_f1.c.o)
                0x0000000020000080                DMA1
 .data.gpioa    0x0000000020000084        0x8 /home/vladimir/Documentos/SOFTWARE/arduino/BluePill/Proyects/EEPROM/build/core/core.a(gpio_f1.c.o)
                0x0000000020000084                gpioa
 .data.gpiob    0x000000002000008c        0x8 /home/vladimir/Documentos/SOFTWARE/arduino/BluePill/Proyects/EEPROM/build/core/core.a(gpio_f1.c.o)
                0x000000002000008c                gpiob
 .data.gpioc    0x0000000020000094        0x8 /home/vladimir/Documentos/SOFTWARE/arduino/BluePill/Proyects/EEPROM/build/core/core.a(gpio_f1.c.o)
                0x0000000020000094                gpioc
 .data.gpiod    0x000000002000009c        0x8 /home/vladimir/Documentos/SOFTWARE/arduino/BluePill/Proyects/EEPROM/build/core/core.a(gpio_f1.c.o)
                0x000000002000009c                gpiod
 .data.i2c1     0x00000000200000a4       0x24 /home/vladimir/Documentos/SOFTWARE/arduino/BluePill/Proyects/EEPROM/build/core/core.a(i2c_f1.c.o)
 .data.i2c2     0x00000000200000c8       0x24 /home/vladimir/Documentos/SOFTWARE/arduino/BluePill/Proyects/EEPROM/build/core/core.a(i2c_f1.c.o)
 .data.enable_regs.4411
                0x00000000200000ec        0xc /home/vladimir/Documentos/SOFTWARE/arduino/BluePill/Proyects/EEPROM/build/core/core.a(rcc_f1.c.o)
 .data.reset_regs.4415
                0x00000000200000f8        0x8 /home/vladimir/Documentos/SOFTWARE/arduino/BluePill/Proyects/EEPROM/build/core/core.a(rcc_f1.c.o)
 .data.enable_regs.4424
                0x0000000020000100        0xc /home/vladimir/Documentos/SOFTWARE/arduino/BluePill/Proyects/EEPROM/build/core/core.a(rcc_f1.c.o)
 .data.timer3   0x000000002000010c       0x24 /home/vladimir/Documentos/SOFTWARE/arduino/BluePill/Proyects/EEPROM/build/core/core.a(timer.c.o)
                0x000000002000010c                timer3
 .data.timer4   0x0000000020000130       0x24 /home/vladimir/Documentos/SOFTWARE/arduino/BluePill/Proyects/EEPROM/build/core/core.a(timer.c.o)
                0x0000000020000130                timer4
 .data.timer1   0x0000000020000154       0x28 /home/vladimir/Documentos/SOFTWARE/arduino/BluePill/Proyects/EEPROM/build/core/core.a(timer.c.o)
                0x0000000020000154                timer1
 .data.timer2   0x000000002000017c       0x24 /home/vladimir/Documentos/SOFTWARE/arduino/BluePill/Proyects/EEPROM/build/core/core.a(timer.c.o)
                0x000000002000017c                timer2
 .data.USART1   0x00000000200001a0        0x4 /home/vladimir/Documentos/SOFTWARE/arduino/BluePill/Proyects/EEPROM/build/core/core.a(usart_f1.c.o)
                0x00000000200001a0                USART1
 .data.USART2   0x00000000200001a4        0x4 /home/vladimir/Documentos/SOFTWARE/arduino/BluePill/Proyects/EEPROM/build/core/core.a(usart_f1.c.o)
                0x00000000200001a4                USART2
 .data.USART3   0x00000000200001a8        0x4 /home/vladimir/Documentos/SOFTWARE/arduino/BluePill/Proyects/EEPROM/build/core/core.a(usart_f1.c.o)
                0x00000000200001a8                USART3
 .data.usart1   0x00000000200001ac       0x94 /home/vladimir/Documentos/SOFTWARE/arduino/BluePill/Proyects/EEPROM/build/core/core.a(usart_f1.c.o)
 .data.usart2   0x0000000020000240       0x94 /home/vladimir/Documentos/SOFTWARE/arduino/BluePill/Proyects/EEPROM/build/core/core.a(usart_f1.c.o)
 .data.usart3   0x00000000200002d4       0x94 /home/vladimir/Documentos/SOFTWARE/arduino/BluePill/Proyects/EEPROM/build/core/core.a(usart_f1.c.o)
 .data.USBLIB   0x0000000020000368        0x4 /home/vladimir/Documentos/SOFTWARE/arduino/BluePill/Proyects/EEPROM/build/core/core.a(usb.c.o)
                0x0000000020000368                USBLIB
 .data.usblib   0x000000002000036c       0x10 /home/vladimir/Documentos/SOFTWARE/arduino/BluePill/Proyects/EEPROM/build/core/core.a(usb.c.o)
 .data.Config_Descriptor
                0x000000002000037c        0x8 /home/vladimir/Documentos/SOFTWARE/arduino/BluePill/Proyects/EEPROM/build/core/core.a(usb_cdcacm.c.o)
 .data.Device_Property
                0x0000000020000384       0x30 /home/vladimir/Documentos/SOFTWARE/arduino/BluePill/Proyects/EEPROM/build/core/core.a(usb_cdcacm.c.o)
                0x0000000020000384                Device_Property
 .data.ep_int_in
                0x00000000200003b4       0x1c /home/vladimir/Documentos/SOFTWARE/arduino/BluePill/Proyects/EEPROM/build/core/core.a(usb_cdcacm.c.o)
 .data.String_Descriptor
                0x00000000200003d0       0x18 /home/vladimir/Documentos/SOFTWARE/arduino/BluePill/Proyects/EEPROM/build/core/core.a(usb_cdcacm.c.o)
 .data.ep_int_out
                0x00000000200003e8       0x1c /home/vladimir/Documentos/SOFTWARE/arduino/BluePill/Proyects/EEPROM/build/core/core.a(usb_cdcacm.c.o)
 .data.line_coding
                0x0000000020000404        0x7 /home/vladimir/Documentos/SOFTWARE/arduino/BluePill/Proyects/EEPROM/build/core/core.a(usb_cdcacm.c.o)
 *fill*         0x000000002000040b        0x1 
 .data.User_Standard_Requests
                0x000000002000040c       0x24 /home/vladimir/Documentos/SOFTWARE/arduino/BluePill/Proyects/EEPROM/build/core/core.a(usb_cdcacm.c.o)
                0x000000002000040c                User_Standard_Requests
 .data.Device_Descriptor
                0x0000000020000430        0x8 /home/vladimir/Documentos/SOFTWARE/arduino/BluePill/Proyects/EEPROM/build/core/core.a(usb_cdcacm.c.o)
 .data.Device_Table
                0x0000000020000438        0x2 /home/vladimir/Documentos/SOFTWARE/arduino/BluePill/Proyects/EEPROM/build/core/core.a(usb_cdcacm.c.o)
                0x0000000020000438                Device_Table
 *fill*         0x000000002000043a        0x6 
 .data.impure_data
                0x0000000020000440      0x428 /home/vladimir/.arduino15/packages/arduino/tools/arm-none-eabi-gcc/4.8.3-2014q1/bin/../lib/gcc/arm-none-eabi/4.8.3/../../../../arm-none-eabi/lib/armv7-m/libc.a(lib_a-impure.o)
                0x0000000020000868                . = ALIGN (0x8)
                0x0000000020000868                __data_end__ = .

.jcr            0x0000000020000868        0x0 load address 0x00000000080036c0
 .jcr           0x0000000020000868        0x0 /home/vladimir/.arduino15/packages/arduino/tools/arm-none-eabi-gcc/4.8.3-2014q1/bin/../lib/gcc/arm-none-eabi/4.8.3/armv7-m/crtbegin.o

.igot.plt       0x0000000020000868        0x0 load address 0x00000000080036c0
 .igot.plt      0x0000000000000000        0x0 /home/vladimir/.arduino15/packages/arduino/tools/arm-none-eabi-gcc/4.8.3-2014q1/bin/../lib/gcc/arm-none-eabi/4.8.3/armv7-m/crtbegin.o

.rodata         0x00000000080036c0      0x37c
 *(.rodata .rodata.* .gnu.linkonce.r.*)
 .rodata.PIN_MAP
                0x00000000080036c0      0x230 /home/vladimir/Documentos/SOFTWARE/arduino/BluePill/Proyects/EEPROM/build/core/board.cpp.o
                0x00000000080036c0                PIN_MAP
 .rodata.GPIOC  0x00000000080038f0        0x4 /home/vladimir/Documentos/SOFTWARE/arduino/BluePill/Proyects/EEPROM/build/core/core.a(gpio_f1.c.o)
                0x00000000080038f0                GPIOC
 .rodata.rcc_dev_table
                0x00000000080038f4       0x5c /home/vladimir/Documentos/SOFTWARE/arduino/BluePill/Proyects/EEPROM/build/core/core.a(rcc_f1.c.o)
                0x00000000080038f4                rcc_dev_table
 .rodata.masks.4420
                0x0000000008003950       0x14 /home/vladimir/Documentos/SOFTWARE/arduino/BluePill/Proyects/EEPROM/build/core/core.a(rcc_f1.c.o)
 .rodata.usbVcomDescriptor_iProduct
                0x0000000008003964        0xc /home/vladimir/Documentos/SOFTWARE/arduino/BluePill/Proyects/EEPROM/build/core/core.a(usb_cdcacm.c.o)
 .rodata.usbVcomDescriptor_iManufacturer
                0x0000000008003970       0x12 /home/vladimir/Documentos/SOFTWARE/arduino/BluePill/Proyects/EEPROM/build/core/core.a(usb_cdcacm.c.o)
 .rodata.usbVcomDescriptor_Device
                0x0000000008003982       0x12 /home/vladimir/Documentos/SOFTWARE/arduino/BluePill/Proyects/EEPROM/build/core/core.a(usb_cdcacm.c.o)
 .rodata.usbVcomDescriptor_Config
                0x0000000008003994       0x43 /home/vladimir/Documentos/SOFTWARE/arduino/BluePill/Proyects/EEPROM/build/core/core.a(usb_cdcacm.c.o)
 .rodata.usbVcomDescriptor_LangID
                0x00000000080039d7        0x4 /home/vladimir/Documentos/SOFTWARE/arduino/BluePill/Proyects/EEPROM/build/core/core.a(usb_cdcacm.c.o)
 *fill*         0x00000000080039db        0x5 
 .rodata._ZTV14HardwareSerial
                0x00000000080039e0       0x28 /home/vladimir/Documentos/SOFTWARE/arduino/BluePill/Proyects/EEPROM/build/core/core.a(HardwareSerial.cpp.o)
                0x00000000080039e0                vtable for HardwareSerial
 .rodata._ZTV9USBSerial
                0x0000000008003a08       0x28 /home/vladimir/Documentos/SOFTWARE/arduino/BluePill/Proyects/EEPROM/build/core/core.a(usb_serial.cpp.o)
                0x0000000008003a08                vtable for USBSerial
 .rodata.str1.4
                0x0000000008003a30        0x4 /home/vladimir/.arduino15/packages/arduino/tools/arm-none-eabi-gcc/4.8.3-2014q1/bin/../lib/gcc/arm-none-eabi/4.8.3/../../../../arm-none-eabi/lib/armv7-m/libc.a(lib_a-impure.o)
 .rodata._global_impure_ptr
                0x0000000008003a34        0x4 /home/vladimir/.arduino15/packages/arduino/tools/arm-none-eabi-gcc/4.8.3-2014q1/bin/../lib/gcc/arm-none-eabi/4.8.3/../../../../arm-none-eabi/lib/armv7-m/libc.a(lib_a-impure.o)
                0x0000000008003a34                _global_impure_ptr
 *(.USER_FLASH)
                0x0000000008003a38                . = ALIGN (0x4)
                0x0000000008003a38                _lm_rom_img_cfgp = .
                0x0000000008003a38        0x4 LONG 0x8002e58 LOADADDR (.data)
                0x0000000020000c28                _lm_heap_start = DEFINED (_lm_heap_start)?_lm_heap_start:_end
                0x0000000020005000                _lm_heap_end = DEFINED (_lm_heap_end)?_lm_heap_end:__msp_init

.rel.dyn        0x0000000008003a3c        0x0
 .rel.iplt      0x0000000000000000        0x0 /home/vladimir/.arduino15/packages/arduino/tools/arm-none-eabi-gcc/4.8.3-2014q1/bin/../lib/gcc/arm-none-eabi/4.8.3/armv7-m/crtbegin.o

.bss            0x0000000020000868      0x3c0
                0x0000000020000868                . = ALIGN (0x8)
                0x0000000020000868                __bss_start__ = .
 *(.bss .bss.* .gnu.linkonce.b.*)
 .bss           0x0000000020000868       0x1c /home/vladimir/.arduino15/packages/arduino/tools/arm-none-eabi-gcc/4.8.3-2014q1/bin/../lib/gcc/arm-none-eabi/4.8.3/armv7-m/crtbegin.o
 .bss.AddressWrite
                0x0000000020000884        0x2 /home/vladimir/Documentos/SOFTWARE/arduino/BluePill/Proyects/EEPROM/build/sketch/testEEPROM.ino.cpp.o
                0x0000000020000884                AddressWrite
 *fill*         0x0000000020000886        0x2 
 .bss.EEPROM    0x0000000020000888       0x10 /home/vladimir/Documentos/SOFTWARE/arduino/BluePill/Proyects/EEPROM/build/libraries/EEPROM/EEPROM.cpp.o
                0x0000000020000888                EEPROM
 .bss.Serial1   0x0000000020000898       0x18 /home/vladimir/Documentos/SOFTWARE/arduino/BluePill/Proyects/EEPROM/build/core/board.cpp.o
                0x0000000020000898                Serial1
 .bss.Serial2   0x00000000200008b0       0x18 /home/vladimir/Documentos/SOFTWARE/arduino/BluePill/Proyects/EEPROM/build/core/board.cpp.o
                0x00000000200008b0                Serial2
 .bss.Serial3   0x00000000200008c8       0x18 /home/vladimir/Documentos/SOFTWARE/arduino/BluePill/Proyects/EEPROM/build/core/board.cpp.o
                0x00000000200008c8                Serial3
 .bss.exti_channels
                0x00000000200008e0       0x80 /home/vladimir/Documentos/SOFTWARE/arduino/BluePill/Proyects/EEPROM/build/core/core.a(exti.c.o)
 .bss.systick_user_callback
                0x0000000020000960        0x4 /home/vladimir/Documentos/SOFTWARE/arduino/BluePill/Proyects/EEPROM/build/core/core.a(systick.c.o)
 .bss.usart1_wb
                0x0000000020000964        0xc /home/vladimir/Documentos/SOFTWARE/arduino/BluePill/Proyects/EEPROM/build/core/core.a(usart_f1.c.o)
 .bss.usart1_rb
                0x0000000020000970        0xc /home/vladimir/Documentos/SOFTWARE/arduino/BluePill/Proyects/EEPROM/build/core/core.a(usart_f1.c.o)
 .bss.usart2_rb
                0x000000002000097c        0xc /home/vladimir/Documentos/SOFTWARE/arduino/BluePill/Proyects/EEPROM/build/core/core.a(usart_f1.c.o)
 .bss.usart3_rb
                0x0000000020000988        0xc /home/vladimir/Documentos/SOFTWARE/arduino/BluePill/Proyects/EEPROM/build/core/core.a(usart_f1.c.o)
 .bss.usart2_wb
                0x0000000020000994        0xc /home/vladimir/Documentos/SOFTWARE/arduino/BluePill/Proyects/EEPROM/build/core/core.a(usart_f1.c.o)
 .bss.usart3_wb
                0x00000000200009a0        0xc /home/vladimir/Documentos/SOFTWARE/arduino/BluePill/Proyects/EEPROM/build/core/core.a(usart_f1.c.o)
 .bss.line_dtr_rts
                0x00000000200009ac        0x1 /home/vladimir/Documentos/SOFTWARE/arduino/BluePill/Proyects/EEPROM/build/core/core.a(usb_cdcacm.c.o)
 .bss.vcomBufferTx
                0x00000000200009ad      0x100 /home/vladimir/Documentos/SOFTWARE/arduino/BluePill/Proyects/EEPROM/build/core/core.a(usb_cdcacm.c.o)
 *fill*         0x0000000020000aad        0x3 
 .bss.tx_head   0x0000000020000ab0        0x4 /home/vladimir/Documentos/SOFTWARE/arduino/BluePill/Proyects/EEPROM/build/core/core.a(usb_cdcacm.c.o)
 .bss.rx_hook   0x0000000020000ab4        0x4 /home/vladimir/Documentos/SOFTWARE/arduino/BluePill/Proyects/EEPROM/build/core/core.a(usb_cdcacm.c.o)
 .bss.vcomBufferRx
                0x0000000020000ab8      0x100 /home/vladimir/Documentos/SOFTWARE/arduino/BluePill/Proyects/EEPROM/build/core/core.a(usb_cdcacm.c.o)
 .bss.transmitting
                0x0000000020000bb8        0x1 /home/vladimir/Documentos/SOFTWARE/arduino/BluePill/Proyects/EEPROM/build/core/core.a(usb_cdcacm.c.o)
 *fill*         0x0000000020000bb9        0x3 
 .bss.rx_tail   0x0000000020000bbc        0x4 /home/vladimir/Documentos/SOFTWARE/arduino/BluePill/Proyects/EEPROM/build/core/core.a(usb_cdcacm.c.o)
 .bss.iface_setup_hook
                0x0000000020000bc0        0x4 /home/vladimir/Documentos/SOFTWARE/arduino/BluePill/Proyects/EEPROM/build/core/core.a(usb_cdcacm.c.o)
 .bss.rx_head   0x0000000020000bc4        0x4 /home/vladimir/Documentos/SOFTWARE/arduino/BluePill/Proyects/EEPROM/build/core/core.a(usb_cdcacm.c.o)
 .bss.tx_tail   0x0000000020000bc8        0x4 /home/vladimir/Documentos/SOFTWARE/arduino/BluePill/Proyects/EEPROM/build/core/core.a(usb_cdcacm.c.o)
 .bss.Data_Mul_MaxPacketSize
                0x0000000020000bcc        0x1 /home/vladimir/Documentos/SOFTWARE/arduino/BluePill/Proyects/EEPROM/build/core/core.a(usb_core.c.o)
                0x0000000020000bcc                Data_Mul_MaxPacketSize
 .bss._ZN9USBSerial9_hasBegunE
                0x0000000020000bcd        0x1 /home/vladimir/Documentos/SOFTWARE/arduino/BluePill/Proyects/EEPROM/build/core/core.a(usb_serial.cpp.o)
                0x0000000020000bcd                USBSerial::_hasBegun
 *fill*         0x0000000020000bce        0x2 
 .bss.Serial    0x0000000020000bd0       0x10 /home/vladimir/Documentos/SOFTWARE/arduino/BluePill/Proyects/EEPROM/build/core/core.a(usb_serial.cpp.o)
                0x0000000020000bd0                Serial
 .bss._ZL11reset_state
                0x0000000020000be0        0x1 /home/vladimir/Documentos/SOFTWARE/arduino/BluePill/Proyects/EEPROM/build/core/core.a(usb_serial.cpp.o)
 .bss._ZN9USBSerial11_isBlockingE
                0x0000000020000be1        0x1 /home/vladimir/Documentos/SOFTWARE/arduino/BluePill/Proyects/EEPROM/build/core/core.a(usb_serial.cpp.o)
                0x0000000020000be1                USBSerial::_isBlocking
 *(COMMON)
 *fill*         0x0000000020000be2        0x2 
 COMMON         0x0000000020000be4        0x4 /home/vladimir/Documentos/SOFTWARE/arduino/BluePill/Proyects/EEPROM/build/core/core.a(systick.c.o)
                0x0000000020000be4                systick_uptime_millis
 COMMON         0x0000000020000be8        0x6 /home/vladimir/Documentos/SOFTWARE/arduino/BluePill/Proyects/EEPROM/build/core/core.a(usb.c.o)
                0x0000000020000be8                SaveRState
                0x0000000020000bea                SaveTState
                0x0000000020000bec                ResumeS
 COMMON         0x0000000020000bee        0x2 /home/vladimir/Documentos/SOFTWARE/arduino/BluePill/Proyects/EEPROM/build/core/core.a(usb_core.c.o)
                0x0000000020000bee                StatusInfo
 COMMON         0x0000000020000bf0       0x32 /home/vladimir/Documentos/SOFTWARE/arduino/BluePill/Proyects/EEPROM/build/core/core.a(usb_init.c.o)
                0x0000000020000bf0                SaveState
                0x0000000020000bf4                pProperty
                0x0000000020000bf8                EPindex
                0x0000000020000bfc                Device_Info
                0x0000000020000c18                pUser_Standard_Requests
                0x0000000020000c1c                pInformation
                0x0000000020000c20                wInterrupt_Mask
                0x0000000020000c28                . = ALIGN (0x8)
 *fill*         0x0000000020000c22        0x6 
                0x0000000020000c28                __bss_end__ = .
                0x0000000020000c28                _end = __bss_end__

.stab
 *(.stab)

.stabstr
 *(.stabstr)

.debug
 *(.debug)

.line
 *(.line)

.debug_srcinfo
 *(.debug_srcinfo)

.debug_sfnames
 *(.debug_sfnames)

.debug_aranges  0x0000000000000000     0x1038
 *(.debug_aranges)
 .debug_aranges
                0x0000000000000000       0x28 /home/vladimir/Documentos/SOFTWARE/arduino/BluePill/Proyects/EEPROM/build/sketch/testEEPROM.ino.cpp.o
 .debug_aranges
                0x0000000000000028       0x48 /home/vladimir/Documentos/SOFTWARE/arduino/BluePill/Proyects/EEPROM/build/libraries/EEPROM/flash_stm32.c.o
 .debug_aranges
                0x0000000000000070       0xb0 /home/vladimir/Documentos/SOFTWARE/arduino/BluePill/Proyects/EEPROM/build/libraries/EEPROM/EEPROM.cpp.o
 .debug_aranges
                0x0000000000000120       0x20 /home/vladimir/Documentos/SOFTWARE/arduino/BluePill/Proyects/EEPROM/build/core/wirish/start.S.o
 .debug_aranges
                0x0000000000000140       0x20 /home/vladimir/Documentos/SOFTWARE/arduino/BluePill/Proyects/EEPROM/build/core/wirish/start_c.c.o
 .debug_aranges
                0x0000000000000160       0x88 /home/vladimir/Documentos/SOFTWARE/arduino/BluePill/Proyects/EEPROM/build/core/wirish/syscalls.c.o
 .debug_aranges
                0x00000000000001e8       0x28 /home/vladimir/Documentos/SOFTWARE/arduino/BluePill/Proyects/EEPROM/build/core/board.cpp.o
 .debug_aranges
                0x0000000000000210       0x40 /home/vladimir/Documentos/SOFTWARE/arduino/BluePill/Proyects/EEPROM/build/core/wirish/boards.cpp.o
 .debug_aranges
                0x0000000000000250       0x40 /home/vladimir/Documentos/SOFTWARE/arduino/BluePill/Proyects/EEPROM/build/core/wirish/boards_setup.cpp.o
 .debug_aranges
                0x0000000000000290       0x20 /home/vladimir/Documentos/SOFTWARE/arduino/BluePill/Proyects/EEPROM/build/core/core.a(exc.S.o)
 .debug_aranges
                0x00000000000002b0       0x20 /home/vladimir/Documentos/SOFTWARE/arduino/BluePill/Proyects/EEPROM/build/core/core.a(isrs.S.o)
 .debug_aranges
                0x00000000000002d0       0x38 /home/vladimir/Documentos/SOFTWARE/arduino/BluePill/Proyects/EEPROM/build/core/core.a(adc.c.o)
 .debug_aranges
                0x0000000000000308       0x58 /home/vladimir/Documentos/SOFTWARE/arduino/BluePill/Proyects/EEPROM/build/core/core.a(adc_f1.c.o)
 .debug_aranges
                0x0000000000000360       0xa8 /home/vladimir/Documentos/SOFTWARE/arduino/BluePill/Proyects/EEPROM/build/core/core.a(dma_f1.c.o)
 .debug_aranges
                0x0000000000000408       0x70 /home/vladimir/Documentos/SOFTWARE/arduino/BluePill/Proyects/EEPROM/build/core/core.a(exti.c.o)
 .debug_aranges
                0x0000000000000478       0x20 /home/vladimir/Documentos/SOFTWARE/arduino/BluePill/Proyects/EEPROM/build/core/core.a(exti_f1.c.o)
 .debug_aranges
                0x0000000000000498       0x20 /home/vladimir/Documentos/SOFTWARE/arduino/BluePill/Proyects/EEPROM/build/core/core.a(flash.c.o)
 .debug_aranges
                0x00000000000004b8       0x40 /home/vladimir/Documentos/SOFTWARE/arduino/BluePill/Proyects/EEPROM/build/core/core.a(gpio_f1.c.o)
 .debug_aranges
                0x00000000000004f8       0x50 /home/vladimir/Documentos/SOFTWARE/arduino/BluePill/Proyects/EEPROM/build/core/core.a(i2c_f1.c.o)
 .debug_aranges
                0x0000000000000548       0x38 /home/vladimir/Documentos/SOFTWARE/arduino/BluePill/Proyects/EEPROM/build/core/core.a(nvic.c.o)
 .debug_aranges
                0x0000000000000580       0x48 /home/vladimir/Documentos/SOFTWARE/arduino/BluePill/Proyects/EEPROM/build/core/core.a(rcc.c.o)
 .debug_aranges
                0x00000000000005c8       0x48 /home/vladimir/Documentos/SOFTWARE/arduino/BluePill/Proyects/EEPROM/build/core/core.a(rcc_f1.c.o)
 .debug_aranges
                0x0000000000000610       0x40 /home/vladimir/Documentos/SOFTWARE/arduino/BluePill/Proyects/EEPROM/build/core/core.a(systick.c.o)
 .debug_aranges
                0x0000000000000650       0xa8 /home/vladimir/Documentos/SOFTWARE/arduino/BluePill/Proyects/EEPROM/build/core/core.a(timer.c.o)
 .debug_aranges
                0x00000000000006f8       0x58 /home/vladimir/Documentos/SOFTWARE/arduino/BluePill/Proyects/EEPROM/build/core/core.a(usart_f1.c.o)
 .debug_aranges
                0x0000000000000750       0x20 /home/vladimir/Documentos/SOFTWARE/arduino/BluePill/Proyects/EEPROM/build/core/core.a(usart_private.c.o)
 .debug_aranges
                0x0000000000000770       0x50 /home/vladimir/Documentos/SOFTWARE/arduino/BluePill/Proyects/EEPROM/build/core/core.a(util.c.o)
 .debug_aranges
                0x00000000000007c0       0x38 /home/vladimir/Documentos/SOFTWARE/arduino/BluePill/Proyects/EEPROM/build/core/core.a(usb.c.o)
 .debug_aranges
                0x00000000000007f8      0x128 /home/vladimir/Documentos/SOFTWARE/arduino/BluePill/Proyects/EEPROM/build/core/core.a(usb_cdcacm.c.o)
 .debug_aranges
                0x0000000000000920       0x20 /home/vladimir/Documentos/SOFTWARE/arduino/BluePill/Proyects/EEPROM/build/core/core.a(usb_reg_map.c.o)
 .debug_aranges
                0x0000000000000940       0x98 /home/vladimir/Documentos/SOFTWARE/arduino/BluePill/Proyects/EEPROM/build/core/core.a(usb_core.c.o)
 .debug_aranges
                0x00000000000009d8       0x20 /home/vladimir/Documentos/SOFTWARE/arduino/BluePill/Proyects/EEPROM/build/core/core.a(usb_init.c.o)
 .debug_aranges
                0x00000000000009f8       0x28 /home/vladimir/Documentos/SOFTWARE/arduino/BluePill/Proyects/EEPROM/build/core/core.a(usb_mem.c.o)
 .debug_aranges
                0x0000000000000a20      0x1f0 /home/vladimir/Documentos/SOFTWARE/arduino/BluePill/Proyects/EEPROM/build/core/core.a(usb_regs.c.o)
 .debug_aranges
                0x0000000000000c10       0x70 /home/vladimir/Documentos/SOFTWARE/arduino/BluePill/Proyects/EEPROM/build/core/core.a(HardwareSerial.cpp.o)
 .debug_aranges
                0x0000000000000c80      0x110 /home/vladimir/Documentos/SOFTWARE/arduino/BluePill/Proyects/EEPROM/build/core/core.a(Print.cpp.o)
 .debug_aranges
                0x0000000000000d90       0x20 /home/vladimir/Documentos/SOFTWARE/arduino/BluePill/Proyects/EEPROM/build/core/core.a(cxxabi-compat.cpp.o)
 .debug_aranges
                0x0000000000000db0       0x28 /home/vladimir/Documentos/SOFTWARE/arduino/BluePill/Proyects/EEPROM/build/core/core.a(main.cpp.o)
 .debug_aranges
                0x0000000000000dd8       0xe0 /home/vladimir/Documentos/SOFTWARE/arduino/BluePill/Proyects/EEPROM/build/core/core.a(usb_serial.cpp.o)
 .debug_aranges
                0x0000000000000eb8       0x30 /home/vladimir/Documentos/SOFTWARE/arduino/BluePill/Proyects/EEPROM/build/core/core.a(wirish_time.cpp.o)
 .debug_aranges
                0x0000000000000ee8       0x20 /home/vladimir/Documentos/SOFTWARE/arduino/BluePill/Proyects/EEPROM/build/core/core.a(hooks.c.o)
 .debug_aranges
                0x0000000000000f08       0x40 /home/vladimir/Documentos/SOFTWARE/arduino/BluePill/Proyects/EEPROM/build/core/core.a(bkp_f1.c.o)
 .debug_aranges
                0x0000000000000f48       0x28 /home/vladimir/Documentos/SOFTWARE/arduino/BluePill/Proyects/EEPROM/build/core/core.a(dma.c.o)
 .debug_aranges
                0x0000000000000f70       0x20 /home/vladimir/Documentos/SOFTWARE/arduino/BluePill/Proyects/EEPROM/build/core/core.a(gpio.c.o)
 .debug_aranges
                0x0000000000000f90       0x60 /home/vladimir/Documentos/SOFTWARE/arduino/BluePill/Proyects/EEPROM/build/core/core.a(i2c.c.o)
 .debug_aranges
                0x0000000000000ff0       0x48 /home/vladimir/Documentos/SOFTWARE/arduino/BluePill/Proyects/EEPROM/build/core/core.a(usart.c.o)

.debug_pubnames
 *(.debug_pubnames)

.debug_info     0x0000000000000000    0x1fcfe
 *(.debug_info .gnu.linkonce.wi.*)
 .debug_info    0x0000000000000000      0x61e /home/vladimir/Documentos/SOFTWARE/arduino/BluePill/Proyects/EEPROM/build/sketch/testEEPROM.ino.cpp.o
 .debug_info    0x000000000000061e      0x2cb /home/vladimir/Documentos/SOFTWARE/arduino/BluePill/Proyects/EEPROM/build/libraries/EEPROM/flash_stm32.c.o
 .debug_info    0x00000000000008e9     0x100a /home/vladimir/Documentos/SOFTWARE/arduino/BluePill/Proyects/EEPROM/build/libraries/EEPROM/EEPROM.cpp.o
 .debug_info    0x00000000000018f3       0xea /home/vladimir/Documentos/SOFTWARE/arduino/BluePill/Proyects/EEPROM/build/core/wirish/start.S.o
 .debug_info    0x00000000000019dd      0x176 /home/vladimir/Documentos/SOFTWARE/arduino/BluePill/Proyects/EEPROM/build/core/wirish/start_c.c.o
 .debug_info    0x0000000000001b53      0x5cd /home/vladimir/Documentos/SOFTWARE/arduino/BluePill/Proyects/EEPROM/build/core/wirish/syscalls.c.o
 .debug_info    0x0000000000002120      0xf2e /home/vladimir/Documentos/SOFTWARE/arduino/BluePill/Proyects/EEPROM/build/core/board.cpp.o
 .debug_info    0x000000000000304e     0x142d /home/vladimir/Documentos/SOFTWARE/arduino/BluePill/Proyects/EEPROM/build/core/wirish/boards.cpp.o
 .debug_info    0x000000000000447b     0x10c5 /home/vladimir/Documentos/SOFTWARE/arduino/BluePill/Proyects/EEPROM/build/core/wirish/boards_setup.cpp.o
 .debug_info    0x0000000000005540       0xda /home/vladimir/Documentos/SOFTWARE/arduino/BluePill/Proyects/EEPROM/build/core/core.a(exc.S.o)
 .debug_info    0x000000000000561a       0xef /home/vladimir/Documentos/SOFTWARE/arduino/BluePill/Proyects/EEPROM/build/core/core.a(isrs.S.o)
 .debug_info    0x0000000000005709      0x79a /home/vladimir/Documentos/SOFTWARE/arduino/BluePill/Proyects/EEPROM/build/core/core.a(adc.c.o)
 .debug_info    0x0000000000005ea3      0xe4a /home/vladimir/Documentos/SOFTWARE/arduino/BluePill/Proyects/EEPROM/build/core/core.a(adc_f1.c.o)
 .debug_info    0x0000000000006ced     0x19f2 /home/vladimir/Documentos/SOFTWARE/arduino/BluePill/Proyects/EEPROM/build/core/core.a(dma_f1.c.o)
 .debug_info    0x00000000000086df      0xedd /home/vladimir/Documentos/SOFTWARE/arduino/BluePill/Proyects/EEPROM/build/core/core.a(exti.c.o)
 .debug_info    0x00000000000095bc      0x213 /home/vladimir/Documentos/SOFTWARE/arduino/BluePill/Proyects/EEPROM/build/core/core.a(exti_f1.c.o)
 .debug_info    0x00000000000097cf      0x128 /home/vladimir/Documentos/SOFTWARE/arduino/BluePill/Proyects/EEPROM/build/core/core.a(flash.c.o)
 .debug_info    0x00000000000098f7      0x6d6 /home/vladimir/Documentos/SOFTWARE/arduino/BluePill/Proyects/EEPROM/build/core/core.a(gpio_f1.c.o)
 .debug_info    0x0000000000009fcd      0xbd5 /home/vladimir/Documentos/SOFTWARE/arduino/BluePill/Proyects/EEPROM/build/core/core.a(i2c_f1.c.o)
 .debug_info    0x000000000000aba2      0x5a2 /home/vladimir/Documentos/SOFTWARE/arduino/BluePill/Proyects/EEPROM/build/core/core.a(nvic.c.o)
 .debug_info    0x000000000000b144      0x556 /home/vladimir/Documentos/SOFTWARE/arduino/BluePill/Proyects/EEPROM/build/core/core.a(rcc.c.o)
 .debug_info    0x000000000000b69a      0xb64 /home/vladimir/Documentos/SOFTWARE/arduino/BluePill/Proyects/EEPROM/build/core/core.a(rcc_f1.c.o)
 .debug_info    0x000000000000c1fe      0x182 /home/vladimir/Documentos/SOFTWARE/arduino/BluePill/Proyects/EEPROM/build/core/core.a(systick.c.o)
 .debug_info    0x000000000000c380     0x1b6f /home/vladimir/Documentos/SOFTWARE/arduino/BluePill/Proyects/EEPROM/build/core/core.a(timer.c.o)
 .debug_info    0x000000000000deef      0xbc4 /home/vladimir/Documentos/SOFTWARE/arduino/BluePill/Proyects/EEPROM/build/core/core.a(usart_f1.c.o)
 .debug_info    0x000000000000eab3      0x595 /home/vladimir/Documentos/SOFTWARE/arduino/BluePill/Proyects/EEPROM/build/core/core.a(usart_private.c.o)
 .debug_info    0x000000000000f048      0xad2 /home/vladimir/Documentos/SOFTWARE/arduino/BluePill/Proyects/EEPROM/build/core/core.a(util.c.o)
 .debug_info    0x000000000000fb1a      0xd16 /home/vladimir/Documentos/SOFTWARE/arduino/BluePill/Proyects/EEPROM/build/core/core.a(usb.c.o)
 .debug_info    0x0000000000010830     0x22d2 /home/vladimir/Documentos/SOFTWARE/arduino/BluePill/Proyects/EEPROM/build/core/core.a(usb_cdcacm.c.o)
 .debug_info    0x0000000000012b02      0x26c /home/vladimir/Documentos/SOFTWARE/arduino/BluePill/Proyects/EEPROM/build/core/core.a(usb_reg_map.c.o)
 .debug_info    0x0000000000012d6e      0xddf /home/vladimir/Documentos/SOFTWARE/arduino/BluePill/Proyects/EEPROM/build/core/core.a(usb_core.c.o)
 .debug_info    0x0000000000013b4d      0x3ed /home/vladimir/Documentos/SOFTWARE/arduino/BluePill/Proyects/EEPROM/build/core/core.a(usb_init.c.o)
 .debug_info    0x0000000000013f3a      0x17b /home/vladimir/Documentos/SOFTWARE/arduino/BluePill/Proyects/EEPROM/build/core/core.a(usb_mem.c.o)
 .debug_info    0x00000000000140b5      0xc88 /home/vladimir/Documentos/SOFTWARE/arduino/BluePill/Proyects/EEPROM/build/core/core.a(usb_regs.c.o)
 .debug_info    0x0000000000014d3d     0x29ea /home/vladimir/Documentos/SOFTWARE/arduino/BluePill/Proyects/EEPROM/build/core/core.a(HardwareSerial.cpp.o)
 .debug_info    0x0000000000017727     0x258c /home/vladimir/Documentos/SOFTWARE/arduino/BluePill/Proyects/EEPROM/build/core/core.a(Print.cpp.o)
 .debug_info    0x0000000000019cb3       0x33 /home/vladimir/Documentos/SOFTWARE/arduino/BluePill/Proyects/EEPROM/build/core/core.a(cxxabi-compat.cpp.o)
 .debug_info    0x0000000000019ce6       0x99 /home/vladimir/Documentos/SOFTWARE/arduino/BluePill/Proyects/EEPROM/build/core/core.a(main.cpp.o)
 .debug_info    0x0000000000019d7f     0x2b76 /home/vladimir/Documentos/SOFTWARE/arduino/BluePill/Proyects/EEPROM/build/core/core.a(usb_serial.cpp.o)
 .debug_info    0x000000000001c8f5      0x2c6 /home/vladimir/Documentos/SOFTWARE/arduino/BluePill/Proyects/EEPROM/build/core/core.a(wirish_time.cpp.o)
 .debug_info    0x000000000001cbbb       0x33 /home/vladimir/Documentos/SOFTWARE/arduino/BluePill/Proyects/EEPROM/build/core/core.a(hooks.c.o)
 .debug_info    0x000000000001cbee      0x4ca /home/vladimir/Documentos/SOFTWARE/arduino/BluePill/Proyects/EEPROM/build/core/core.a(bkp_f1.c.o)
 .debug_info    0x000000000001d0b8      0x6f7 /home/vladimir/Documentos/SOFTWARE/arduino/BluePill/Proyects/EEPROM/build/core/core.a(dma.c.o)
 .debug_info    0x000000000001d7af      0x313 /home/vladimir/Documentos/SOFTWARE/arduino/BluePill/Proyects/EEPROM/build/core/core.a(gpio.c.o)
 .debug_info    0x000000000001dac2     0x160a /home/vladimir/Documentos/SOFTWARE/arduino/BluePill/Proyects/EEPROM/build/core/core.a(i2c.c.o)
 .debug_info    0x000000000001f0cc      0xc32 /home/vladimir/Documentos/SOFTWARE/arduino/BluePill/Proyects/EEPROM/build/core/core.a(usart.c.o)

.debug_abbrev   0x0000000000000000     0x6221
 *(.debug_abbrev)
 .debug_abbrev  0x0000000000000000      0x1ed /home/vladimir/Documentos/SOFTWARE/arduino/BluePill/Proyects/EEPROM/build/sketch/testEEPROM.ino.cpp.o
 .debug_abbrev  0x00000000000001ed      0x164 /home/vladimir/Documentos/SOFTWARE/arduino/BluePill/Proyects/EEPROM/build/libraries/EEPROM/flash_stm32.c.o
 .debug_abbrev  0x0000000000000351      0x355 /home/vladimir/Documentos/SOFTWARE/arduino/BluePill/Proyects/EEPROM/build/libraries/EEPROM/EEPROM.cpp.o
 .debug_abbrev  0x00000000000006a6       0x14 /home/vladimir/Documentos/SOFTWARE/arduino/BluePill/Proyects/EEPROM/build/core/wirish/start.S.o
 .debug_abbrev  0x00000000000006ba      0x11f /home/vladimir/Documentos/SOFTWARE/arduino/BluePill/Proyects/EEPROM/build/core/wirish/start_c.c.o
 .debug_abbrev  0x00000000000007d9      0x17e /home/vladimir/Documentos/SOFTWARE/arduino/BluePill/Proyects/EEPROM/build/core/wirish/syscalls.c.o
 .debug_abbrev  0x0000000000000957      0x1ea /home/vladimir/Documentos/SOFTWARE/arduino/BluePill/Proyects/EEPROM/build/core/board.cpp.o
 .debug_abbrev  0x0000000000000b41      0x3dd /home/vladimir/Documentos/SOFTWARE/arduino/BluePill/Proyects/EEPROM/build/core/wirish/boards.cpp.o
 .debug_abbrev  0x0000000000000f1e      0x2af /home/vladimir/Documentos/SOFTWARE/arduino/BluePill/Proyects/EEPROM/build/core/wirish/boards_setup.cpp.o
 .debug_abbrev  0x00000000000011cd       0x14 /home/vladimir/Documentos/SOFTWARE/arduino/BluePill/Proyects/EEPROM/build/core/core.a(exc.S.o)
 .debug_abbrev  0x00000000000011e1       0x14 /home/vladimir/Documentos/SOFTWARE/arduino/BluePill/Proyects/EEPROM/build/core/core.a(isrs.S.o)
 .debug_abbrev  0x00000000000011f5      0x20b /home/vladimir/Documentos/SOFTWARE/arduino/BluePill/Proyects/EEPROM/build/core/core.a(adc.c.o)
 .debug_abbrev  0x0000000000001400      0x2e6 /home/vladimir/Documentos/SOFTWARE/arduino/BluePill/Proyects/EEPROM/build/core/core.a(adc_f1.c.o)
 .debug_abbrev  0x00000000000016e6      0x3dd /home/vladimir/Documentos/SOFTWARE/arduino/BluePill/Proyects/EEPROM/build/core/core.a(dma_f1.c.o)
 .debug_abbrev  0x0000000000001ac3      0x2a5 /home/vladimir/Documentos/SOFTWARE/arduino/BluePill/Proyects/EEPROM/build/core/core.a(exti.c.o)
 .debug_abbrev  0x0000000000001d68       0xdb /home/vladimir/Documentos/SOFTWARE/arduino/BluePill/Proyects/EEPROM/build/core/core.a(exti_f1.c.o)
 .debug_abbrev  0x0000000000001e43       0x9f /home/vladimir/Documentos/SOFTWARE/arduino/BluePill/Proyects/EEPROM/build/core/core.a(flash.c.o)
 .debug_abbrev  0x0000000000001ee2      0x191 /home/vladimir/Documentos/SOFTWARE/arduino/BluePill/Proyects/EEPROM/build/core/core.a(gpio_f1.c.o)
 .debug_abbrev  0x0000000000002073      0x202 /home/vladimir/Documentos/SOFTWARE/arduino/BluePill/Proyects/EEPROM/build/core/core.a(i2c_f1.c.o)
 .debug_abbrev  0x0000000000002275      0x1ac /home/vladimir/Documentos/SOFTWARE/arduino/BluePill/Proyects/EEPROM/build/core/core.a(nvic.c.o)
 .debug_abbrev  0x0000000000002421      0x17f /home/vladimir/Documentos/SOFTWARE/arduino/BluePill/Proyects/EEPROM/build/core/core.a(rcc.c.o)
 .debug_abbrev  0x00000000000025a0      0x28c /home/vladimir/Documentos/SOFTWARE/arduino/BluePill/Proyects/EEPROM/build/core/core.a(rcc_f1.c.o)
 .debug_abbrev  0x000000000000282c      0x10f /home/vladimir/Documentos/SOFTWARE/arduino/BluePill/Proyects/EEPROM/build/core/core.a(systick.c.o)
 .debug_abbrev  0x000000000000293b      0x474 /home/vladimir/Documentos/SOFTWARE/arduino/BluePill/Proyects/EEPROM/build/core/core.a(timer.c.o)
 .debug_abbrev  0x0000000000002daf      0x292 /home/vladimir/Documentos/SOFTWARE/arduino/BluePill/Proyects/EEPROM/build/core/core.a(usart_f1.c.o)
 .debug_abbrev  0x0000000000003041      0x144 /home/vladimir/Documentos/SOFTWARE/arduino/BluePill/Proyects/EEPROM/build/core/core.a(usart_private.c.o)
 .debug_abbrev  0x0000000000003185      0x2c9 /home/vladimir/Documentos/SOFTWARE/arduino/BluePill/Proyects/EEPROM/build/core/core.a(util.c.o)
 .debug_abbrev  0x000000000000344e      0x352 /home/vladimir/Documentos/SOFTWARE/arduino/BluePill/Proyects/EEPROM/build/core/core.a(usb.c.o)
 .debug_abbrev  0x00000000000037a0      0x47d /home/vladimir/Documentos/SOFTWARE/arduino/BluePill/Proyects/EEPROM/build/core/core.a(usb_cdcacm.c.o)
 .debug_abbrev  0x0000000000003c1d      0x193 /home/vladimir/Documentos/SOFTWARE/arduino/BluePill/Proyects/EEPROM/build/core/core.a(usb_reg_map.c.o)
 .debug_abbrev  0x0000000000003db0      0x3a6 /home/vladimir/Documentos/SOFTWARE/arduino/BluePill/Proyects/EEPROM/build/core/core.a(usb_core.c.o)
 .debug_abbrev  0x0000000000004156      0x101 /home/vladimir/Documentos/SOFTWARE/arduino/BluePill/Proyects/EEPROM/build/core/core.a(usb_init.c.o)
 .debug_abbrev  0x0000000000004257       0x90 /home/vladimir/Documentos/SOFTWARE/arduino/BluePill/Proyects/EEPROM/build/core/core.a(usb_mem.c.o)
 .debug_abbrev  0x00000000000042e7      0x1f3 /home/vladimir/Documentos/SOFTWARE/arduino/BluePill/Proyects/EEPROM/build/core/core.a(usb_regs.c.o)