Archive member included because of file (symbol)

/home/vladimir/Documentos/SOFTWARE/arduino/BluePill/primeros_ejemplos/Blink/build/core/core.a(exc.S.o)
                              (__exc_nmi)
/home/vladimir/Documentos/SOFTWARE/arduino/BluePill/primeros_ejemplos/Blink/build/core/core.a(isrs.S.o)
                              (__stm32reservedexception7)
/home/vladimir/Documentos/SOFTWARE/arduino/BluePill/primeros_ejemplos/Blink/build/core/core.a(vector_table.S.o)
                              (__stm32_vector_table)
/home/vladimir/Documentos/SOFTWARE/arduino/BluePill/primeros_ejemplos/Blink/build/core/core.a(adc.c.o)
                              /home/vladimir/Documentos/SOFTWARE/arduino/BluePill/primeros_ejemplos/Blink/build/core/wirish/boards.cpp.o (adc_set_sample_rate)
/home/vladimir/Documentos/SOFTWARE/arduino/BluePill/primeros_ejemplos/Blink/build/core/core.a(adc_f1.c.o)
                              (__irq_adc)
/home/vladimir/Documentos/SOFTWARE/arduino/BluePill/primeros_ejemplos/Blink/build/core/core.a(dma_f1.c.o)
                              (__irq_dma1_channel1)
/home/vladimir/Documentos/SOFTWARE/arduino/BluePill/primeros_ejemplos/Blink/build/core/core.a(exti.c.o)
                              (__irq_exti0)
/home/vladimir/Documentos/SOFTWARE/arduino/BluePill/primeros_ejemplos/Blink/build/core/core.a(exti_f1.c.o)
                              /home/vladimir/Documentos/SOFTWARE/arduino/BluePill/primeros_ejemplos/Blink/build/core/core.a(exti.c.o) (exti_select)
/home/vladimir/Documentos/SOFTWARE/arduino/BluePill/primeros_ejemplos/Blink/build/core/core.a(flash.c.o)
                              /home/vladimir/Documentos/SOFTWARE/arduino/BluePill/primeros_ejemplos/Blink/build/core/wirish/boards.cpp.o (flash_set_latency)
/home/vladimir/Documentos/SOFTWARE/arduino/BluePill/primeros_ejemplos/Blink/build/core/core.a(gpio_f1.c.o)
                              /home/vladimir/Documentos/SOFTWARE/arduino/BluePill/primeros_ejemplos/Blink/build/core/wirish/boards_setup.cpp.o (gpio_init_all)
/home/vladimir/Documentos/SOFTWARE/arduino/BluePill/primeros_ejemplos/Blink/build/core/core.a(i2c_f1.c.o)
                              (__irq_i2c1_ev)
/home/vladimir/Documentos/SOFTWARE/arduino/BluePill/primeros_ejemplos/Blink/build/core/core.a(nvic.c.o)
                              /home/vladimir/Documentos/SOFTWARE/arduino/BluePill/primeros_ejemplos/Blink/build/core/core.a(i2c_f1.c.o) (nvic_irq_set_priority)
/home/vladimir/Documentos/SOFTWARE/arduino/BluePill/primeros_ejemplos/Blink/build/core/core.a(rcc.c.o)
                              /home/vladimir/Documentos/SOFTWARE/arduino/BluePill/primeros_ejemplos/Blink/build/core/wirish/boards.cpp.o (rcc_switch_sysclk)
/home/vladimir/Documentos/SOFTWARE/arduino/BluePill/primeros_ejemplos/Blink/build/core/core.a(rcc_f1.c.o)
                              /home/vladimir/Documentos/SOFTWARE/arduino/BluePill/primeros_ejemplos/Blink/build/core/wirish/boards.cpp.o (rcc_configure_pll)
/home/vladimir/Documentos/SOFTWARE/arduino/BluePill/primeros_ejemplos/Blink/build/core/core.a(systick.c.o)
                              /home/vladimir/Documentos/SOFTWARE/arduino/BluePill/primeros_ejemplos/Blink/build/core/wirish/boards.cpp.o (systick_init)
/home/vladimir/Documentos/SOFTWARE/arduino/BluePill/primeros_ejemplos/Blink/build/core/core.a(timer.c.o)
                              /home/vladimir/Documentos/SOFTWARE/arduino/BluePill/primeros_ejemplos/Blink/build/core/wirish/boards.cpp.o (timer_foreach)
/home/vladimir/Documentos/SOFTWARE/arduino/BluePill/primeros_ejemplos/Blink/build/core/core.a(usart_f1.c.o)
                              (__irq_usart1)
/home/vladimir/Documentos/SOFTWARE/arduino/BluePill/primeros_ejemplos/Blink/build/core/core.a(usart_private.c.o)
                              /home/vladimir/Documentos/SOFTWARE/arduino/BluePill/primeros_ejemplos/Blink/build/core/core.a(usart_f1.c.o) (_usart_clock_freq)
/home/vladimir/Documentos/SOFTWARE/arduino/BluePill/primeros_ejemplos/Blink/build/core/core.a(util.c.o)
                              /home/vladimir/Documentos/SOFTWARE/arduino/BluePill/primeros_ejemplos/Blink/build/core/core.a(exc.S.o) (__error)
/home/vladimir/Documentos/SOFTWARE/arduino/BluePill/primeros_ejemplos/Blink/build/core/core.a(usb.c.o)
                              (__irq_usb_lp_can_rx0)
/home/vladimir/Documentos/SOFTWARE/arduino/BluePill/primeros_ejemplos/Blink/build/core/core.a(usb_cdcacm.c.o)
                              /home/vladimir/Documentos/SOFTWARE/arduino/BluePill/primeros_ejemplos/Blink/build/core/core.a(usb.c.o) (User_Standard_Requests)
/home/vladimir/Documentos/SOFTWARE/arduino/BluePill/primeros_ejemplos/Blink/build/core/core.a(usb_reg_map.c.o)
                              /home/vladimir/Documentos/SOFTWARE/arduino/BluePill/primeros_ejemplos/Blink/build/core/core.a(usb_cdcacm.c.o) (usb_set_ep_rx_count)
/home/vladimir/Documentos/SOFTWARE/arduino/BluePill/primeros_ejemplos/Blink/build/core/core.a(usb_core.c.o)
[...]
Memory Configuration

Name             Origin             Length             Attributes
ram              0x0000000020000000 0x0000000000005000 xrw
rom              0x0000000008000000 0x0000000000020000 xr
*default*        0x0000000000000000 0xffffffffffffffff

Linker script and memory map

LOAD /home/vladimir/.arduino15/packages/arduino/tools/arm-none-eabi-gcc/4.8.3-2014q1/bin/../lib/gcc/arm-none-eabi/4.8.3/armv7-m/crti.o
LOAD /home/vladimir/.arduino15/packages/arduino/tools/arm-none-eabi-gcc/4.8.3-2014q1/bin/../lib/gcc/arm-none-eabi/4.8.3/armv7-m/crtbegin.o
LOAD /home/vladimir/.arduino15/packages/arduino/tools/arm-none-eabi-gcc/4.8.3-2014q1/bin/../lib/gcc/arm-none-eabi/4.8.3/../../../../arm-none-eabi/lib/armv7-m/crt0.o
LOAD /home/vladimir/.arduino15/packages/arduino/tools/arm-none-eabi-gcc/4.8.3-2014q1/bin/../lib/gcc/arm-none-eabi/4.8.3/armv7-m/libgcc.a
START GROUP
LOAD /home/vladimir/Documentos/SOFTWARE/arduino/BluePill/primeros_ejemplos/Blink/build/sketch/Blink.ino.cpp.o
LOAD /home/vladimir/Documentos/SOFTWARE/arduino/BluePill/primeros_ejemplos/Blink/build/core/wirish/start.S.o
LOAD /home/vladimir/Documentos/SOFTWARE/arduino/BluePill/primeros_ejemplos/Blink/build/core/wirish/start_c.c.o
LOAD /home/vladimir/Documentos/SOFTWARE/arduino/BluePill/primeros_ejemplos/Blink/build/core/wirish/syscalls.c.o
LOAD /home/vladimir/Documentos/SOFTWARE/arduino/BluePill/primeros_ejemplos/Blink/build/core/board.cpp.o
LOAD /home/vladimir/Documentos/SOFTWARE/arduino/BluePill/primeros_ejemplos/Blink/build/core/wirish/boards.cpp.o
LOAD /home/vladimir/Documentos/SOFTWARE/arduino/BluePill/primeros_ejemplos/Blink/build/core/wirish/boards_setup.cpp.o
LOAD /home/vladimir/Documentos/SOFTWARE/arduino/BluePill/primeros_ejemplos/Blink/build/core/core.a
END GROUP
LOAD /home/vladimir/.arduino15/packages/arduino/tools/arm-none-eabi-gcc/4.8.3-2014q1/bin/../lib/gcc/arm-none-eabi/4.8.3/../../../../arm-none-eabi/lib/armv7-m/libstdc++.a
LOAD /home/vladimir/.arduino15/packages/arduino/tools/arm-none-eabi-gcc/4.8.3-2014q1/bin/../lib/gcc/arm-none-eabi/4.8.3/../../../../arm-none-eabi/lib/armv7-m/libm.a
START GROUP
LOAD /home/vladimir/.arduino15/packages/arduino/tools/arm-none-eabi-gcc/4.8.3-2014q1/bin/../lib/gcc/arm-none-eabi/4.8.3/armv7-m/libgcc.a
LOAD /home/vladimir/.arduino15/packages/arduino/tools/arm-none-eabi-gcc/4.8.3-2014q1/bin/../lib/gcc/arm-none-eabi/4.8.3/../../../../arm-none-eabi/lib/armv7-m/libc.a
END GROUP
LOAD /home/vladimir/.arduino15/packages/arduino/tools/arm-none-eabi-gcc/4.8.3-2014q1/bin/../lib/gcc/arm-none-eabi/4.8.3/armv7-m/crtend.o
LOAD /home/vladimir/.arduino15/packages/arduino/tools/arm-none-eabi-gcc/4.8.3-2014q1/bin/../lib/gcc/arm-none-eabi/4.8.3/armv7-m/crtn.o
START GROUP
LOAD /home/vladimir/.arduino15/packages/arduino/tools/arm-none-eabi-gcc/4.8.3-2014q1/bin/../lib/gcc/arm-none-eabi/4.8.3/armv7-m/libgcc.a
LOAD /home/vladimir/.arduino15/packages/arduino/tools/arm-none-eabi-gcc/4.8.3-2014q1/bin/../lib/gcc/arm-none-eabi/4.8.3/../../../../arm-none-eabi/lib/armv7-m/libc.a
LOAD /home/vladimir/.arduino15/packages/arduino/tools/arm-none-eabi-gcc/4.8.3-2014q1/bin/../lib/gcc/arm-none-eabi/4.8.3/../../../../arm-none-eabi/lib/armv7-m/libm.a
END GROUP
START GROUP
LOAD /home/vladimir/.arduino15/packages/arduino/tools/arm-none-eabi-gcc/4.8.3-2014q1/bin/../lib/gcc/arm-none-eabi/4.8.3/../../../../arm-none-eabi/lib/armv7-m/libnosys.a
END GROUP
                0x0000000020005000                PROVIDE (__msp_init, (ORIGIN (ram) + 0x5000))
                0x000000000800016c                PROVIDE (__exc_reset, __start__)

.text           0x0000000008000000     0x2c08
                0x0000000008000000                __text_start__ = .
 *(.stm32.interrupt_vector)
 .stm32.interrupt_vector
                0x0000000008000000       0xec /home/vladimir/Documentos/SOFTWARE/arduino/BluePill/primeros_ejemplos/Blink/build/core/core.a(vector_table.S.o)
                0x0000000008000000                __stm32_vector_table
 *(.text .text.* .gnu.linkonce.t.*)
 .text          0x00000000080000ec       0x54 /home/vladimir/.arduino15/packages/arduino/tools/arm-none-eabi-gcc/4.8.3-2014q1/bin/../lib/gcc/arm-none-eabi/4.8.3/armv7-m/crtbegin.o
 .text._Z5setupv
                0x0000000008000140        0x8 /home/vladimir/Documentos/SOFTWARE/arduino/BluePill/primeros_ejemplos/Blink/build/sketch/Blink.ino.cpp.o
                0x0000000008000140                setup()
 .text._Z4loopv
                0x0000000008000148       0x22 /home/vladimir/Documentos/SOFTWARE/arduino/BluePill/primeros_ejemplos/Blink/build/sketch/Blink.ino.cpp.o
                0x0000000008000148                loop()
 *fill*         0x000000000800016a        0x2 
 .text          0x000000000800016c       0x10 /home/vladimir/Documentos/SOFTWARE/arduino/BluePill/primeros_ejemplos/Blink/build/core/wirish/start.S.o
                0x000000000800016c                __start__
 .text.start_c  0x000000000800017c       0x64 /home/vladimir/Documentos/SOFTWARE/arduino/BluePill/primeros_ejemplos/Blink/build/core/wirish/start_c.c.o
                0x000000000800017c                start_c
 .text._exit    0x00000000080001e0        0x2 /home/vladimir/Documentos/SOFTWARE/arduino/BluePill/primeros_ejemplos/Blink/build/core/wirish/syscalls.c.o
                0x00000000080001e0                _exit
 .text._Z9boardInitv
                0x00000000080001e2        0x2 /home/vladimir/Documentos/SOFTWARE/arduino/BluePill/primeros_ejemplos/Blink/build/core/board.cpp.o
                0x00000000080001e2                boardInit()
 .text.startup._GLOBAL__sub_I__Z9boardInitv
                0x00000000080001e4       0x48 /home/vladimir/Documentos/SOFTWARE/arduino/BluePill/primeros_ejemplos/Blink/build/core/board.cpp.o
 .text._ZL18adc_default_configP7adc_dev
                0x000000000800022c       0x1c /home/vladimir/Documentos/SOFTWARE/arduino/BluePill/primeros_ejemplos/Blink/build/core/wirish/boards.cpp.o
 .text._ZL20timer_default_configP9timer_dev
                0x0000000008000248       0x9e /home/vladimir/Documentos/SOFTWARE/arduino/BluePill/primeros_ejemplos/Blink/build/core/wirish/boards.cpp.o
 *fill*         0x00000000080002e6        0x2 
 .text._Z4initv
                0x00000000080002e8       0xbc /home/vladimir/Documentos/SOFTWARE/arduino/BluePill/primeros_ejemplos/Blink/build/core/wirish/boards.cpp.o
                0x00000000080002e8                init()
 .text._ZN6wirish4priv15board_reset_pllEv
                0x00000000080003a4        0x2 /home/vladimir/Documentos/SOFTWARE/arduino/BluePill/primeros_ejemplos/Blink/build/core/wirish/boards_setup.cpp.o
                0x00000000080003a4                wirish::priv::board_reset_pll()
 .text._ZN6wirish4priv28board_setup_clock_prescalersEv
                0x00000000080003a6       0x2e /home/vladimir/Documentos/SOFTWARE/arduino/BluePill/primeros_ejemplos/Blink/build/core/wirish/boards_setup.cpp.o
                0x00000000080003a6                wirish::priv::board_setup_clock_prescalers()
 .text._ZN6wirish4priv16board_setup_gpioEv
                0x00000000080003d4        0x4 /home/vladimir/Documentos/SOFTWARE/arduino/BluePill/primeros_ejemplos/Blink/build/core/wirish/boards_setup.cpp.o
                0x00000000080003d4                wirish::priv::board_setup_gpio()
 .text._ZN6wirish4priv15board_setup_usbEv
                0x00000000080003d8       0x54 /home/vladimir/Documentos/SOFTWARE/arduino/BluePill/primeros_ejemplos/Blink/build/core/wirish/boards_setup.cpp.o
                0x00000000080003d8                wirish::priv::board_setup_usb()
 .text._ZN6wirish4priv11series_initEv
                0x000000000800042c        0x4 /home/vladimir/Documentos/SOFTWARE/arduino/BluePill/primeros_ejemplos/Blink/build/core/wirish/boards_setup.cpp.o
                0x000000000800042c                wirish::priv::series_init()
 .text          0x0000000008000430       0x60 /home/vladimir/Documentos/SOFTWARE/arduino/BluePill/primeros_ejemplos/Blink/build/core/core.a(exc.S.o)
                0x0000000008000430                __exc_nmi
                0x0000000008000434                __exc_hardfault
                0x0000000008000438                __exc_memmanage
                0x000000000800043c                __exc_busfault
                0x0000000008000440                __exc_usagefault
 .text          0x0000000008000490        0x2 /home/vladimir/Documentos/SOFTWARE/arduino/BluePill/primeros_ejemplos/Blink/build/core/core.a(isrs.S.o)
                0x0000000008000490                __stm32reservedexception9
                0x0000000008000490                __exc_debug_monitor
                0x0000000008000490                __exc_svc
                0x0000000008000490                __irq_can_rx1
                0x0000000008000490                __irq_spi2
                0x0000000008000490                __irq_can_sce
                0x0000000008000490                __irq_pvd
                0x0000000008000490                __irq_tamper
                0x0000000008000490                __default_handler
                0x0000000008000490                __irq_wwdg
                0x0000000008000490                __stm32reservedexception10
                0x0000000008000490                __irq_flash
                0x0000000008000490                __stm32reservedexception13
                0x0000000008000490                __irq_rtc
                0x0000000008000490                __irq_spi1
                0x0000000008000490                __stm32reservedexception7
                0x0000000008000490                __irq_usb_hp_can_tx
                0x0000000008000490                __irq_rtcalarm
                0x0000000008000490                __stm32reservedexception8
                0x0000000008000490                __exc_pendsv
                0x0000000008000490                __irq_usbwakeup
                0x0000000008000490                __irq_rcc
 .text.adc_init
                0x0000000008000492       0x14 /home/vladimir/Documentos/SOFTWARE/arduino/BluePill/primeros_ejemplos/Blink/build/core/core.a(adc.c.o)
                0x0000000008000492                adc_init
 .text.adc_set_extsel
                0x00000000080004a6       0x12 /home/vladimir/Documentos/SOFTWARE/arduino/BluePill/primeros_ejemplos/Blink/build/core/core.a(adc.c.o)
                0x00000000080004a6                adc_set_extsel
 .text.adc_set_sample_rate
                0x00000000080004b8       0x30 /home/vladimir/Documentos/SOFTWARE/arduino/BluePill/primeros_ejemplos/Blink/build/core/core.a(adc.c.o)
                0x00000000080004b8                adc_set_sample_rate
 .text.__irq_adc
                0x00000000080004e8       0x50 /home/vladimir/Documentos/SOFTWARE/arduino/BluePill/primeros_ejemplos/Blink/build/core/core.a(adc_f1.c.o)
                0x00000000080004e8                __irq_adc
 .text.adc_calibrate
                0x0000000008000538       0x24 /home/vladimir/Documentos/SOFTWARE/arduino/BluePill/primeros_ejemplos/Blink/build/core/core.a(adc_f1.c.o)
                0x0000000008000538                adc_calibrate
 .text.adc_set_prescaler
                0x000000000800055c        0x8 /home/vladimir/Documentos/SOFTWARE/arduino/BluePill/primeros_ejemplos/Blink/build/core/core.a(adc_f1.c.o)
                0x000000000800055c                adc_set_prescaler
 .text.adc_foreach
                0x0000000008000564       0x1c /home/vladimir/Documentos/SOFTWARE/arduino/BluePill/primeros_ejemplos/Blink/build/core/core.a(adc_f1.c.o)
                0x0000000008000564                adc_foreach
 .text.adc_enable_single_swstart
                0x0000000008000580       0x36 /home/vladimir/Documentos/SOFTWARE/arduino/BluePill/primeros_ejemplos/Blink/build/core/core.a(adc_f1.c.o)
                0x0000000008000580                adc_enable_single_swstart
 *fill*         0x00000000080005b6        0x2 
 .text.__irq_dma1_channel1
                0x00000000080005b8       0x18 /home/vladimir/Documentos/SOFTWARE/arduino/BluePill/primeros_ejemplos/Blink/build/core/core.a(dma_f1.c.o)
                0x00000000080005b8                __irq_dma1_channel1
 .text.__irq_dma1_channel2
                0x00000000080005d0       0x18 /home/vladimir/Documentos/SOFTWARE/arduino/BluePill/primeros_ejemplos/Blink/build/core/core.a(dma_f1.c.o)
                0x00000000080005d0                __irq_dma1_channel2
 .text.__irq_dma1_channel3
                0x00000000080005e8       0x1c /home/vladimir/Documentos/SOFTWARE/arduino/BluePill/primeros_ejemplos/Blink/build/core/core.a(dma_f1.c.o)
                0x00000000080005e8                __irq_dma1_channel3
 .text.__irq_dma1_channel4
                0x0000000008000604       0x1c /home/vladimir/Documentos/SOFTWARE/arduino/BluePill/primeros_ejemplos/Blink/build/core/core.a(dma_f1.c.o)
                0x0000000008000604                __irq_dma1_channel4
 .text.__irq_dma1_channel5
                0x0000000008000620       0x1c /home/vladimir/Documentos/SOFTWARE/arduino/BluePill/primeros_ejemplos/Blink/build/core/core.a(dma_f1.c.o)
                0x0000000008000620                __irq_dma1_channel5
 .text.__irq_dma1_channel6
                0x000000000800063c       0x1c /home/vladimir/Documentos/SOFTWARE/arduino/BluePill/primeros_ejemplos/Blink/build/core/core.a(dma_f1.c.o)
                0x000000000800063c                __irq_dma1_channel6
 .text.__irq_dma1_channel7
                0x0000000008000658       0x1c /home/vladimir/Documentos/SOFTWARE/arduino/BluePill/primeros_ejemplos/Blink/build/core/core.a(dma_f1.c.o)
                0x0000000008000658                __irq_dma1_channel7
 .text.__irq_exti0
                0x0000000008000674       0x20 /home/vladimir/Documentos/SOFTWARE/arduino/BluePill/primeros_ejemplos/Blink/build/core/core.a(exti.c.o)
                0x0000000008000674                __irq_exti0
 .text.__irq_exti1
                0x0000000008000694       0x20 /home/vladimir/Documentos/SOFTWARE/arduino/BluePill/primeros_ejemplos/Blink/build/core/core.a(exti.c.o)
                0x0000000008000694                __irq_exti1
 .text.__irq_exti2
                0x00000000080006b4       0x20 /home/vladimir/Documentos/SOFTWARE/arduino/BluePill/primeros_ejemplos/Blink/build/core/core.a(exti.c.o)
                0x00000000080006b4                __irq_exti2
 .text.__irq_exti3
                0x00000000080006d4       0x20 /home/vladimir/Documentos/SOFTWARE/arduino/BluePill/primeros_ejemplos/Blink/build/core/core.a(exti.c.o)
                0x00000000080006d4                __irq_exti3
 .text.__irq_exti4
                0x00000000080006f4       0x20 /home/vladimir/Documentos/SOFTWARE/arduino/BluePill/primeros_ejemplos/Blink/build/core/core.a(exti.c.o)
                0x00000000080006f4                __irq_exti4
 .text.__irq_exti9_5
                0x0000000008000714       0x44 /home/vladimir/Documentos/SOFTWARE/arduino/BluePill/primeros_ejemplos/Blink/build/core/core.a(exti.c.o)
                0x0000000008000714                __irq_exti9_5
 .text.__irq_exti15_10
                0x0000000008000758       0x44 /home/vladimir/Documentos/SOFTWARE/arduino/BluePill/primeros_ejemplos/Blink/build/core/core.a(exti.c.o)
                0x0000000008000758                __irq_exti15_10
 .text.flash_set_latency
                0x000000000800079c       0x14 /home/vladimir/Documentos/SOFTWARE/arduino/BluePill/primeros_ejemplos/Blink/build/core/core.a(flash.c.o)
                0x000000000800079c                flash_set_latency
 .text.gpio_init_all
                0x00000000080007b0       0x30 /home/vladimir/Documentos/SOFTWARE/arduino/BluePill/primeros_ejemplos/Blink/build/core/core.a(gpio_f1.c.o)
                0x00000000080007b0                gpio_init_all
 .text.gpio_set_mode
                0x00000000080007e0       0x50 /home/vladimir/Documentos/SOFTWARE/arduino/BluePill/primeros_ejemplos/Blink/build/core/core.a(gpio_f1.c.o)
                0x00000000080007e0                gpio_set_mode
 .text.afio_init
                0x0000000008000830       0x12 /home/vladimir/Documentos/SOFTWARE/arduino/BluePill/primeros_ejemplos/Blink/build/core/core.a(gpio_f1.c.o)
                0x0000000008000830                afio_init
 *fill*         0x0000000008000842        0x2 
 .text.__irq_i2c1_ev
                0x0000000008000844        0xc /home/vladimir/Documentos/SOFTWARE/arduino/BluePill/primeros_ejemplos/Blink/build/core/core.a(i2c_f1.c.o)
                0x0000000008000844                __irq_i2c1_ev
 .text.__irq_i2c2_ev
                0x0000000008000850        0xc /home/vladimir/Documentos/SOFTWARE/arduino/BluePill/primeros_ejemplos/Blink/build/core/core.a(i2c_f1.c.o)
                0x0000000008000850                __irq_i2c2_ev
 .text.__irq_i2c1_er
                0x000000000800085c        0xc /home/vladimir/Documentos/SOFTWARE/arduino/BluePill/primeros_ejemplos/Blink/build/core/core.a(i2c_f1.c.o)
                0x000000000800085c                __irq_i2c1_er
 .text.__irq_i2c2_er
                0x0000000008000868        0xc /home/vladimir/Documentos/SOFTWARE/arduino/BluePill/primeros_ejemplos/Blink/build/core/core.a(i2c_f1.c.o)
                0x0000000008000868                __irq_i2c2_er
 .text._i2c_irq_priority_fixup
                0x0000000008000874       0x1c /home/vladimir/Documentos/SOFTWARE/arduino/BluePill/primeros_ejemplos/Blink/build/core/core.a(i2c_f1.c.o)
                0x0000000008000874                _i2c_irq_priority_fixup
 .text.nvic_irq_set_priority
                0x0000000008000890       0x28 /home/vladimir/Documentos/SOFTWARE/arduino/BluePill/primeros_ejemplos/Blink/build/core/core.a(nvic.c.o)
                0x0000000008000890                nvic_irq_set_priority
 .text.nvic_init
                0x00000000080008b8       0x30 /home/vladimir/Documentos/SOFTWARE/arduino/BluePill/primeros_ejemplos/Blink/build/core/core.a(nvic.c.o)
                0x00000000080008b8                nvic_init
 .text.nvic_sys_reset
                0x00000000080008e8       0x1c /home/vladimir/Documentos/SOFTWARE/arduino/BluePill/primeros_ejemplos/Blink/build/core/core.a(nvic.c.o)
                0x00000000080008e8                nvic_sys_reset
 .text.rcc_dev_clk
                0x0000000008000904        0xc /home/vladimir/Documentos/SOFTWARE/arduino/BluePill/primeros_ejemplos/Blink/build/core/core.a(rcc.c.o)
                0x0000000008000904                rcc_dev_clk
 .text.rcc_switch_sysclk
                0x0000000008000910       0x20 /home/vladimir/Documentos/SOFTWARE/arduino/BluePill/primeros_ejemplos/Blink/build/core/core.a(rcc.c.o)
                0x0000000008000910                rcc_switch_sysclk
 .text.rcc_turn_on_clk
                0x0000000008000930       0x1a /home/vladimir/Documentos/SOFTWARE/arduino/BluePill/primeros_ejemplos/Blink/build/core/core.a(rcc.c.o)
                0x0000000008000930                rcc_turn_on_clk
 .text.rcc_turn_off_clk
                0x000000000800094a       0x1c /home/vladimir/Documentos/SOFTWARE/arduino/BluePill/primeros_ejemplos/Blink/build/core/core.a(rcc.c.o)
                0x000000000800094a                rcc_turn_off_clk
 .text.rcc_is_clk_ready
                0x0000000008000966       0x18 /home/vladimir/Documentos/SOFTWARE/arduino/BluePill/primeros_ejemplos/Blink/build/core/core.a(rcc.c.o)
                0x0000000008000966                rcc_is_clk_ready
 *fill*         0x000000000800097e        0x2 
 .text.rcc_configure_pll
                0x0000000008000980       0x18 /home/vladimir/Documentos/SOFTWARE/arduino/BluePill/primeros_ejemplos/Blink/build/core/core.a(rcc_f1.c.o)
                0x0000000008000980                rcc_configure_pll
 .text.rcc_clk_enable
                0x0000000008000998       0x30 /home/vladimir/Documentos/SOFTWARE/arduino/BluePill/primeros_ejemplos/Blink/build/core/core.a(rcc_f1.c.o)
                0x0000000008000998                rcc_clk_enable
 .text.rcc_reset_dev
                0x00000000080009c8       0x34 /home/vladimir/Documentos/SOFTWARE/arduino/BluePill/primeros_ejemplos/Blink/build/core/core.a(rcc_f1.c.o)
                0x00000000080009c8                rcc_reset_dev
 .text.rcc_set_prescaler
                0x00000000080009fc       0x20 /home/vladimir/Documentos/SOFTWARE/arduino/BluePill/primeros_ejemplos/Blink/build/core/core.a(rcc_f1.c.o)
                0x00000000080009fc                rcc_set_prescaler
 .text.rcc_clk_disable
                0x0000000008000a1c       0x30 /home/vladimir/Documentos/SOFTWARE/arduino/BluePill/primeros_ejemplos/Blink/build/core/core.a(rcc_f1.c.o)
                0x0000000008000a1c                rcc_clk_disable
 .text.systick_init
                0x0000000008000a4c       0x10 /home/vladimir/Documentos/SOFTWARE/arduino/BluePill/primeros_ejemplos/Blink/build/core/core.a(systick.c.o)
                0x0000000008000a4c                systick_init
 .text.__exc_systick
                0x0000000008000a5c       0x1c /home/vladimir/Documentos/SOFTWARE/arduino/BluePill/primeros_ejemplos/Blink/build/core/core.a(systick.c.o)
                0x0000000008000a5c                __exc_systick
 .text.timer_oc_set_mode
                0x0000000008000a78       0x3a /home/vladimir/Documentos/SOFTWARE/arduino/BluePill/primeros_ejemplos/Blink/build/core/core.a(timer.c.o)
 .text.timer_cc_enable
                0x0000000008000ab2       0x1c /home/vladimir/Documentos/SOFTWARE/arduino/BluePill/primeros_ejemplos/Blink/build/core/core.a(timer.c.o)
 *fill*         0x0000000008000ace        0x2 
 .text.timer_foreach
                0x0000000008000ad0       0x28 /home/vladimir/Documentos/SOFTWARE/arduino/BluePill/primeros_ejemplos/Blink/build/core/core.a(timer.c.o)
                0x0000000008000ad0                timer_foreach
 .text.timer_init
                0x0000000008000af8       0x14 /home/vladimir/Documentos/SOFTWARE/arduino/BluePill/primeros_ejemplos/Blink/build/core/core.a(timer.c.o)
                0x0000000008000af8                timer_init
 .text.timer_has_cc_channel
                0x0000000008000b0c       0x30 /home/vladimir/Documentos/SOFTWARE/arduino/BluePill/primeros_ejemplos/Blink/build/core/core.a(timer.c.o)
                0x0000000008000b0c                timer_has_cc_channel
 .text.timer_detach_interrupt
                0x0000000008000b3c       0x1e /home/vladimir/Documentos/SOFTWARE/arduino/BluePill/primeros_ejemplos/Blink/build/core/core.a(timer.c.o)
                0x0000000008000b3c                timer_detach_interrupt
 .text.input_capture_mode
                0x0000000008000b5a       0x1a /home/vladimir/Documentos/SOFTWARE/arduino/BluePill/primeros_ejemplos/Blink/build/core/core.a(timer.c.o)
                0x0000000008000b5a                input_capture_mode
 .text.timer_set_mode
                0x0000000008000b74       0x8c /home/vladimir/Documentos/SOFTWARE/arduino/BluePill/primeros_ejemplos/Blink/build/core/core.a(timer.c.o)
                0x0000000008000b74                timer_set_mode
 .text.__irq_tim1_brk
                0x0000000008000c00       0x24 /home/vladimir/Documentos/SOFTWARE/arduino/BluePill/primeros_ejemplos/Blink/build/core/core.a(timer.c.o)
                0x0000000008000c00                __irq_tim1_brk
 .text.__irq_tim1_up
                0x0000000008000c24       0x24 /home/vladimir/Documentos/SOFTWARE/arduino/BluePill/primeros_ejemplos/Blink/build/core/core.a(timer.c.o)
                0x0000000008000c24                __irq_tim1_up
 .text.__irq_tim1_trg_com
                0x0000000008000c48       0x38 /home/vladimir/Documentos/SOFTWARE/arduino/BluePill/primeros_ejemplos/Blink/build/core/core.a(timer.c.o)
                0x0000000008000c48                __irq_tim1_trg_com
 .text.__irq_tim1_cc
                0x0000000008000c80       0x54 /home/vladimir/Documentos/SOFTWARE/arduino/BluePill/primeros_ejemplos/Blink/build/core/core.a(timer.c.o)
                0x0000000008000c80                __irq_tim1_cc
 .text.__irq_tim2
                0x0000000008000cd4       0x70 /home/vladimir/Documentos/SOFTWARE/arduino/BluePill/primeros_ejemplos/Blink/build/core/core.a(timer.c.o)
                0x0000000008000cd4                __irq_tim2
 .text.__irq_tim3
                0x0000000008000d44       0x70 /home/vladimir/Documentos/SOFTWARE/arduino/BluePill/primeros_ejemplos/Blink/build/core/core.a(timer.c.o)
                0x0000000008000d44                __irq_tim3
 .text.__irq_tim4
                0x0000000008000db4       0x70 /home/vladimir/Documentos/SOFTWARE/arduino/BluePill/primeros_ejemplos/Blink/build/core/core.a(timer.c.o)
                0x0000000008000db4                __irq_tim4
 .text.rb_remove
                0x0000000008000e24       0x24 /home/vladimir/Documentos/SOFTWARE/arduino/BluePill/primeros_ejemplos/Blink/build/core/core.a(usart_f1.c.o)
 .text.rb_push_insert
                0x0000000008000e48       0x52 /home/vladimir/Documentos/SOFTWARE/arduino/BluePill/primeros_ejemplos/Blink/build/core/core.a(usart_f1.c.o)
 *fill*         0x0000000008000e9a        0x2 
 .text.__irq_usart1
                0x0000000008000e9c       0x54 /home/vladimir/Documentos/SOFTWARE/arduino/BluePill/primeros_ejemplos/Blink/build/core/core.a(usart_f1.c.o)
                0x0000000008000e9c                __irq_usart1
 .text.__irq_usart2
                0x0000000008000ef0       0x54 /home/vladimir/Documentos/SOFTWARE/arduino/BluePill/primeros_ejemplos/Blink/build/core/core.a(usart_f1.c.o)
                0x0000000008000ef0                __irq_usart2
 .text.__irq_usart3
                0x0000000008000f44       0x54 /home/vladimir/Documentos/SOFTWARE/arduino/BluePill/primeros_ejemplos/Blink/build/core/core.a(usart_f1.c.o)
                0x0000000008000f44                __irq_usart3
 .text.throb    0x0000000008000f98       0x4c /home/vladimir/Documentos/SOFTWARE/arduino/BluePill/primeros_ejemplos/Blink/build/core/core.a(util.c.o)
                0x0000000008000f98                throb
 .text.__error  0x0000000008000fe4       0x14 /home/vladimir/Documentos/SOFTWARE/arduino/BluePill/primeros_ejemplos/Blink/build/core/core.a(util.c.o)
                0x0000000008000fe4                __error
 .text.usb_resume
                0x0000000008000ff8       0xb4 /home/vladimir/Documentos/SOFTWARE/arduino/BluePill/primeros_ejemplos/Blink/build/core/core.a(usb.c.o)
 .text.usb_init_usblib
                0x00000000080010ac       0x48 /home/vladimir/Documentos/SOFTWARE/arduino/BluePill/primeros_ejemplos/Blink/build/core/core.a(usb.c.o)
                0x00000000080010ac                usb_init_usblib
 .text.__irq_usb_lp_can_rx0
                0x00000000080010f4      0x1c8 /home/vladimir/Documentos/SOFTWARE/arduino/BluePill/primeros_ejemplos/Blink/build/core/core.a(usb.c.o)
                0x00000000080010f4                __irq_usb_lp_can_rx0
 .text.usb_set_ep_rx_stat
                0x00000000080012bc       0x22 /home/vladimir/Documentos/SOFTWARE/arduino/BluePill/primeros_ejemplos/Blink/build/core/core.a(usb_cdcacm.c.o)
 *fill*         0x00000000080012de        0x2 
 .text.vcomGetSetLineCoding
                0x00000000080012e0       0x18 /home/vladimir/Documentos/SOFTWARE/arduino/BluePill/primeros_ejemplos/Blink/build/core/core.a(usb_cdcacm.c.o)
 .text.usbDataSetup
                0x00000000080012f8       0x54 /home/vladimir/Documentos/SOFTWARE/arduino/BluePill/primeros_ejemplos/Blink/build/core/core.a(usb_cdcacm.c.o)
 .text.usbNoDataSetup
                0x000000000800134c       0x50 /home/vladimir/Documentos/SOFTWARE/arduino/BluePill/primeros_ejemplos/Blink/build/core/core.a(usb_cdcacm.c.o)
 .text.usbGetInterfaceSetting
                0x000000000800139c       0x10 /home/vladimir/Documentos/SOFTWARE/arduino/BluePill/primeros_ejemplos/Blink/build/core/core.a(usb_cdcacm.c.o)
 .text.usbSetConfiguration
                0x00000000080013ac       0x1c /home/vladimir/Documentos/SOFTWARE/arduino/BluePill/primeros_ejemplos/Blink/build/core/core.a(usb_cdcacm.c.o)
 .text.usbSetDeviceAddress
                0x00000000080013c8       0x10 /home/vladimir/Documentos/SOFTWARE/arduino/BluePill/primeros_ejemplos/Blink/build/core/core.a(usb_cdcacm.c.o)
 .text.usbGetStringDescriptor
                0x00000000080013d8       0x20 /home/vladimir/Documentos/SOFTWARE/arduino/BluePill/primeros_ejemplos/Blink/build/core/core.a(usb_cdcacm.c.o)
 .text.usbGetConfigDescriptor
                0x00000000080013f8        0xc /home/vladimir/Documentos/SOFTWARE/arduino/BluePill/primeros_ejemplos/Blink/build/core/core.a(usb_cdcacm.c.o)
 .text.usbGetDeviceDescriptor
                0x0000000008001404        0xc /home/vladimir/Documentos/SOFTWARE/arduino/BluePill/primeros_ejemplos/Blink/build/core/core.a(usb_cdcacm.c.o)
 .text.usbInit  0x0000000008001410       0x44 /home/vladimir/Documentos/SOFTWARE/arduino/BluePill/primeros_ejemplos/Blink/build/core/core.a(usb_cdcacm.c.o)
 .text.vcomDataTxCb
                0x0000000008001454       0xa0 /home/vladimir/Documentos/SOFTWARE/arduino/BluePill/primeros_ejemplos/Blink/build/core/core.a(usb_cdcacm.c.o)
 .text.usbReset
                0x00000000080014f4      0x160 /home/vladimir/Documentos/SOFTWARE/arduino/BluePill/primeros_ejemplos/Blink/build/core/core.a(usb_cdcacm.c.o)
 .text.vcomDataRxCb
                0x0000000008001654       0x7c /home/vladimir/Documentos/SOFTWARE/arduino/BluePill/primeros_ejemplos/Blink/build/core/core.a(usb_cdcacm.c.o)
 .text.usb_cdcacm_set_hooks
                0x00000000080016d0       0x1c /home/vladimir/Documentos/SOFTWARE/arduino/BluePill/primeros_ejemplos/Blink/build/core/core.a(usb_cdcacm.c.o)
                0x00000000080016d0                usb_cdcacm_set_hooks
 .text.usb_cdcacm_enable
                0x00000000080016ec       0x38 /home/vladimir/Documentos/SOFTWARE/arduino/BluePill/primeros_ejemplos/Blink/build/core/core.a(usb_cdcacm.c.o)
                0x00000000080016ec                usb_cdcacm_enable
 .text.usb_cdcacm_tx
                0x0000000008001724       0x60 /home/vladimir/Documentos/SOFTWARE/arduino/BluePill/primeros_ejemplos/Blink/build/core/core.a(usb_cdcacm.c.o)
                0x0000000008001724                usb_cdcacm_tx
 .text.usb_cdcacm_data_available
                0x0000000008001784       0x18 /home/vladimir/Documentos/SOFTWARE/arduino/BluePill/primeros_ejemplos/Blink/build/core/core.a(usb_cdcacm.c.o)
                0x0000000008001784                usb_cdcacm_data_available
 .text.usb_cdcacm_peek
                0x000000000800179c       0x38 /home/vladimir/Documentos/SOFTWARE/arduino/BluePill/primeros_ejemplos/Blink/build/core/core.a(usb_cdcacm.c.o)
                0x000000000800179c                usb_cdcacm_peek
 .text.usb_cdcacm_rx
                0x00000000080017d4       0x34 /home/vladimir/Documentos/SOFTWARE/arduino/BluePill/primeros_ejemplos/Blink/build/core/core.a(usb_cdcacm.c.o)
                0x00000000080017d4                usb_cdcacm_rx
 .text.usb_cdcacm_peek_ex
                0x0000000008001808       0x40 /home/vladimir/Documentos/SOFTWARE/arduino/BluePill/primeros_ejemplos/Blink/build/core/core.a(usb_cdcacm.c.o)
                0x0000000008001808                usb_cdcacm_peek_ex
 .text.usb_cdcacm_get_dtr
                0x0000000008001848       0x10 /home/vladimir/Documentos/SOFTWARE/arduino/BluePill/primeros_ejemplos/Blink/build/core/core.a(usb_cdcacm.c.o)
                0x0000000008001848                usb_cdcacm_get_dtr
 .text.usb_set_ep_rx_count
                0x0000000008001858       0x40 /home/vladimir/Documentos/SOFTWARE/arduino/BluePill/primeros_ejemplos/Blink/build/core/core.a(usb_reg_map.c.o)
                0x0000000008001858                usb_set_ep_rx_count
 .text.Standard_GetConfiguration
                0x0000000008001898       0x24 /home/vladimir/Documentos/SOFTWARE/arduino/BluePill/primeros_ejemplos/Blink/build/core/core.a(usb_core.c.o)
                0x0000000008001898                Standard_GetConfiguration
 .text.Standard_GetInterface
                0x00000000080018bc       0x24 /home/vladimir/Documentos/SOFTWARE/arduino/BluePill/primeros_ejemplos/Blink/build/core/core.a(usb_core.c.o)
                0x00000000080018bc                Standard_GetInterface
 .text.Standard_GetStatus
                0x00000000080018e0       0x90 /home/vladimir/Documentos/SOFTWARE/arduino/BluePill/primeros_ejemplos/Blink/build/core/core.a(usb_core.c.o)
                0x00000000080018e0                Standard_GetStatus
 .text.DataStageIn
                0x0000000008001970       0xa8 /home/vladimir/Documentos/SOFTWARE/arduino/BluePill/primeros_ejemplos/Blink/build/core/core.a(usb_core.c.o)
 .text.Standard_SetConfiguration
                0x0000000008001a18       0x38 /home/vladimir/Documentos/SOFTWARE/arduino/BluePill/primeros_ejemplos/Blink/build/core/core.a(usb_core.c.o)
                0x0000000008001a18                Standard_SetConfiguration
 .text.Standard_SetInterface
                0x0000000008001a50       0x48 /home/vladimir/Documentos/SOFTWARE/arduino/BluePill/primeros_ejemplos/Blink/build/core/core.a(usb_core.c.o)
                0x0000000008001a50                Standard_SetInterface
 .text.Standard_ClearFeature
                0x0000000008001a98       0xd0 /home/vladimir/Documentos/SOFTWARE/arduino/BluePill/primeros_ejemplos/Blink/build/core/core.a(usb_core.c.o)
                0x0000000008001a98                Standard_ClearFeature
 .text.Standard_SetEndPointFeature
                0x0000000008001b68       0x84 /home/vladimir/Documentos/SOFTWARE/arduino/BluePill/primeros_ejemplos/Blink/build/core/core.a(usb_core.c.o)
                0x0000000008001b68                Standard_SetEndPointFeature
 .text.Standard_SetDeviceFeature
                0x0000000008001bec       0x24 /home/vladimir/Documentos/SOFTWARE/arduino/BluePill/primeros_ejemplos/Blink/build/core/core.a(usb_core.c.o)
                0x0000000008001bec                Standard_SetDeviceFeature
 .text.Standard_GetDescriptorData
                0x0000000008001c10       0x1c /home/vladimir/Documentos/SOFTWARE/arduino/BluePill/primeros_ejemplos/Blink/build/core/core.a(usb_core.c.o)
                0x0000000008001c10                Standard_GetDescriptorData
 .text.Post0_Process
                0x0000000008001c2c       0x40 /home/vladimir/Documentos/SOFTWARE/arduino/BluePill/primeros_ejemplos/Blink/build/core/core.a(usb_core.c.o)
                0x0000000008001c2c                Post0_Process
 .text.Setup0_Process
                0x0000000008001c6c      0x2d0 /home/vladimir/Documentos/SOFTWARE/arduino/BluePill/primeros_ejemplos/Blink/build/core/core.a(usb_core.c.o)
                0x0000000008001c6c                Setup0_Process
 .text.Out0_Process
                0x0000000008001f3c       0xc8 /home/vladimir/Documentos/SOFTWARE/arduino/BluePill/primeros_ejemplos/Blink/build/core/core.a(usb_core.c.o)
                0x0000000008001f3c                Out0_Process
 .text.SetDeviceAddress
                0x0000000008002004       0x38 /home/vladimir/Documentos/SOFTWARE/arduino/BluePill/primeros_ejemplos/Blink/build/core/core.a(usb_core.c.o)
                0x0000000008002004                SetDeviceAddress
 .text.In0_Process
                0x000000000800203c       0x5c /home/vladimir/Documentos/SOFTWARE/arduino/BluePill/primeros_ejemplos/Blink/build/core/core.a(usb_core.c.o)
                0x000000000800203c                In0_Process
 .text.NOP_Process
                0x0000000008002098        0x2 /home/vladimir/Documentos/SOFTWARE/arduino/BluePill/primeros_ejemplos/Blink/build/core/core.a(usb_core.c.o)
                0x0000000008002098                NOP_Process
 .text.UserToPMABufferCopy
                0x000000000800209a       0x30 /home/vladimir/Documentos/SOFTWARE/arduino/BluePill/primeros_ejemplos/Blink/build/core/core.a(usb_mem.c.o)
                0x000000000800209a                UserToPMABufferCopy
 .text.PMAToUserBufferCopy
                0x00000000080020ca       0x24 /home/vladimir/Documentos/SOFTWARE/arduino/BluePill/primeros_ejemplos/Blink/build/core/core.a(usb_mem.c.o)
                0x00000000080020ca                PMAToUserBufferCopy
 .text.SetEPTxStatus
                0x00000000080020ee       0x2a /home/vladimir/Documentos/SOFTWARE/arduino/BluePill/primeros_ejemplos/Blink/build/core/core.a(usb_regs.c.o)
                0x00000000080020ee                SetEPTxStatus
 .text.ClearDTOG_RX
                0x0000000008002118       0x20 /home/vladimir/Documentos/SOFTWARE/arduino/BluePill/primeros_ejemplos/Blink/build/core/core.a(usb_regs.c.o)
                0x0000000008002118                ClearDTOG_RX
 .text.ClearDTOG_TX
                0x0000000008002138       0x20 /home/vladimir/Documentos/SOFTWARE/arduino/BluePill/primeros_ejemplos/Blink/build/core/core.a(usb_regs.c.o)
                0x0000000008002138                ClearDTOG_TX
 .text.GetEPTxAddr
                0x0000000008002158       0x1c /home/vladimir/Documentos/SOFTWARE/arduino/BluePill/primeros_ejemplos/Blink/build/core/core.a(usb_regs.c.o)
                0x0000000008002158                GetEPTxAddr
 .text.GetEPRxAddr
                0x0000000008002174       0x1c /home/vladimir/Documentos/SOFTWARE/arduino/BluePill/primeros_ejemplos/Blink/build/core/core.a(usb_regs.c.o)
                0x0000000008002174                GetEPRxAddr
 .text.SetEPTxCount
                0x0000000008002190       0x1c /home/vladimir/Documentos/SOFTWARE/arduino/BluePill/primeros_ejemplos/Blink/build/core/core.a(usb_regs.c.o)
                0x0000000008002190                SetEPTxCount
 .text.SetEPRxCount
                0x00000000080021ac       0x40 /home/vladimir/Documentos/SOFTWARE/arduino/BluePill/primeros_ejemplos/Blink/build/core/core.a(usb_regs.c.o)
                0x00000000080021ac                SetEPRxCount
 .text.rb_full_count
                0x00000000080021ec       0x22 /home/vladimir/Documentos/SOFTWARE/arduino/BluePill/primeros_ejemplos/Blink/build/core/core.a(HardwareSerial.cpp.o)
 .text._ZN14HardwareSerial4readEv
                0x000000000800220e       0x3a /home/vladimir/Documentos/SOFTWARE/arduino/BluePill/primeros_ejemplos/Blink/build/core/core.a(HardwareSerial.cpp.o)
                0x000000000800220e                HardwareSerial::read()
 .text._ZN14HardwareSerial9availableEv
                0x0000000008002248        0xc /home/vladimir/Documentos/SOFTWARE/arduino/BluePill/primeros_ejemplos/Blink/build/core/core.a(HardwareSerial.cpp.o)
                0x0000000008002248                HardwareSerial::available()
 .text._ZN14HardwareSerial4peekEv
                0x0000000008002254       0x22 /home/vladimir/Documentos/SOFTWARE/arduino/BluePill/primeros_ejemplos/Blink/build/core/core.a(HardwareSerial.cpp.o)
                0x0000000008002254                HardwareSerial::peek()
 .text._ZN14HardwareSerial5flushEv
                0x0000000008002276       0x1a /home/vladimir/Documentos/SOFTWARE/arduino/BluePill/primeros_ejemplos/Blink/build/core/core.a(HardwareSerial.cpp.o)
                0x0000000008002276                HardwareSerial::flush()
 .text._ZN14HardwareSerial5writeEh
                0x0000000008002290       0x1e /home/vladimir/Documentos/SOFTWARE/arduino/BluePill/primeros_ejemplos/Blink/build/core/core.a(HardwareSerial.cpp.o)
                0x0000000008002290                HardwareSerial::write(unsigned char)
 *fill*         0x00000000080022ae        0x2 
 .text._ZN14HardwareSerialC2EP9usart_devhh
                0x00000000080022b0       0x1c /home/vladimir/Documentos/SOFTWARE/arduino/BluePill/primeros_ejemplos/Blink/build/core/core.a(HardwareSerial.cpp.o)
                0x00000000080022b0                HardwareSerial::HardwareSerial(usart_dev*, unsigned char, unsigned char)
                0x00000000080022b0                HardwareSerial::HardwareSerial(usart_dev*, unsigned char, unsigned char)
 .text._ZN5Print5writeEPKvm
                0x00000000080022cc       0x20 /home/vladimir/Documentos/SOFTWARE/arduino/BluePill/primeros_ejemplos/Blink/build/core/core.a(Print.cpp.o)
                0x00000000080022cc                Print::write(void const*, unsigned long)
 .text._ZN5Print5writeEPKc
                0x00000000080022ec       0x1e /home/vladimir/Documentos/SOFTWARE/arduino/BluePill/primeros_ejemplos/Blink/build/core/core.a(Print.cpp.o)
                0x00000000080022ec                Print::write(char const*)
 .text.startup._Z7premainv
                0x000000000800230a        0x4 /home/vladimir/Documentos/SOFTWARE/arduino/BluePill/primeros_ejemplos/Blink/build/core/core.a(main.cpp.o)
                0x000000000800230a                premain()
 .text.startup.main
                0x000000000800230e        0xc /home/vladimir/Documentos/SOFTWARE/arduino/BluePill/primeros_ejemplos/Blink/build/core/core.a(main.cpp.o)
                0x000000000800230e                main
 .text._ZN9USBSerial9availableEv
                0x000000000800231a        0x4 /home/vladimir/Documentos/SOFTWARE/arduino/BluePill/primeros_ejemplos/Blink/build/core/core.a(usb_serial.cpp.o)
                0x000000000800231a                USBSerial::available()
 .text._ZN9USBSerial4peekEv
                0x000000000800231e       0x1e /home/vladimir/Documentos/SOFTWARE/arduino/BluePill/primeros_ejemplos/Blink/build/core/core.a(usb_serial.cpp.o)
                0x000000000800231e                USBSerial::peek()
 .text._ZN9USBSerial4readEv
                0x000000000800233c       0x1e /home/vladimir/Documentos/SOFTWARE/arduino/BluePill/primeros_ejemplos/Blink/build/core/core.a(usb_serial.cpp.o)
                0x000000000800233c                USBSerial::read()
 *fill*         0x000000000800235a        0x2 
 .text._ZL14ifaceSetupHookjPv
                0x000000000800235c       0x38 /home/vladimir/Documentos/SOFTWARE/arduino/BluePill/primeros_ejemplos/Blink/build/core/core.a(usb_serial.cpp.o)
 .text._ZL6rxHookjPv
                0x0000000008002394       0xa0 /home/vladimir/Documentos/SOFTWARE/arduino/BluePill/primeros_ejemplos/Blink/build/core/core.a(usb_serial.cpp.o)
 .text._ZL10wait_resetv
                0x0000000008002434       0x10 /home/vladimir/Documentos/SOFTWARE/arduino/BluePill/primeros_ejemplos/Blink/build/core/core.a(usb_serial.cpp.o)
 .text._ZN9USBSerialC2Ev
                0x0000000008002444       0x14 /home/vladimir/Documentos/SOFTWARE/arduino/BluePill/primeros_ejemplos/Blink/build/core/core.a(usb_serial.cpp.o)
                0x0000000008002444                USBSerial::USBSerial()
                0x0000000008002444                USBSerial::USBSerial()
 .text._ZN9USBSerial5beginEv
                0x0000000008002458       0x34 /home/vladimir/Documentos/SOFTWARE/arduino/BluePill/primeros_ejemplos/Blink/build/core/core.a(usb_serial.cpp.o)
                0x0000000008002458                USBSerial::begin()
 .text._ZN9USBSerial5writeEPKhm
                0x000000000800248c       0x4c /home/vladimir/Documentos/SOFTWARE/arduino/BluePill/primeros_ejemplos/Blink/build/core/core.a(usb_serial.cpp.o)
                0x000000000800248c                USBSerial::write(unsigned char const*, unsigned long)
 .text._ZN9USBSerial5writeEh
                0x00000000080024d8       0x16 /home/vladimir/Documentos/SOFTWARE/arduino/BluePill/primeros_ejemplos/Blink/build/core/core.a(usb_serial.cpp.o)
                0x00000000080024d8                USBSerial::write(unsigned char)
 .text._ZN9USBSerial5writeEPKc
                0x00000000080024ee       0x1a /home/vladimir/Documentos/SOFTWARE/arduino/BluePill/primeros_ejemplos/Blink/build/core/core.a(usb_serial.cpp.o)
                0x00000000080024ee                USBSerial::write(char const*)
 .text._ZN9USBSerial4readEPhm
                0x0000000008002508       0x1c /home/vladimir/Documentos/SOFTWARE/arduino/BluePill/primeros_ejemplos/Blink/build/core/core.a(usb_serial.cpp.o)
                0x0000000008002508                USBSerial::read(unsigned char*, unsigned long)
 .text._ZN9USBSerial5flushEv
                0x0000000008002524       0x1c /home/vladimir/Documentos/SOFTWARE/arduino/BluePill/primeros_ejemplos/Blink/build/core/core.a(usb_serial.cpp.o)
                0x0000000008002524                USBSerial::flush()
 .text.startup._GLOBAL__sub_I__ZN9USBSerial9_hasBegunE
                0x0000000008002540        0xc /home/vladimir/Documentos/SOFTWARE/arduino/BluePill/primeros_ejemplos/Blink/build/core/core.a(usb_serial.cpp.o)
 .text._Z12digitalWritehh
                0x000000000800254c       0x2c /home/vladimir/Documentos/SOFTWARE/arduino/BluePill/primeros_ejemplos/Blink/build/core/core.a(wirish_digital.cpp.o)
                0x000000000800254c                digitalWrite(unsigned char, unsigned char)
 .text._ZL6microsv
                0x0000000008002578       0x34 /home/vladimir/Documentos/SOFTWARE/arduino/BluePill/primeros_ejemplos/Blink/build/core/core.a(wirish_time.cpp.o)
 .text._Z5delaym
                0x00000000080025ac       0x2a /home/vladimir/Documentos/SOFTWARE/arduino/BluePill/primeros_ejemplos/Blink/build/core/core.a(wirish_time.cpp.o)
                0x00000000080025ac                delay(unsigned long)
 *fill*         0x00000000080025d6        0x2 
 .text._Z7pinModeh13WiringPinMode
                0x00000000080025d8       0x84 /home/vladimir/Documentos/SOFTWARE/arduino/BluePill/primeros_ejemplos/Blink/build/core/core.a(wirish_digital_f1.cpp.o)
                0x00000000080025d8                pinMode(unsigned char, WiringPinMode)
 .text.__empty  0x000000000800265c        0x2 /home/vladimir/Documentos/SOFTWARE/arduino/BluePill/primeros_ejemplos/Blink/build/core/core.a(hooks.c.o)
                0x000000000800265c                yield
 .text.bkp_init
                0x000000000800265e       0x18 /home/vladimir/Documentos/SOFTWARE/arduino/BluePill/primeros_ejemplos/Blink/build/core/core.a(bkp_f1.c.o)
                0x000000000800265e                bkp_init
 *fill*         0x0000000008002676        0x2 
 .text.bkp_enable_writes
                0x0000000008002678        0xc /home/vladimir/Documentos/SOFTWARE/arduino/BluePill/primeros_ejemplos/Blink/build/core/core.a(bkp_f1.c.o)
                0x0000000008002678                bkp_enable_writes
 .text.bkp_disable_writes
                0x0000000008002684        0xc /home/vladimir/Documentos/SOFTWARE/arduino/BluePill/primeros_ejemplos/Blink/build/core/core.a(bkp_f1.c.o)
                0x0000000008002684                bkp_disable_writes
 .text.bkp_write
                0x0000000008002690       0x16 /home/vladimir/Documentos/SOFTWARE/arduino/BluePill/primeros_ejemplos/Blink/build/core/core.a(bkp_f1.c.o)
                0x0000000008002690                bkp_write
 .text.gpio_init
                0x00000000080026a6       0x14 /home/vladimir/Documentos/SOFTWARE/arduino/BluePill/primeros_ejemplos/Blink/build/core/core.a(gpio.c.o)
                0x00000000080026a6                gpio_init
 .text.i2c_start_condition
                0x00000000080026ba       0x14 /home/vladimir/Documentos/SOFTWARE/arduino/BluePill/primeros_ejemplos/Blink/build/core/core.a(i2c.c.o)
 .text.i2c_stop_condition
                0x00000000080026ce       0x1c /home/vladimir/Documentos/SOFTWARE/arduino/BluePill/primeros_ejemplos/Blink/build/core/core.a(i2c.c.o)
 *fill*         0x00000000080026ea        0x2 
 .text._i2c_irq_handler
                0x00000000080026ec      0x16c /home/vladimir/Documentos/SOFTWARE/arduino/BluePill/primeros_ejemplos/Blink/build/core/core.a(i2c.c.o)
                0x00000000080026ec                _i2c_irq_handler
 .text._i2c_irq_error_handler
                0x0000000008002858       0x2a /home/vladimir/Documentos/SOFTWARE/arduino/BluePill/primeros_ejemplos/Blink/build/core/core.a(i2c.c.o)
                0x0000000008002858                _i2c_irq_error_handler
 .text.usart_tx
                0x0000000008002882       0x9c /home/vladimir/Documentos/SOFTWARE/arduino/BluePill/primeros_ejemplos/Blink/build/core/core.a(usart.c.o)
                0x0000000008002882                usart_tx
 *fill*         0x000000000800291e        0x2 
 .text.exit     0x0000000008002920       0x20 /home/vladimir/.arduino15/packages/arduino/tools/arm-none-eabi-gcc/4.8.3-2014q1/bin/../lib/gcc/arm-none-eabi/4.8.3/../../../../arm-none-eabi/lib/armv7-m/libc.a(lib_a-exit.o)
                0x0000000008002920                exit
 .text.__libc_init_array
                0x0000000008002940       0x50 /home/vladimir/.arduino15/packages/arduino/tools/arm-none-eabi-gcc/4.8.3-2014q1/bin/../lib/gcc/arm-none-eabi/4.8.3/../../../../arm-none-eabi/lib/armv7-m/libc.a(lib_a-init.o)
                0x0000000008002940                __libc_init_array
 .text.strlen   0x0000000008002990       0x60 /home/vladimir/.arduino15/packages/arduino/tools/arm-none-eabi-gcc/4.8.3-2014q1/bin/../lib/gcc/arm-none-eabi/4.8.3/../../../../arm-none-eabi/lib/armv7-m/libc.a(lib_a-strlen.o)
                0x0000000008002990                strlen
 .text.startup.register_fini
                0x00000000080029f0       0x14 /home/vladimir/.arduino15/packages/arduino/tools/arm-none-eabi-gcc/4.8.3-2014q1/bin/../lib/gcc/arm-none-eabi/4.8.3/../../../../arm-none-eabi/lib/armv7-m/libc.a(lib_a-__call_atexit.o)
 .text.__call_exitprocs
                0x0000000008002a04       0xf0 /home/vladimir/.arduino15/packages/arduino/tools/arm-none-eabi-gcc/4.8.3-2014q1/bin/../lib/gcc/arm-none-eabi/4.8.3/../../../../arm-none-eabi/lib/armv7-m/libc.a(lib_a-__call_atexit.o)
                0x0000000008002a04                __call_exitprocs
 .text.atexit   0x0000000008002af4        0xc /home/vladimir/.arduino15/packages/arduino/tools/arm-none-eabi-gcc/4.8.3-2014q1/bin/../lib/gcc/arm-none-eabi/4.8.3/../../../../arm-none-eabi/lib/armv7-m/libc.a(lib_a-atexit.o)
                0x0000000008002af4                atexit
 .text.__libc_fini_array
                0x0000000008002b00       0x30 /home/vladimir/.arduino15/packages/arduino/tools/arm-none-eabi-gcc/4.8.3-2014q1/bin/../lib/gcc/arm-none-eabi/4.8.3/../../../../arm-none-eabi/lib/armv7-m/libc.a(lib_a-fini.o)
                0x0000000008002b00                __libc_fini_array
 .text.__register_exitproc
                0x0000000008002b30       0xa8 /home/vladimir/.arduino15/packages/arduino/tools/arm-none-eabi-gcc/4.8.3-2014q1/bin/../lib/gcc/arm-none-eabi/4.8.3/../../../../arm-none-eabi/lib/armv7-m/libc.a(lib_a-__atexit.o)
                0x0000000008002b30                __register_exitproc
 *(.plt)
 *(.gnu.warning)
 *(.glue_7t)
 .glue_7t       0x0000000000000000        0x0 linker stubs
 *(.glue_7)
 .glue_7        0x0000000000000000        0x0 linker stubs
 *(.vfp11_veneer)
 .vfp11_veneer  0x0000000000000000        0x0 linker stubs
 *(.ARM.extab* .gnu.linkonce.armextab.*)
 *(.gcc_except_table)
 *(.eh_frame_hdr)
 *(.eh_frame)
 .eh_frame      0x0000000008002bd8        0x0 /home/vladimir/.arduino15/packages/arduino/tools/arm-none-eabi-gcc/4.8.3-2014q1/bin/../lib/gcc/arm-none-eabi/4.8.3/armv7-m/crtbegin.o
                0x0000000008002bd8                . = ALIGN (0x4)
 *(.init)
 .init          0x0000000008002bd8        0x4 /home/vladimir/.arduino15/packages/arduino/tools/arm-none-eabi-gcc/4.8.3-2014q1/bin/../lib/gcc/arm-none-eabi/4.8.3/armv7-m/crti.o
                0x0000000008002bd8                _init
 .init          0x0000000008002bdc        0x8 /home/vladimir/.arduino15/packages/arduino/tools/arm-none-eabi-gcc/4.8.3-2014q1/bin/../lib/gcc/arm-none-eabi/4.8.3/armv7-m/crtn.o
                0x0000000008002be4                . = ALIGN (0x4)
                0x0000000008002be4                __preinit_array_start = .
 *(.preinit_array)
                0x0000000008002be4                __preinit_array_end = .
                0x0000000008002be4                . = ALIGN (0x4)
                0x0000000008002be4                __init_array_start = .
 *(SORT(.init_array.*))
 .init_array.00000
                0x0000000008002be4        0x4 /home/vladimir/.arduino15/packages/arduino/tools/arm-none-eabi-gcc/4.8.3-2014q1/bin/../lib/gcc/arm-none-eabi/4.8.3/../../../../arm-none-eabi/lib/armv7-m/libc.a(lib_a-__call_atexit.o)
 .init_array.00101
                0x0000000008002be8        0x4 /home/vladimir/Documentos/SOFTWARE/arduino/BluePill/primeros_ejemplos/Blink/build/core/core.a(main.cpp.o)
 *(.init_array)
 .init_array    0x0000000008002bec        0x4 /home/vladimir/.arduino15/packages/arduino/tools/arm-none-eabi-gcc/4.8.3-2014q1/bin/../lib/gcc/arm-none-eabi/4.8.3/armv7-m/crtbegin.o
 .init_array    0x0000000008002bf0        0x4 /home/vladimir/Documentos/SOFTWARE/arduino/BluePill/primeros_ejemplos/Blink/build/core/board.cpp.o
 .init_array    0x0000000008002bf4        0x4 /home/vladimir/Documentos/SOFTWARE/arduino/BluePill/primeros_ejemplos/Blink/build/core/core.a(usb_serial.cpp.o)
                0x0000000008002bf8                __init_array_end = .
                0x0000000008002bf8                . = ALIGN (0x4)
 *crtbegin.o(.ctors)
 *(EXCLUDE_FILE(*crtend.o) .ctors)
 *(SORT(.ctors.*))
 *crtend.o(.ctors)
                0x0000000008002bf8                . = ALIGN (0x4)
 *(.fini)
 .fini          0x0000000008002bf8        0x4 /home/vladimir/.arduino15/packages/arduino/tools/arm-none-eabi-gcc/4.8.3-2014q1/bin/../lib/gcc/arm-none-eabi/4.8.3/armv7-m/crti.o
                0x0000000008002bf8                _fini
 .fini          0x0000000008002bfc        0x8 /home/vladimir/.arduino15/packages/arduino/tools/arm-none-eabi-gcc/4.8.3-2014q1/bin/../lib/gcc/arm-none-eabi/4.8.3/armv7-m/crtn.o
                0x0000000008002c04                . = ALIGN (0x4)
                0x0000000008002c04                __fini_array_start = .
 *(.fini_array)
 .fini_array    0x0000000008002c04        0x4 /home/vladimir/.arduino15/packages/arduino/tools/arm-none-eabi-gcc/4.8.3-2014q1/bin/../lib/gcc/arm-none-eabi/4.8.3/armv7-m/crtbegin.o
 *(SORT(.fini_array.*))
                0x0000000008002c08                __fini_array_end = .
 *crtbegin.o(.dtors)
 *(EXCLUDE_FILE(*crtend.o) .dtors)
 *(SORT(.dtors.*))
 *crtend.o(.dtors)

.v4_bx          0x0000000008002c08        0x0
 .v4_bx         0x0000000000000000        0x0 linker stubs

.iplt           0x0000000008002c08        0x0
 .iplt          0x0000000000000000        0x0 /home/vladimir/.arduino15/packages/arduino/tools/arm-none-eabi-gcc/4.8.3-2014q1/bin/../lib/gcc/arm-none-eabi/4.8.3/armv7-m/crtbegin.o

.text.align     0x0000000008002c08        0x0
                0x0000000008002c08                . = ALIGN (0x8)
                0x0000000008002c08                __text_end__ = .
                0x0000000008002c08                __exidx_start = .

.ARM.exidx      0x0000000008002c08        0x8
 *(.ARM.exidx* .gnu.linkonce.armexidx.*)
 .ARM.exidx     0x0000000008002c08        0x8 /home/vladimir/Documentos/SOFTWARE/arduino/BluePill/primeros_ejemplos/Blink/build/core/wirish/start.S.o
                0x0000000008002c10                __exidx_end = .

.data           0x0000000020000000      0x868 load address 0x0000000008002c10
                0x0000000020000000                __data_start__ = .
                0x0000000020000000        0x4 LONG 0x0
                0x0000000020000008                . = ALIGN (0x8)
 *fill*         0x0000000020000004        0x4 
 *(.got.plt)
 *(.got)
 *(.data .data.* .gnu.linkonce.d.*)
 .data._ZN6wirish4privL8pll_dataE
                0x0000000020000008        0x4 /home/vladimir/Documentos/SOFTWARE/arduino/BluePill/primeros_ejemplos/Blink/build/core/wirish/boards_setup.cpp.o
 .data._ZN6wirish4priv9w_adc_smpE
                0x000000002000000c        0x1 /home/vladimir/Documentos/SOFTWARE/arduino/BluePill/primeros_ejemplos/Blink/build/core/wirish/boards_setup.cpp.o
                0x000000002000000c                wirish::priv::w_adc_smp
 *fill*         0x000000002000000d        0x1 
 .data._ZN6wirish4priv9w_adc_preE
                0x000000002000000e        0x2 /home/vladimir/Documentos/SOFTWARE/arduino/BluePill/primeros_ejemplos/Blink/build/core/wirish/boards_setup.cpp.o
                0x000000002000000e                wirish::priv::w_adc_pre
 .data._ZN6wirish4priv15w_board_pll_cfgE
                0x0000000020000010        0x8 /home/vladimir/Documentos/SOFTWARE/arduino/BluePill/primeros_ejemplos/Blink/build/core/wirish/boards_setup.cpp.o
                0x0000000020000010                wirish::priv::w_board_pll_cfg
 .data.adc2     0x0000000020000018        0x8 /home/vladimir/Documentos/SOFTWARE/arduino/BluePill/primeros_ejemplos/Blink/build/core/core.a(adc_f1.c.o)
                0x0000000020000018                adc2
 .data.adc1     0x0000000020000020       0x18 /home/vladimir/Documentos/SOFTWARE/arduino/BluePill/primeros_ejemplos/Blink/build/core/core.a(adc_f1.c.o)
                0x0000000020000020                adc1
 .data.ADC2     0x0000000020000038        0x4 /home/vladimir/Documentos/SOFTWARE/arduino/BluePill/primeros_ejemplos/Blink/build/core/core.a(adc_f1.c.o)
                0x0000000020000038                ADC2
 .data.ADC1     0x000000002000003c        0x4 /home/vladimir/Documentos/SOFTWARE/arduino/BluePill/primeros_ejemplos/Blink/build/core/core.a(adc_f1.c.o)
                0x000000002000003c                ADC1
 .data.dma1     0x0000000020000040       0x40 /home/vladimir/Documentos/SOFTWARE/arduino/BluePill/primeros_ejemplos/Blink/build/core/core.a(dma_f1.c.o)
 .data.DMA1     0x0000000020000080        0x4 /home/vladimir/Documentos/SOFTWARE/arduino/BluePill/primeros_ejemplos/Blink/build/core/core.a(dma_f1.c.o)
                0x0000000020000080                DMA1
 .data.gpioa    0x0000000020000084        0x8 /home/vladimir/Documentos/SOFTWARE/arduino/BluePill/primeros_ejemplos/Blink/build/core/core.a(gpio_f1.c.o)
                0x0000000020000084                gpioa
 .data.gpiob    0x000000002000008c        0x8 /home/vladimir/Documentos/SOFTWARE/arduino/BluePill/primeros_ejemplos/Blink/build/core/core.a(gpio_f1.c.o)
                0x000000002000008c                gpiob
 .data.gpioc    0x0000000020000094        0x8 /home/vladimir/Documentos/SOFTWARE/arduino/BluePill/primeros_ejemplos/Blink/build/core/core.a(gpio_f1.c.o)
                0x0000000020000094                gpioc
 .data.gpiod    0x000000002000009c        0x8 /home/vladimir/Documentos/SOFTWARE/arduino/BluePill/primeros_ejemplos/Blink/build/core/core.a(gpio_f1.c.o)
                0x000000002000009c                gpiod
 .data.i2c1     0x00000000200000a4       0x24 /home/vladimir/Documentos/SOFTWARE/arduino/BluePill/primeros_ejemplos/Blink/build/core/core.a(i2c_f1.c.o)
 .data.i2c2     0x00000000200000c8       0x24 /home/vladimir/Documentos/SOFTWARE/arduino/BluePill/primeros_ejemplos/Blink/build/core/core.a(i2c_f1.c.o)
 .data.enable_regs.4411
                0x00000000200000ec        0xc /home/vladimir/Documentos/SOFTWARE/arduino/BluePill/primeros_ejemplos/Blink/build/core/core.a(rcc_f1.c.o)
 .data.reset_regs.4415
                0x00000000200000f8        0x8 /home/vladimir/Documentos/SOFTWARE/arduino/BluePill/primeros_ejemplos/Blink/build/core/core.a(rcc_f1.c.o)
 .data.enable_regs.4424
                0x0000000020000100        0xc /home/vladimir/Documentos/SOFTWARE/arduino/BluePill/primeros_ejemplos/Blink/build/core/core.a(rcc_f1.c.o)
 .data.timer3   0x000000002000010c       0x24 /home/vladimir/Documentos/SOFTWARE/arduino/BluePill/primeros_ejemplos/Blink/build/core/core.a(timer.c.o)
                0x000000002000010c                timer3
 .data.timer4   0x0000000020000130       0x24 /home/vladimir/Documentos/SOFTWARE/arduino/BluePill/primeros_ejemplos/Blink/build/core/core.a(timer.c.o)
                0x0000000020000130                timer4
 .data.timer1   0x0000000020000154       0x28 /home/vladimir/Documentos/SOFTWARE/arduino/BluePill/primeros_ejemplos/Blink/build/core/core.a(timer.c.o)
                0x0000000020000154                timer1
 .data.timer2   0x000000002000017c       0x24 /home/vladimir/Documentos/SOFTWARE/arduino/BluePill/primeros_ejemplos/Blink/build/core/core.a(timer.c.o)
                0x000000002000017c                timer2
 .data.USART1   0x00000000200001a0        0x4 /home/vladimir/Documentos/SOFTWARE/arduino/BluePill/primeros_ejemplos/Blink/build/core/core.a(usart_f1.c.o)
                0x00000000200001a0                USART1
 .data.USART2   0x00000000200001a4        0x4 /home/vladimir/Documentos/SOFTWARE/arduino/BluePill/primeros_ejemplos/Blink/build/core/core.a(usart_f1.c.o)
                0x00000000200001a4                USART2
 .data.USART3   0x00000000200001a8        0x4 /home/vladimir/Documentos/SOFTWARE/arduino/BluePill/primeros_ejemplos/Blink/build/core/core.a(usart_f1.c.o)
                0x00000000200001a8                USART3
 .data.usart1   0x00000000200001ac       0x94 /home/vladimir/Documentos/SOFTWARE/arduino/BluePill/primeros_ejemplos/Blink/build/core/core.a(usart_f1.c.o)
 .data.usart2   0x0000000020000240       0x94 /home/vladimir/Documentos/SOFTWARE/arduino/BluePill/primeros_ejemplos/Blink/build/core/core.a(usart_f1.c.o)
 .data.usart3   0x00000000200002d4       0x94 /home/vladimir/Documentos/SOFTWARE/arduino/BluePill/primeros_ejemplos/Blink/build/core/core.a(usart_f1.c.o)
 .data.USBLIB   0x0000000020000368        0x4 /home/vladimir/Documentos/SOFTWARE/arduino/BluePill/primeros_ejemplos/Blink/build/core/core.a(usb.c.o)
                0x0000000020000368                USBLIB
 .data.usblib   0x000000002000036c       0x10 /home/vladimir/Documentos/SOFTWARE/arduino/BluePill/primeros_ejemplos/Blink/build/core/core.a(usb.c.o)
 .data.Config_Descriptor
                0x000000002000037c        0x8 /home/vladimir/Documentos/SOFTWARE/arduino/BluePill/primeros_ejemplos/Blink/build/core/core.a(usb_cdcacm.c.o)
 .data.Device_Property
                0x0000000020000384       0x30 /home/vladimir/Documentos/SOFTWARE/arduino/BluePill/primeros_ejemplos/Blink/build/core/core.a(usb_cdcacm.c.o)
                0x0000000020000384                Device_Property
 .data.ep_int_in
                0x00000000200003b4       0x1c /home/vladimir/Documentos/SOFTWARE/arduino/BluePill/primeros_ejemplos/Blink/build/core/core.a(usb_cdcacm.c.o)
 .data.String_Descriptor
                0x00000000200003d0       0x18 /home/vladimir/Documentos/SOFTWARE/arduino/BluePill/primeros_ejemplos/Blink/build/core/core.a(usb_cdcacm.c.o)
 .data.ep_int_out
                0x00000000200003e8       0x1c /home/vladimir/Documentos/SOFTWARE/arduino/BluePill/primeros_ejemplos/Blink/build/core/core.a(usb_cdcacm.c.o)
 .data.line_coding
                0x0000000020000404        0x7 /home/vladimir/Documentos/SOFTWARE/arduino/BluePill/primeros_ejemplos/Blink/build/core/core.a(usb_cdcacm.c.o)
 *fill*         0x000000002000040b        0x1 
 .data.User_Standard_Requests
                0x000000002000040c       0x24 /home/vladimir/Documentos/SOFTWARE/arduino/BluePill/primeros_ejemplos/Blink/build/core/core.a(usb_cdcacm.c.o)
                0x000000002000040c                User_Standard_Requests
 .data.Device_Descriptor
                0x0000000020000430        0x8 /home/vladimir/Documentos/SOFTWARE/arduino/BluePill/primeros_ejemplos/Blink/build/core/core.a(usb_cdcacm.c.o)
 .data.Device_Table
                0x0000000020000438        0x2 /home/vladimir/Documentos/SOFTWARE/arduino/BluePill/primeros_ejemplos/Blink/build/core/core.a(usb_cdcacm.c.o)
                0x0000000020000438                Device_Table
 *fill*         0x000000002000043a        0x6 
 .data.impure_data
                0x0000000020000440      0x428 /home/vladimir/.arduino15/packages/arduino/tools/arm-none-eabi-gcc/4.8.3-2014q1/bin/../lib/gcc/arm-none-eabi/4.8.3/../../../../arm-none-eabi/lib/armv7-m/libc.a(lib_a-impure.o)
                0x0000000020000868                . = ALIGN (0x8)
                0x0000000020000868                __data_end__ = .

.jcr            0x0000000020000868        0x0 load address 0x0000000008003478
 .jcr           0x0000000020000868        0x0 /home/vladimir/.arduino15/packages/arduino/tools/arm-none-eabi-gcc/4.8.3-2014q1/bin/../lib/gcc/arm-none-eabi/4.8.3/armv7-m/crtbegin.o

.igot.plt       0x0000000020000868        0x0 load address 0x0000000008003478
 .igot.plt      0x0000000000000000        0x0 /home/vladimir/.arduino15/packages/arduino/tools/arm-none-eabi-gcc/4.8.3-2014q1/bin/../lib/gcc/arm-none-eabi/4.8.3/armv7-m/crtbegin.o

.rodata         0x0000000008003478      0x37c
 *(.rodata .rodata.* .gnu.linkonce.r.*)
 .rodata.PIN_MAP
                0x0000000008003478      0x230 /home/vladimir/Documentos/SOFTWARE/arduino/BluePill/primeros_ejemplos/Blink/build/core/board.cpp.o
                0x0000000008003478                PIN_MAP
 .rodata.GPIOC  0x00000000080036a8        0x4 /home/vladimir/Documentos/SOFTWARE/arduino/BluePill/primeros_ejemplos/Blink/build/core/core.a(gpio_f1.c.o)
                0x00000000080036a8                GPIOC
 .rodata.rcc_dev_table
                0x00000000080036ac       0x5c /home/vladimir/Documentos/SOFTWARE/arduino/BluePill/primeros_ejemplos/Blink/build/core/core.a(rcc_f1.c.o)
                0x00000000080036ac                rcc_dev_table
 .rodata.masks.4420
                0x0000000008003708       0x14 /home/vladimir/Documentos/SOFTWARE/arduino/BluePill/primeros_ejemplos/Blink/build/core/core.a(rcc_f1.c.o)
 .rodata.usbVcomDescriptor_iProduct
                0x000000000800371c        0xc /home/vladimir/Documentos/SOFTWARE/arduino/BluePill/primeros_ejemplos/Blink/build/core/core.a(usb_cdcacm.c.o)
 .rodata.usbVcomDescriptor_iManufacturer
                0x0000000008003728       0x12 /home/vladimir/Documentos/SOFTWARE/arduino/BluePill/primeros_ejemplos/Blink/build/core/core.a(usb_cdcacm.c.o)
 .rodata.usbVcomDescriptor_Device
                0x000000000800373a       0x12 /home/vladimir/Documentos/SOFTWARE/arduino/BluePill/primeros_ejemplos/Blink/build/core/core.a(usb_cdcacm.c.o)
 .rodata.usbVcomDescriptor_Config
                0x000000000800374c       0x43 /home/vladimir/Documentos/SOFTWARE/arduino/BluePill/primeros_ejemplos/Blink/build/core/core.a(usb_cdcacm.c.o)
 .rodata.usbVcomDescriptor_LangID
                0x000000000800378f        0x4 /home/vladimir/Documentos/SOFTWARE/arduino/BluePill/primeros_ejemplos/Blink/build/core/core.a(usb_cdcacm.c.o)
 *fill*         0x0000000008003793        0x5 
 .rodata._ZTV14HardwareSerial
                0x0000000008003798       0x28 /home/vladimir/Documentos/SOFTWARE/arduino/BluePill/primeros_ejemplos/Blink/build/core/core.a(HardwareSerial.cpp.o)
                0x0000000008003798                vtable for HardwareSerial
 .rodata._ZTV9USBSerial
                0x00000000080037c0       0x28 /home/vladimir/Documentos/SOFTWARE/arduino/BluePill/primeros_ejemplos/Blink/build/core/core.a(usb_serial.cpp.o)
                0x00000000080037c0                vtable for USBSerial
 .rodata.str1.4
                0x00000000080037e8        0x4 /home/vladimir/.arduino15/packages/arduino/tools/arm-none-eabi-gcc/4.8.3-2014q1/bin/../lib/gcc/arm-none-eabi/4.8.3/../../../../arm-none-eabi/lib/armv7-m/libc.a(lib_a-impure.o)
 .rodata._global_impure_ptr
                0x00000000080037ec        0x4 /home/vladimir/.arduino15/packages/arduino/tools/arm-none-eabi-gcc/4.8.3-2014q1/bin/../lib/gcc/arm-none-eabi/4.8.3/../../../../arm-none-eabi/lib/armv7-m/libc.a(lib_a-impure.o)
                0x00000000080037ec                _global_impure_ptr
 *(.USER_FLASH)
                0x00000000080037f0                . = ALIGN (0x4)
                0x00000000080037f0                _lm_rom_img_cfgp = .
                0x00000000080037f0        0x4 LONG 0x8002c10 LOADADDR (.data)
                0x0000000020000c10                _lm_heap_start = DEFINED (_lm_heap_start)?_lm_heap_start:_end
                0x0000000020005000                _lm_heap_end = DEFINED (_lm_heap_end)?_lm_heap_end:__msp_init

.rel.dyn        0x00000000080037f4        0x0
 .rel.iplt      0x0000000000000000        0x0 /home/vladimir/.arduino15/packages/arduino/tools/arm-none-eabi-gcc/4.8.3-2014q1/bin/../lib/gcc/arm-none-eabi/4.8.3/armv7-m/crtbegin.o

.bss            0x0000000020000868      0x3a8
                0x0000000020000868                . = ALIGN (0x8)
                0x0000000020000868                __bss_start__ = .
 *(.bss .bss.* .gnu.linkonce.b.*)
 .bss           0x0000000020000868       0x1c /home/vladimir/.arduino15/packages/arduino/tools/arm-none-eabi-gcc/4.8.3-2014q1/bin/../lib/gcc/arm-none-eabi/4.8.3/armv7-m/crtbegin.o
 .bss.Serial1   0x0000000020000884       0x18 /home/vladimir/Documentos/SOFTWARE/arduino/BluePill/primeros_ejemplos/Blink/build/core/board.cpp.o
                0x0000000020000884                Serial1
 .bss.Serial2   0x000000002000089c       0x18 /home/vladimir/Documentos/SOFTWARE/arduino/BluePill/primeros_ejemplos/Blink/build/core/board.cpp.o
                0x000000002000089c                Serial2
 .bss.Serial3   0x00000000200008b4       0x18 /home/vladimir/Documentos/SOFTWARE/arduino/BluePill/primeros_ejemplos/Blink/build/core/board.cpp.o
                0x00000000200008b4                Serial3
 .bss.exti_channels
                0x00000000200008cc       0x80 /home/vladimir/Documentos/SOFTWARE/arduino/BluePill/primeros_ejemplos/Blink/build/core/core.a(exti.c.o)
 .bss.systick_user_callback
                0x000000002000094c        0x4 /home/vladimir/Documentos/SOFTWARE/arduino/BluePill/primeros_ejemplos/Blink/build/core/core.a(systick.c.o)
 .bss.usart1_wb
                0x0000000020000950        0xc /home/vladimir/Documentos/SOFTWARE/arduino/BluePill/primeros_ejemplos/Blink/build/core/core.a(usart_f1.c.o)
 .bss.usart1_rb
                0x000000002000095c        0xc /home/vladimir/Documentos/SOFTWARE/arduino/BluePill/primeros_ejemplos/Blink/build/core/core.a(usart_f1.c.o)
 .bss.usart2_rb
                0x0000000020000968        0xc /home/vladimir/Documentos/SOFTWARE/arduino/BluePill/primeros_ejemplos/Blink/build/core/core.a(usart_f1.c.o)
 .bss.usart3_rb
                0x0000000020000974        0xc /home/vladimir/Documentos/SOFTWARE/arduino/BluePill/primeros_ejemplos/Blink/build/core/core.a(usart_f1.c.o)
 .bss.usart2_wb
                0x0000000020000980        0xc /home/vladimir/Documentos/SOFTWARE/arduino/BluePill/primeros_ejemplos/Blink/build/core/core.a(usart_f1.c.o)
 .bss.usart3_wb
                0x000000002000098c        0xc /home/vladimir/Documentos/SOFTWARE/arduino/BluePill/primeros_ejemplos/Blink/build/core/core.a(usart_f1.c.o)
 .bss.line_dtr_rts
                0x0000000020000998        0x1 /home/vladimir/Documentos/SOFTWARE/arduino/BluePill/primeros_ejemplos/Blink/build/core/core.a(usb_cdcacm.c.o)
 .bss.vcomBufferTx
                0x0000000020000999      0x100 /home/vladimir/Documentos/SOFTWARE/arduino/BluePill/primeros_ejemplos/Blink/build/core/core.a(usb_cdcacm.c.o)
 *fill*         0x0000000020000a99        0x3 
 .bss.tx_head   0x0000000020000a9c        0x4 /home/vladimir/Documentos/SOFTWARE/arduino/BluePill/primeros_ejemplos/Blink/build/core/core.a(usb_cdcacm.c.o)
 .bss.rx_hook   0x0000000020000aa0        0x4 /home/vladimir/Documentos/SOFTWARE/arduino/BluePill/primeros_ejemplos/Blink/build/core/core.a(usb_cdcacm.c.o)
 .bss.vcomBufferRx
                0x0000000020000aa4      0x100 /home/vladimir/Documentos/SOFTWARE/arduino/BluePill/primeros_ejemplos/Blink/build/core/core.a(usb_cdcacm.c.o)
 .bss.transmitting
                0x0000000020000ba4        0x1 /home/vladimir/Documentos/SOFTWARE/arduino/BluePill/primeros_ejemplos/Blink/build/core/core.a(usb_cdcacm.c.o)
 *fill*         0x0000000020000ba5        0x3 
 .bss.rx_tail   0x0000000020000ba8        0x4 /home/vladimir/Documentos/SOFTWARE/arduino/BluePill/primeros_ejemplos/Blink/build/core/core.a(usb_cdcacm.c.o)
 .bss.iface_setup_hook
                0x0000000020000bac        0x4 /home/vladimir/Documentos/SOFTWARE/arduino/BluePill/primeros_ejemplos/Blink/build/core/core.a(usb_cdcacm.c.o)
 .bss.rx_head   0x0000000020000bb0        0x4 /home/vladimir/Documentos/SOFTWARE/arduino/BluePill/primeros_ejemplos/Blink/build/core/core.a(usb_cdcacm.c.o)
 .bss.tx_tail   0x0000000020000bb4        0x4 /home/vladimir/Documentos/SOFTWARE/arduino/BluePill/primeros_ejemplos/Blink/build/core/core.a(usb_cdcacm.c.o)
 .bss.Data_Mul_MaxPacketSize
                0x0000000020000bb8        0x1 /home/vladimir/Documentos/SOFTWARE/arduino/BluePill/primeros_ejemplos/Blink/build/core/core.a(usb_core.c.o)
                0x0000000020000bb8                Data_Mul_MaxPacketSize
 .bss._ZN9USBSerial9_hasBegunE
                0x0000000020000bb9        0x1 /home/vladimir/Documentos/SOFTWARE/arduino/BluePill/primeros_ejemplos/Blink/build/core/core.a(usb_serial.cpp.o)
                0x0000000020000bb9                USBSerial::_hasBegun
 *fill*         0x0000000020000bba        0x2 
 .bss.Serial    0x0000000020000bbc       0x10 /home/vladimir/Documentos/SOFTWARE/arduino/BluePill/primeros_ejemplos/Blink/build/core/core.a(usb_serial.cpp.o)
                0x0000000020000bbc                Serial
 .bss._ZL11reset_state
                0x0000000020000bcc        0x1 /home/vladimir/Documentos/SOFTWARE/arduino/BluePill/primeros_ejemplos/Blink/build/core/core.a(usb_serial.cpp.o)
 .bss._ZN9USBSerial11_isBlockingE
                0x0000000020000bcd        0x1 /home/vladimir/Documentos/SOFTWARE/arduino/BluePill/primeros_ejemplos/Blink/build/core/core.a(usb_serial.cpp.o)
                0x0000000020000bcd                USBSerial::_isBlocking
 *(COMMON)
 *fill*         0x0000000020000bce        0x2 
 COMMON         0x0000000020000bd0        0x4 /home/vladimir/Documentos/SOFTWARE/arduino/BluePill/primeros_ejemplos/Blink/build/core/core.a(systick.c.o)
                0x0000000020000bd0                systick_uptime_millis
 COMMON         0x0000000020000bd4        0x6 /home/vladimir/Documentos/SOFTWARE/arduino/BluePill/primeros_ejemplos/Blink/build/core/core.a(usb.c.o)
                0x0000000020000bd4                SaveRState
                0x0000000020000bd6                SaveTState
                0x0000000020000bd8                ResumeS
 COMMON         0x0000000020000bda        0x2 /home/vladimir/Documentos/SOFTWARE/arduino/BluePill/primeros_ejemplos/Blink/build/core/core.a(usb_core.c.o)
                0x0000000020000bda                StatusInfo
 COMMON         0x0000000020000bdc       0x32 /home/vladimir/Documentos/SOFTWARE/arduino/BluePill/primeros_ejemplos/Blink/build/core/core.a(usb_init.c.o)
                0x0000000020000bdc                SaveState
                0x0000000020000be0                pProperty
                0x0000000020000be4                EPindex
                0x0000000020000be8                Device_Info
                0x0000000020000c04                pUser_Standard_Requests
                0x0000000020000c08                pInformation
                0x0000000020000c0c                wInterrupt_Mask
                0x0000000020000c10                . = ALIGN (0x8)
 *fill*         0x0000000020000c0e        0x2 
                0x0000000020000c10                __bss_end__ = .
                0x0000000020000c10                _end = __bss_end__

.stab
 *(.stab)

.stabstr
 *(.stabstr)

.debug
 *(.debug)

.line
 *(.line)

.debug_srcinfo
 *(.debug_srcinfo)

.debug_sfnames
 *(.debug_sfnames)

.debug_aranges  0x0000000000000000      0xf88
 *(.debug_aranges)
 .debug_aranges
                0x0000000000000000       0x28 /home/vladimir/Documentos/SOFTWARE/arduino/BluePill/primeros_ejemplos/Blink/build/sketch/Blink.ino.cpp.o
 .debug_aranges
                0x0000000000000028       0x20 /home/vladimir/Documentos/SOFTWARE/arduino/BluePill/primeros_ejemplos/Blink/build/core/wirish/start.S.o
 .debug_aranges
                0x0000000000000048       0x20 /home/vladimir/Documentos/SOFTWARE/arduino/BluePill/primeros_ejemplos/Blink/build/core/wirish/start_c.c.o
 .debug_aranges
                0x0000000000000068       0x88 /home/vladimir/Documentos/SOFTWARE/arduino/BluePill/primeros_ejemplos/Blink/build/core/wirish/syscalls.c.o
 .debug_aranges
                0x00000000000000f0       0x28 /home/vladimir/Documentos/SOFTWARE/arduino/BluePill/primeros_ejemplos/Blink/build/core/board.cpp.o
 .debug_aranges
                0x0000000000000118       0x40 /home/vladimir/Documentos/SOFTWARE/arduino/BluePill/primeros_ejemplos/Blink/build/core/wirish/boards.cpp.o
 .debug_aranges
                0x0000000000000158       0x40 /home/vladimir/Documentos/SOFTWARE/arduino/BluePill/primeros_ejemplos/Blink/build/core/wirish/boards_setup.cpp.o
 .debug_aranges
                0x0000000000000198       0x20 /home/vladimir/Documentos/SOFTWARE/arduino/BluePill/primeros_ejemplos/Blink/build/core/core.a(exc.S.o)
 .debug_aranges
                0x00000000000001b8       0x20 /home/vladimir/Documentos/SOFTWARE/arduino/BluePill/primeros_ejemplos/Blink/build/core/core.a(isrs.S.o)
 .debug_aranges
                0x00000000000001d8       0x38 /home/vladimir/Documentos/SOFTWARE/arduino/BluePill/primeros_ejemplos/Blink/build/core/core.a(adc.c.o)
 .debug_aranges
                0x0000000000000210       0x58 /home/vladimir/Documentos/SOFTWARE/arduino/BluePill/primeros_ejemplos/Blink/build/core/core.a(adc_f1.c.o)
 .debug_aranges
                0x0000000000000268       0xa8 /home/vladimir/Documentos/SOFTWARE/arduino/BluePill/primeros_ejemplos/Blink/build/core/core.a(dma_f1.c.o)
 .debug_aranges
                0x0000000000000310       0x70 /home/vladimir/Documentos/SOFTWARE/arduino/BluePill/primeros_ejemplos/Blink/build/core/core.a(exti.c.o)
 .debug_aranges
                0x0000000000000380       0x20 /home/vladimir/Documentos/SOFTWARE/arduino/BluePill/primeros_ejemplos/Blink/build/core/core.a(exti_f1.c.o)
 .debug_aranges
                0x00000000000003a0       0x20 /home/vladimir/Documentos/SOFTWARE/arduino/BluePill/primeros_ejemplos/Blink/build/core/core.a(flash.c.o)
 .debug_aranges
                0x00000000000003c0       0x40 /home/vladimir/Documentos/SOFTWARE/arduino/BluePill/primeros_ejemplos/Blink/build/core/core.a(gpio_f1.c.o)
 .debug_aranges
                0x0000000000000400       0x50 /home/vladimir/Documentos/SOFTWARE/arduino/BluePill/primeros_ejemplos/Blink/build/core/core.a(i2c_f1.c.o)
 .debug_aranges
                0x0000000000000450       0x38 /home/vladimir/Documentos/SOFTWARE/arduino/BluePill/primeros_ejemplos/Blink/build/core/core.a(nvic.c.o)
 .debug_aranges
                0x0000000000000488       0x48 /home/vladimir/Documentos/SOFTWARE/arduino/BluePill/primeros_ejemplos/Blink/build/core/core.a(rcc.c.o)
 .debug_aranges
                0x00000000000004d0       0x48 /home/vladimir/Documentos/SOFTWARE/arduino/BluePill/primeros_ejemplos/Blink/build/core/core.a(rcc_f1.c.o)
 .debug_aranges
                0x0000000000000518       0x40 /home/vladimir/Documentos/SOFTWARE/arduino/BluePill/primeros_ejemplos/Blink/build/core/core.a(systick.c.o)
 .debug_aranges
                0x0000000000000558       0xa8 /home/vladimir/Documentos/SOFTWARE/arduino/BluePill/primeros_ejemplos/Blink/build/core/core.a(timer.c.o)
 .debug_aranges
                0x0000000000000600       0x58 /home/vladimir/Documentos/SOFTWARE/arduino/BluePill/primeros_ejemplos/Blink/build/core/core.a(usart_f1.c.o)
 .debug_aranges
                0x0000000000000658       0x20 /home/vladimir/Documentos/SOFTWARE/arduino/BluePill/primeros_ejemplos/Blink/build/core/core.a(usart_private.c.o)
 .debug_aranges
                0x0000000000000678       0x50 /home/vladimir/Documentos/SOFTWARE/arduino/BluePill/primeros_ejemplos/Blink/build/core/core.a(util.c.o)
 .debug_aranges
                0x00000000000006c8       0x38 /home/vladimir/Documentos/SOFTWARE/arduino/BluePill/primeros_ejemplos/Blink/build/core/core.a(usb.c.o)
 .debug_aranges
                0x0000000000000700      0x128 /home/vladimir/Documentos/SOFTWARE/arduino/BluePill/primeros_ejemplos/Blink/build/core/core.a(usb_cdcacm.c.o)
 .debug_aranges
                0x0000000000000828       0x20 /home/vladimir/Documentos/SOFTWARE/arduino/BluePill/primeros_ejemplos/Blink/build/core/core.a(usb_reg_map.c.o)
 .debug_aranges
                0x0000000000000848       0x98 /home/vladimir/Documentos/SOFTWARE/arduino/BluePill/primeros_ejemplos/Blink/build/core/core.a(usb_core.c.o)
 .debug_aranges
                0x00000000000008e0       0x20 /home/vladimir/Documentos/SOFTWARE/arduino/BluePill/primeros_ejemplos/Blink/build/core/core.a(usb_init.c.o)
 .debug_aranges
                0x0000000000000900       0x28 /home/vladimir/Documentos/SOFTWARE/arduino/BluePill/primeros_ejemplos/Blink/build/core/core.a(usb_mem.c.o)
 .debug_aranges
                0x0000000000000928      0x1f0 /home/vladimir/Documentos/SOFTWARE/arduino/BluePill/primeros_ejemplos/Blink/build/core/core.a(usb_regs.c.o)
 .debug_aranges
                0x0000000000000b18       0x70 /home/vladimir/Documentos/SOFTWARE/arduino/BluePill/primeros_ejemplos/Blink/build/core/core.a(HardwareSerial.cpp.o)
 .debug_aranges
                0x0000000000000b88      0x110 /home/vladimir/Documentos/SOFTWARE/arduino/BluePill/primeros_ejemplos/Blink/build/core/core.a(Print.cpp.o)
 .debug_aranges
                0x0000000000000c98       0x20 /home/vladimir/Documentos/SOFTWARE/arduino/BluePill/primeros_ejemplos/Blink/build/core/core.a(cxxabi-compat.cpp.o)
 .debug_aranges
                0x0000000000000cb8       0x28 /home/vladimir/Documentos/SOFTWARE/arduino/BluePill/primeros_ejemplos/Blink/build/core/core.a(main.cpp.o)
 .debug_aranges
                0x0000000000000ce0       0xe0 /home/vladimir/Documentos/SOFTWARE/arduino/BluePill/primeros_ejemplos/Blink/build/core/core.a(usb_serial.cpp.o)
 .debug_aranges
                0x0000000000000dc0       0x28 /home/vladimir/Documentos/SOFTWARE/arduino/BluePill/primeros_ejemplos/Blink/build/core/core.a(wirish_digital.cpp.o)
 .debug_aranges
                0x0000000000000de8       0x30 /home/vladimir/Documentos/SOFTWARE/arduino/BluePill/primeros_ejemplos/Blink/build/core/core.a(wirish_time.cpp.o)
 .debug_aranges
                0x0000000000000e18       0x20 /home/vladimir/Documentos/SOFTWARE/arduino/BluePill/primeros_ejemplos/Blink/build/core/core.a(wirish_digital_f1.cpp.o)
 .debug_aranges
                0x0000000000000e38       0x20 /home/vladimir/Documentos/SOFTWARE/arduino/BluePill/primeros_ejemplos/Blink/build/core/core.a(hooks.c.o)
 .debug_aranges
                0x0000000000000e58       0x40 /home/vladimir/Documentos/SOFTWARE/arduino/BluePill/primeros_ejemplos/Blink/build/core/core.a(bkp_f1.c.o)
 .debug_aranges
                0x0000000000000e98       0x28 /home/vladimir/Documentos/SOFTWARE/arduino/BluePill/primeros_ejemplos/Blink/build/core/core.a(dma.c.o)
 .debug_aranges
                0x0000000000000ec0       0x20 /home/vladimir/Documentos/SOFTWARE/arduino/BluePill/primeros_ejemplos/Blink/build/core/core.a(gpio.c.o)
 .debug_aranges
                0x0000000000000ee0       0x60 /home/vladimir/Documentos/SOFTWARE/arduino/BluePill/primeros_ejemplos/Blink/build/core/core.a(i2c.c.o)
 .debug_aranges
                0x0000000000000f40       0x48 /home/vladimir/Documentos/SOFTWARE/arduino/BluePill/primeros_ejemplos/Blink/build/core/core.a(usart.c.o)

.debug_pubnames
 *(.debug_pubnames)

.debug_info     0x0000000000000000    0x1fed8
 *(.debug_info .gnu.linkonce.wi.*)
 .debug_info    0x0000000000000000      0x338 /home/vladimir/Documentos/SOFTWARE/arduino/BluePill/primeros_ejemplos/Blink/build/sketch/Blink.ino.cpp.o
 .debug_info    0x0000000000000338       0xea /home/vladimir/Documentos/SOFTWARE/arduino/BluePill/primeros_ejemplos/Blink/build/core/wirish/start.S.o
 .debug_info    0x0000000000000422      0x176 /home/vladimir/Documentos/SOFTWARE/arduino/BluePill/primeros_ejemplos/Blink/build/core/wirish/start_c.c.o
 .debug_info    0x0000000000000598      0x5cd /home/vladimir/Documentos/SOFTWARE/arduino/BluePill/primeros_ejemplos/Blink/build/core/wirish/syscalls.c.o
 .debug_info    0x0000000000000b65      0xf2e /home/vladimir/Documentos/SOFTWARE/arduino/BluePill/primeros_ejemplos/Blink/build/core/board.cpp.o
 .debug_info    0x0000000000001a93     0x142d /home/vladimir/Documentos/SOFTWARE/arduino/BluePill/primeros_ejemplos/Blink/build/core/wirish/boards.cpp.o
 .debug_info    0x0000000000002ec0     0x10c5 /home/vladimir/Documentos/SOFTWARE/arduino/BluePill/primeros_ejemplos/Blink/build/core/wirish/boards_setup.cpp.o
 .debug_info    0x0000000000003f85       0xda /home/vladimir/Documentos/SOFTWARE/arduino/BluePill/primeros_ejemplos/Blink/build/core/core.a(exc.S.o)
 .debug_info    0x000000000000405f       0xef /home/vladimir/Documentos/SOFTWARE/arduino/BluePill/primeros_ejemplos/Blink/build/core/core.a(isrs.S.o)
 .debug_info    0x000000000000414e      0x79a /home/vladimir/Documentos/SOFTWARE/arduino/BluePill/primeros_ejemplos/Blink/build/core/core.a(adc.c.o)
 .debug_info    0x00000000000048e8      0xe4a /home/vladimir/Documentos/SOFTWARE/arduino/BluePill/primeros_ejemplos/Blink/build/core/core.a(adc_f1.c.o)
 .debug_info    0x0000000000005732     0x19f2 /home/vladimir/Documentos/SOFTWARE/arduino/BluePill/primeros_ejemplos/Blink/build/core/core.a(dma_f1.c.o)
 .debug_info    0x0000000000007124      0xedd /home/vladimir/Documentos/SOFTWARE/arduino/BluePill/primeros_ejemplos/Blink/build/core/core.a(exti.c.o)
 .debug_info    0x0000000000008001      0x213 /home/vladimir/Documentos/SOFTWARE/arduino/BluePill/primeros_ejemplos/Blink/build/core/core.a(exti_f1.c.o)
 .debug_info    0x0000000000008214      0x128 /home/vladimir/Documentos/SOFTWARE/arduino/BluePill/primeros_ejemplos/Blink/build/core/core.a(flash.c.o)
 .debug_info    0x000000000000833c      0x6d6 /home/vladimir/Documentos/SOFTWARE/arduino/BluePill/primeros_ejemplos/Blink/build/core/core.a(gpio_f1.c.o)
 .debug_info    0x0000000000008a12      0xbd5 /home/vladimir/Documentos/SOFTWARE/arduino/BluePill/primeros_ejemplos/Blink/build/core/core.a(i2c_f1.c.o)
 .debug_info    0x00000000000095e7      0x5a2 /home/vladimir/Documentos/SOFTWARE/arduino/BluePill/primeros_ejemplos/Blink/build/core/core.a(nvic.c.o)
 .debug_info    0x0000000000009b89      0x556 /home/vladimir/Documentos/SOFTWARE/arduino/BluePill/primeros_ejemplos/Blink/build/core/core.a(rcc.c.o)
 .debug_info    0x000000000000a0df      0xb64 /home/vladimir/Documentos/SOFTWARE/arduino/BluePill/primeros_ejemplos/Blink/build/core/core.a(rcc_f1.c.o)
 .debug_info    0x000000000000ac43      0x182 /home/vladimir/Documentos/SOFTWARE/arduino/BluePill/primeros_ejemplos/Blink/build/core/core.a(systick.c.o)
 .debug_info    0x000000000000adc5     0x1b6f /home/vladimir/Documentos/SOFTWARE/arduino/BluePill/primeros_ejemplos/Blink/build/core/core.a(timer.c.o)
 .debug_info    0x000000000000c934      0xbc4 /home/vladimir/Documentos/SOFTWARE/arduino/BluePill/primeros_ejemplos/Blink/build/core/core.a(usart_f1.c.o)
 .debug_info    0x000000000000d4f8      0x595 /home/vladimir/Documentos/SOFTWARE/arduino/BluePill/primeros_ejemplos/Blink/build/core/core.a(usart_private.c.o)
 .debug_info    0x000000000000da8d      0xad2 /home/vladimir/Documentos/SOFTWARE/arduino/BluePill/primeros_ejemplos/Blink/build/core/core.a(util.c.o)
 .debug_info    0x000000000000e55f      0xd16 /home/vladimir/Documentos/SOFTWARE/arduino/BluePill/primeros_ejemplos/Blink/build/core/core.a(usb.c.o)
 .debug_info    0x000000000000f275     0x22d2 /home/vladimir/Documentos/SOFTWARE/arduino/BluePill/primeros_ejemplos/Blink/build/core/core.a(usb_cdcacm.c.o)
 .debug_info    0x0000000000011547      0x26c /home/vladimir/Documentos/SOFTWARE/arduino/BluePill/primeros_ejemplos/Blink/build/core/core.a(usb_reg_map.c.o)
 .debug_info    0x00000000000117b3      0xddf /home/vladimir/Documentos/SOFTWARE/arduino/BluePill/primeros_ejemplos/Blink/build/core/core.a(usb_core.c.o)
 .debug_info    0x0000000000012592      0x3ed /home/vladimir/Documentos/SOFTWARE/arduino/BluePill/primeros_ejemplos/Blink/build/core/core.a(usb_init.c.o)
 .debug_info    0x000000000001297f      0x17b /home/vladimir/Documentos/SOFTWARE/arduino/BluePill/primeros_ejemplos/Blink/build/core/core.a(usb_mem.c.o)
 .debug_info    0x0000000000012afa      0xc88 /home/vladimir/Documentos/SOFTWARE/arduino/BluePill/primeros_ejemplos/Blink/build/core/core.a(usb_regs.c.o)
 .debug_info    0x0000000000013782     0x29ea /home/vladimir/Documentos/SOFTWARE/arduino/BluePill/primeros_ejemplos/Blink/build/core/core.a(HardwareSerial.cpp.o)
 .debug_info    0x000000000001616c     0x258c /home/vladimir/Documentos/SOFTWARE/arduino/BluePill/primeros_ejemplos/Blink/build/core/core.a(Print.cpp.o)
 .debug_info    0x00000000000186f8       0x33 /home/vladimir/Documentos/SOFTWARE/arduino/BluePill/primeros_ejemplos/Blink/build/core/core.a(cxxabi-compat.cpp.o)
 .debug_info    0x000000000001872b       0x99 /home/vladimir/Documentos/SOFTWARE/arduino/BluePill/primeros_ejemplos/Blink/build/core/core.a(main.cpp.o)
 .debug_info    0x00000000000187c4     0x2b76 /home/vladimir/Documentos/SOFTWARE/arduino/BluePill/primeros_ejemplos/Blink/build/core/core.a(usb_serial.cpp.o)
 .debug_info    0x000000000001b33a      0xb0b /home/vladimir/Documentos/SOFTWARE/arduino/BluePill/primeros_ejemplos/Blink/build/core/core.a(wirish_digital.cpp.o)
 .debug_info    0x000000000001be45      0x2c6 /home/vladimir/Documentos/SOFTWARE/arduino/BluePill/primeros_ejemplos/Blink/build/core/core.a(wirish_time.cpp.o)
 .debug_info    0x000000000001c10b      0xc8a /home/vladimir/Documentos/SOFTWARE/arduino/BluePill/primeros_ejemplos/Blink/build/core/core.a(wirish_digital_f1.cpp.o)
 .debug_info    0x000000000001cd95       0x33 /home/vladimir/Documentos/SOFTWARE/arduino/BluePill/primeros_ejemplos/Blink/build/core/core.a(hooks.c.o)
 .debug_info    0x000000000001cdc8      0x4ca /home/vladimir/Documentos/SOFTWARE/arduino/BluePill/primeros_ejemplos/Blink/build/core/core.a(bkp_f1.c.o)
 .debug_info    0x000000000001d292      0x6f7 /home/vladimir/Documentos/SOFTWARE/arduino/BluePill/primeros_ejemplos/Blink/build/core/core.a(dma.c.o)
 .debug_info    0x000000000001d989      0x313 /home/vladimir/Documentos/SOFTWARE/arduino/BluePill/primeros_ejemplos/Blink/build/core/core.a(gpio.c.o)
 .debug_info    0x000000000001dc9c     0x160a /home/vladimir/Documentos/SOFTWARE/arduino/BluePill/primeros_ejemplos/Blink/build/core/core.a(i2c.c.o)
 .debug_info    0x000000000001f2a6      0xc32 /home/vladimir/Documentos/SOFTWARE/arduino/BluePill/primeros_ejemplos/Blink/build/core/core.a(usart.c.o)

.debug_abbrev   0x0000000000000000     0x604e
 *(.debug_abbrev)
 .debug_abbrev  0x0000000000000000      0x115 /home/vladimir/Documentos/SOFTWARE/arduino/BluePill/primeros_ejemplos/Blink/build/sketch/Blink.ino.cpp.o
 .debug_abbrev  0x0000000000000115       0x14 /home/vladimir/Documentos/SOFTWARE/arduino/BluePill/primeros_ejemplos/Blink/build/core/wirish/start.S.o
 .debug_abbrev  0x0000000000000129      0x11f /home/vladimir/Documentos/SOFTWARE/arduino/BluePill/primeros_ejemplos/Blink/build/core/wirish/start_c.c.o
 .debug_abbrev  0x0000000000000248      0x17e /home/vladimir/Documentos/SOFTWARE/arduino/BluePill/primeros_ejemplos/Blink/build/core/wirish/syscalls.c.o
 .debug_abbrev  0x00000000000003c6      0x1ea /home/vladimir/Documentos/SOFTWARE/arduino/BluePill/primeros_ejemplos/Blink/build/core/board.cpp.o
 .debug_abbrev  0x00000000000005b0      0x3dd /home/vladimir/Documentos/SOFTWARE/arduino/BluePill/primeros_ejemplos/Blink/build/core/wirish/boards.cpp.o
 .debug_abbrev  0x000000000000098d      0x2af /home/vladimir/Documentos/SOFTWARE/arduino/BluePill/primeros_ejemplos/Blink/build/core/wirish/boards_setup.cpp.o
 .debug_abbrev  0x0000000000000c3c       0x14 /home/vladimir/Documentos/SOFTWARE/arduino/BluePill/primeros_ejemplos/Blink/build/core/core.a(exc.S.o)
 .debug_abbrev  0x0000000000000c50       0x14 /home/vladimir/Documentos/SOFTWARE/arduino/BluePill/primeros_ejemplos/Blink/build/core/core.a(isrs.S.o)
 .debug_abbrev  0x0000000000000c64      0x20b /home/vladimir/Documentos/SOFTWARE/arduino/BluePill/primeros_ejemplos/Blink/build/core/core.a(adc.c.o)
 .debug_abbrev  0x0000000000000e6f      0x2e6 /home/vladimir/Documentos/SOFTWARE/arduino/BluePill/primeros_ejemplos/Blink/build/core/core.a(adc_f1.c.o)
 .debug_abbrev  0x0000000000001155      0x3dd /home/vladimir/Documentos/SOFTWARE/arduino/BluePill/primeros_ejemplos/Blink/build/core/core.a(dma_f1.c.o)
 .debug_abbrev  0x0000000000001532      0x2a5 /home/vladimir/Documentos/SOFTWARE/arduino/BluePill/primeros_ejemplos/Blink/build/core/core.a(exti.c.o)
 .debug_abbrev  0x00000000000017d7       0xdb /home/vladimir/Documentos/SOFTWARE/arduino/BluePill/primeros_ejemplos/Blink/build/core/core.a(exti_f1.c.o)
 .debug_abbrev  0x00000000000018b2       0x9f /home/vladimir/Documentos/SOFTWARE/arduino/BluePill/primeros_ejemplos/Blink/build/core/core.a(flash.c.o)
 .debug_abbrev  0x0000000000001951      0x191 /home/vladimir/Documentos/SOFTWARE/arduino/BluePill/primeros_ejemplos/Blink/build/core/core.a(gpio_f1.c.o)
 .debug_abbrev  0x0000000000001ae2      0x202 /home/vladimir/Documentos/SOFTWARE/arduino/BluePill/primeros_ejemplos/Blink/build/core/core.a(i2c_f1.c.o)
 .debug_abbrev  0x0000000000001ce4      0x1ac /home/vladimir/Documentos/SOFTWARE/arduino/BluePill/primeros_ejemplos/Blink/build/core/core.a(nvic.c.o)
 .debug_abbrev  0x0000000000001e90      0x17f /home/vladimir/Documentos/SOFTWARE/arduino/BluePill/primeros_ejemplos/Blink/build/core/core.a(rcc.c.o)
 .debug_abbrev  0x000000000000200f      0x28c /home/vladimir/Documentos/SOFTWARE/arduino/BluePill/primeros_ejemplos/Blink/build/core/core.a(rcc_f1.c.o)
 .debug_abbrev  0x000000000000229b      0x10f /home/vladimir/Documentos/SOFTWARE/arduino/BluePill/primeros_ejemplos/Blink/build/core/core.a(systick.c.o)
 .debug_abbrev  0x00000000000023aa      0x474 /home/vladimir/Documentos/SOFTWARE/arduino/BluePill/primeros_ejemplos/Blink/build/core/core.a(timer.c.o)
 .debug_abbrev  0x000000000000281e      0x292 /home/vladimir/Documentos/SOFTWARE/arduino/BluePill/primeros_ejemplos/Blink/build/core/core.a(usart_f1.c.o)
 .debug_abbrev  0x0000000000002ab0      0x144 /home/vladimir/Documentos/SOFTWARE/arduino/BluePill/primeros_ejemplos/Blink/build/core/core.a(usart_private.c.o)
 .debug_abbrev  0x0000000000002bf4      0x2c9 /home/vladimir/Documentos/SOFTWARE/arduino/BluePill/primeros_ejemplos/Blink/build/core/core.a(util.c.o)
 .debug_abbrev  0x0000000000002ebd      0x352 /home/vladimir/Documentos/SOFTWARE/arduino/BluePill/primeros_ejemplos/Blink/build/core/core.a(usb.c.o)
 .debug_abbrev  0x000000000000320f      0x47d /home/vladimir/Documentos/SOFTWARE/arduino/BluePill/primeros_ejemplos/Blink/build/core/core.a(usb_cdcacm.c.o)
 .debug_abbrev  0x000000000000368c      0x193 /home/vladimir/Documentos/SOFTWARE/arduino/BluePill/primeros_ejemplos/Blink/build/core/core.a(usb_reg_map.c.o)
 .debug_abbrev  0x000000000000381f      0x3a6 /home/vladimir/Documentos/SOFTWARE/arduino/BluePill/primeros_ejemplos/Blink/build/core/core.a(usb_core.c.o)
 .debug_abbrev  0x0000000000003bc5      0x101 /home/vladimir/Documentos/SOFTWARE/arduino/BluePill/primeros_ejemplos/Blink/build/core/core.a(usb_init.c.o)
 .debug_abbrev  0x0000000000003cc6       0x90 /home/vladimir/Documentos/SOFTWARE/arduino/BluePill/primeros_ejemplos/Blink/build/core/core.a(usb_mem.c.o)
 .debug_abbrev  0x0000000000003d56      0x1f3 /home/vladimir/Documentos/SOFTWARE/arduino/BluePill/primeros_ejemplos/Blink/build/core/core.a(usb_regs.c.o)
 .debug_abbrev  0x0000000000003f49      0x535 /home/vladimir/Documentos/SOFTWARE/arduino/BluePill/primeros_ejemplos/Blink/build/core/core.a(HardwareSerial.cpp.o)