Archive member included because of file (symbol)

/home/vladimir/Documentos/SOFTWARE/arduino/BluePill/primeros_ejemplos/Thermocouple/build/core/core.a(exc.S.o)
                              (__exc_nmi)
/home/vladimir/Documentos/SOFTWARE/arduino/BluePill/primeros_ejemplos/Thermocouple/build/core/core.a(isrs.S.o)
                              (__stm32reservedexception7)
/home/vladimir/Documentos/SOFTWARE/arduino/BluePill/primeros_ejemplos/Thermocouple/build/core/core.a(vector_table.S.o)
                              (__stm32_vector_table)
/home/vladimir/Documentos/SOFTWARE/arduino/BluePill/primeros_ejemplos/Thermocouple/build/core/core.a(adc.c.o)
                              /home/vladimir/Documentos/SOFTWARE/arduino/BluePill/primeros_ejemplos/Thermocouple/build/core/wirish/boards.cpp.o (adc_set_sample_rate)
/home/vladimir/Documentos/SOFTWARE/arduino/BluePill/primeros_ejemplos/Thermocouple/build/core/core.a(adc_f1.c.o)
                              (__irq_adc)
/home/vladimir/Documentos/SOFTWARE/arduino/BluePill/primeros_ejemplos/Thermocouple/build/core/core.a(dma_f1.c.o)
                              (__irq_dma1_channel1)
/home/vladimir/Documentos/SOFTWARE/arduino/BluePill/primeros_ejemplos/Thermocouple/build/core/core.a(exti.c.o)
                              (__irq_exti0)
/home/vladimir/Documentos/SOFTWARE/arduino/BluePill/primeros_ejemplos/Thermocouple/build/core/core.a(exti_f1.c.o)
                              /home/vladimir/Documentos/SOFTWARE/arduino/BluePill/primeros_ejemplos/Thermocouple/build/core/core.a(exti.c.o) (exti_select)
/home/vladimir/Documentos/SOFTWARE/arduino/BluePill/primeros_ejemplos/Thermocouple/build/core/core.a(flash.c.o)
                              /home/vladimir/Documentos/SOFTWARE/arduino/BluePill/primeros_ejemplos/Thermocouple/build/core/wirish/boards.cpp.o (flash_set_latency)
/home/vladimir/Documentos/SOFTWARE/arduino/BluePill/primeros_ejemplos/Thermocouple/build/core/core.a(gpio_f1.c.o)
                              /home/vladimir/Documentos/SOFTWARE/arduino/BluePill/primeros_ejemplos/Thermocouple/build/core/wirish/boards_setup.cpp.o (gpio_init_all)
/home/vladimir/Documentos/SOFTWARE/arduino/BluePill/primeros_ejemplos/Thermocouple/build/core/core.a(i2c_f1.c.o)
                              (__irq_i2c1_ev)
/home/vladimir/Documentos/SOFTWARE/arduino/BluePill/primeros_ejemplos/Thermocouple/build/core/core.a(nvic.c.o)
                              /home/vladimir/Documentos/SOFTWARE/arduino/BluePill/primeros_ejemplos/Thermocouple/build/core/core.a(i2c_f1.c.o) (nvic_irq_set_priority)
/home/vladimir/Documentos/SOFTWARE/arduino/BluePill/primeros_ejemplos/Thermocouple/build/core/core.a(rcc.c.o)
                              /home/vladimir/Documentos/SOFTWARE/arduino/BluePill/primeros_ejemplos/Thermocouple/build/core/wirish/boards.cpp.o (rcc_switch_sysclk)
/home/vladimir/Documentos/SOFTWARE/arduino/BluePill/primeros_ejemplos/Thermocouple/build/core/core.a(rcc_f1.c.o)
                              /home/vladimir/Documentos/SOFTWARE/arduino/BluePill/primeros_ejemplos/Thermocouple/build/core/wirish/boards.cpp.o (rcc_configure_pll)
/home/vladimir/Documentos/SOFTWARE/arduino/BluePill/primeros_ejemplos/Thermocouple/build/core/core.a(systick.c.o)
                              /home/vladimir/Documentos/SOFTWARE/arduino/BluePill/primeros_ejemplos/Thermocouple/build/core/wirish/boards.cpp.o (systick_init)
/home/vladimir/Documentos/SOFTWARE/arduino/BluePill/primeros_ejemplos/Thermocouple/build/core/core.a(timer.c.o)
                              /home/vladimir/Documentos/SOFTWARE/arduino/BluePill/primeros_ejemplos/Thermocouple/build/core/wirish/boards.cpp.o (timer_foreach)
/home/vladimir/Documentos/SOFTWARE/arduino/BluePill/primeros_ejemplos/Thermocouple/build/core/core.a(usart_f1.c.o)
                              (__irq_usart1)
/home/vladimir/Documentos/SOFTWARE/arduino/BluePill/primeros_ejemplos/Thermocouple/build/core/core.a(usart_private.c.o)
                              /home/vladimir/Documentos/SOFTWARE/arduino/BluePill/primeros_ejemplos/Thermocouple/build/core/core.a(usart_f1.c.o) (_usart_clock_freq)
/home/vladimir/Documentos/SOFTWARE/arduino/BluePill/primeros_ejemplos/Thermocouple/build/core/core.a(util.c.o)
                              /home/vladimir/Documentos/SOFTWARE/arduino/BluePill/primeros_ejemplos/Thermocouple/build/core/core.a(exc.S.o) (__error)
/home/vladimir/Documentos/SOFTWARE/arduino/BluePill/primeros_ejemplos/Thermocouple/build/core/core.a(usb.c.o)
                              (__irq_usb_lp_can_rx0)
/home/vladimir/Documentos/SOFTWARE/arduino/BluePill/primeros_ejemplos/Thermocouple/build/core/core.a(usb_cdcacm.c.o)
                              /home/vladimir/Documentos/SOFTWARE/arduino/BluePill/primeros_ejemplos/Thermocouple/build/core/core.a(usb.c.o) (User_Standard_Requests)
/home/vladimir/Documentos/SOFTWARE/arduino/BluePill/primeros_ejemplos/Thermocouple/build/core/core.a(usb_reg_map.c.o)
[...]
Memory Configuration

Name             Origin             Length             Attributes
ram              0x0000000020000000 0x0000000000005000 xrw
rom              0x0000000008000000 0x0000000000020000 xr
*default*        0x0000000000000000 0xffffffffffffffff

Linker script and memory map

LOAD /home/vladimir/.arduino15/packages/arduino/tools/arm-none-eabi-gcc/4.8.3-2014q1/bin/../lib/gcc/arm-none-eabi/4.8.3/armv7-m/crti.o
LOAD /home/vladimir/.arduino15/packages/arduino/tools/arm-none-eabi-gcc/4.8.3-2014q1/bin/../lib/gcc/arm-none-eabi/4.8.3/armv7-m/crtbegin.o
LOAD /home/vladimir/.arduino15/packages/arduino/tools/arm-none-eabi-gcc/4.8.3-2014q1/bin/../lib/gcc/arm-none-eabi/4.8.3/../../../../arm-none-eabi/lib/armv7-m/crt0.o
LOAD /home/vladimir/.arduino15/packages/arduino/tools/arm-none-eabi-gcc/4.8.3-2014q1/bin/../lib/gcc/arm-none-eabi/4.8.3/armv7-m/libgcc.a
START GROUP
LOAD /home/vladimir/Documentos/SOFTWARE/arduino/BluePill/primeros_ejemplos/Thermocouple/build/sketch/Thermocouple.ino.cpp.o
LOAD /home/vladimir/Documentos/SOFTWARE/arduino/BluePill/primeros_ejemplos/Thermocouple/build/libraries/MAX6675_library-1.0.1/max6675.cpp.o
LOAD /home/vladimir/Documentos/SOFTWARE/arduino/BluePill/primeros_ejemplos/Thermocouple/build/core/wirish/start.S.o
LOAD /home/vladimir/Documentos/SOFTWARE/arduino/BluePill/primeros_ejemplos/Thermocouple/build/core/wirish/start_c.c.o
LOAD /home/vladimir/Documentos/SOFTWARE/arduino/BluePill/primeros_ejemplos/Thermocouple/build/core/wirish/syscalls.c.o
LOAD /home/vladimir/Documentos/SOFTWARE/arduino/BluePill/primeros_ejemplos/Thermocouple/build/core/board.cpp.o
LOAD /home/vladimir/Documentos/SOFTWARE/arduino/BluePill/primeros_ejemplos/Thermocouple/build/core/wirish/boards.cpp.o
LOAD /home/vladimir/Documentos/SOFTWARE/arduino/BluePill/primeros_ejemplos/Thermocouple/build/core/wirish/boards_setup.cpp.o
LOAD /home/vladimir/Documentos/SOFTWARE/arduino/BluePill/primeros_ejemplos/Thermocouple/build/core/core.a
END GROUP
LOAD /home/vladimir/.arduino15/packages/arduino/tools/arm-none-eabi-gcc/4.8.3-2014q1/bin/../lib/gcc/arm-none-eabi/4.8.3/../../../../arm-none-eabi/lib/armv7-m/libstdc++.a
LOAD /home/vladimir/.arduino15/packages/arduino/tools/arm-none-eabi-gcc/4.8.3-2014q1/bin/../lib/gcc/arm-none-eabi/4.8.3/../../../../arm-none-eabi/lib/armv7-m/libm.a
START GROUP
LOAD /home/vladimir/.arduino15/packages/arduino/tools/arm-none-eabi-gcc/4.8.3-2014q1/bin/../lib/gcc/arm-none-eabi/4.8.3/armv7-m/libgcc.a
LOAD /home/vladimir/.arduino15/packages/arduino/tools/arm-none-eabi-gcc/4.8.3-2014q1/bin/../lib/gcc/arm-none-eabi/4.8.3/../../../../arm-none-eabi/lib/armv7-m/libc.a
END GROUP
LOAD /home/vladimir/.arduino15/packages/arduino/tools/arm-none-eabi-gcc/4.8.3-2014q1/bin/../lib/gcc/arm-none-eabi/4.8.3/armv7-m/crtend.o
LOAD /home/vladimir/.arduino15/packages/arduino/tools/arm-none-eabi-gcc/4.8.3-2014q1/bin/../lib/gcc/arm-none-eabi/4.8.3/armv7-m/crtn.o
START GROUP
LOAD /home/vladimir/.arduino15/packages/arduino/tools/arm-none-eabi-gcc/4.8.3-2014q1/bin/../lib/gcc/arm-none-eabi/4.8.3/armv7-m/libgcc.a
LOAD /home/vladimir/.arduino15/packages/arduino/tools/arm-none-eabi-gcc/4.8.3-2014q1/bin/../lib/gcc/arm-none-eabi/4.8.3/../../../../arm-none-eabi/lib/armv7-m/libc.a
LOAD /home/vladimir/.arduino15/packages/arduino/tools/arm-none-eabi-gcc/4.8.3-2014q1/bin/../lib/gcc/arm-none-eabi/4.8.3/../../../../arm-none-eabi/lib/armv7-m/libm.a
END GROUP
START GROUP
LOAD /home/vladimir/.arduino15/packages/arduino/tools/arm-none-eabi-gcc/4.8.3-2014q1/bin/../lib/gcc/arm-none-eabi/4.8.3/../../../../arm-none-eabi/lib/armv7-m/libnosys.a
END GROUP
                0x0000000020005000                PROVIDE (__msp_init, (ORIGIN (ram) + 0x5000))
                0x0000000008000294                PROVIDE (__exc_reset, __start__)

.text           0x0000000008000000     0x387c
                0x0000000008000000                __text_start__ = .
 *(.stm32.interrupt_vector)
 .stm32.interrupt_vector
                0x0000000008000000       0xec /home/vladimir/Documentos/SOFTWARE/arduino/BluePill/primeros_ejemplos/Thermocouple/build/core/core.a(vector_table.S.o)
                0x0000000008000000                __stm32_vector_table
 *(.text .text.* .gnu.linkonce.t.*)
 .text          0x00000000080000ec       0x54 /home/vladimir/.arduino15/packages/arduino/tools/arm-none-eabi-gcc/4.8.3-2014q1/bin/../lib/gcc/arm-none-eabi/4.8.3/armv7-m/crtbegin.o
 .text._Z5setupv
                0x0000000008000140       0x20 /home/vladimir/Documentos/SOFTWARE/arduino/BluePill/primeros_ejemplos/Thermocouple/build/sketch/Thermocouple.ino.cpp.o
                0x0000000008000140                setup()
 .text._Z4loopv
                0x0000000008000160       0x50 /home/vladimir/Documentos/SOFTWARE/arduino/BluePill/primeros_ejemplos/Thermocouple/build/sketch/Thermocouple.ino.cpp.o
                0x0000000008000160                loop()
 .text.startup._GLOBAL__sub_I_thermoDO
                0x00000000080001b0       0x28 /home/vladimir/Documentos/SOFTWARE/arduino/BluePill/primeros_ejemplos/Thermocouple/build/sketch/Thermocouple.ino.cpp.o
 .text._ZN7MAX6675C2Eaaa
                0x00000000080001d8       0x2e /home/vladimir/Documentos/SOFTWARE/arduino/BluePill/primeros_ejemplos/Thermocouple/build/libraries/MAX6675_library-1.0.1/max6675.cpp.o
                0x00000000080001d8                MAX6675::MAX6675(signed char, signed char, signed char)
                0x00000000080001d8                MAX6675::MAX6675(signed char, signed char, signed char)
 .text._ZN7MAX66757spireadEv
                0x0000000008000206       0x3e /home/vladimir/Documentos/SOFTWARE/arduino/BluePill/primeros_ejemplos/Thermocouple/build/libraries/MAX6675_library-1.0.1/max6675.cpp.o
                0x0000000008000206                MAX6675::spiread()
 .text._ZN7MAX667511readCelsiusEv
                0x0000000008000244       0x50 /home/vladimir/Documentos/SOFTWARE/arduino/BluePill/primeros_ejemplos/Thermocouple/build/libraries/MAX6675_library-1.0.1/max6675.cpp.o
                0x0000000008000244                MAX6675::readCelsius()
 .text          0x0000000008000294       0x10 /home/vladimir/Documentos/SOFTWARE/arduino/BluePill/primeros_ejemplos/Thermocouple/build/core/wirish/start.S.o
                0x0000000008000294                __start__
 .text.start_c  0x00000000080002a4       0x64 /home/vladimir/Documentos/SOFTWARE/arduino/BluePill/primeros_ejemplos/Thermocouple/build/core/wirish/start_c.c.o
                0x00000000080002a4                start_c
 .text._exit    0x0000000008000308        0x2 /home/vladimir/Documentos/SOFTWARE/arduino/BluePill/primeros_ejemplos/Thermocouple/build/core/wirish/syscalls.c.o
                0x0000000008000308                _exit
 .text._Z9boardInitv
                0x000000000800030a        0x2 /home/vladimir/Documentos/SOFTWARE/arduino/BluePill/primeros_ejemplos/Thermocouple/build/core/board.cpp.o
                0x000000000800030a                boardInit()
 .text.startup._GLOBAL__sub_I__Z9boardInitv
                0x000000000800030c       0x48 /home/vladimir/Documentos/SOFTWARE/arduino/BluePill/primeros_ejemplos/Thermocouple/build/core/board.cpp.o
 .text._ZL18adc_default_configP7adc_dev
                0x0000000008000354       0x1c /home/vladimir/Documentos/SOFTWARE/arduino/BluePill/primeros_ejemplos/Thermocouple/build/core/wirish/boards.cpp.o
 .text._ZL20timer_default_configP9timer_dev
                0x0000000008000370       0x9e /home/vladimir/Documentos/SOFTWARE/arduino/BluePill/primeros_ejemplos/Thermocouple/build/core/wirish/boards.cpp.o
 *fill*         0x000000000800040e        0x2 
 .text._Z4initv
                0x0000000008000410       0xbc /home/vladimir/Documentos/SOFTWARE/arduino/BluePill/primeros_ejemplos/Thermocouple/build/core/wirish/boards.cpp.o
                0x0000000008000410                init()
 .text._ZN6wirish4priv15board_reset_pllEv
                0x00000000080004cc        0x2 /home/vladimir/Documentos/SOFTWARE/arduino/BluePill/primeros_ejemplos/Thermocouple/build/core/wirish/boards_setup.cpp.o
                0x00000000080004cc                wirish::priv::board_reset_pll()
 .text._ZN6wirish4priv28board_setup_clock_prescalersEv
                0x00000000080004ce       0x2e /home/vladimir/Documentos/SOFTWARE/arduino/BluePill/primeros_ejemplos/Thermocouple/build/core/wirish/boards_setup.cpp.o
                0x00000000080004ce                wirish::priv::board_setup_clock_prescalers()
 .text._ZN6wirish4priv16board_setup_gpioEv
                0x00000000080004fc        0x4 /home/vladimir/Documentos/SOFTWARE/arduino/BluePill/primeros_ejemplos/Thermocouple/build/core/wirish/boards_setup.cpp.o
                0x00000000080004fc                wirish::priv::board_setup_gpio()
 .text._ZN6wirish4priv15board_setup_usbEv
                0x0000000008000500       0x54 /home/vladimir/Documentos/SOFTWARE/arduino/BluePill/primeros_ejemplos/Thermocouple/build/core/wirish/boards_setup.cpp.o
                0x0000000008000500                wirish::priv::board_setup_usb()
 .text._ZN6wirish4priv11series_initEv
                0x0000000008000554        0x4 /home/vladimir/Documentos/SOFTWARE/arduino/BluePill/primeros_ejemplos/Thermocouple/build/core/wirish/boards_setup.cpp.o
                0x0000000008000554                wirish::priv::series_init()
 *fill*         0x0000000008000558        0x8 
 .text          0x0000000008000560       0x60 /home/vladimir/Documentos/SOFTWARE/arduino/BluePill/primeros_ejemplos/Thermocouple/build/core/core.a(exc.S.o)
                0x0000000008000560                __exc_nmi
                0x0000000008000564                __exc_hardfault
                0x0000000008000568                __exc_memmanage
                0x000000000800056c                __exc_busfault
                0x0000000008000570                __exc_usagefault
 .text          0x00000000080005c0        0x2 /home/vladimir/Documentos/SOFTWARE/arduino/BluePill/primeros_ejemplos/Thermocouple/build/core/core.a(isrs.S.o)
                0x00000000080005c0                __stm32reservedexception9
                0x00000000080005c0                __exc_debug_monitor
                0x00000000080005c0                __exc_svc
                0x00000000080005c0                __irq_can_rx1
                0x00000000080005c0                __irq_spi2
                0x00000000080005c0                __irq_can_sce
                0x00000000080005c0                __irq_pvd
                0x00000000080005c0                __irq_tamper
                0x00000000080005c0                __default_handler
                0x00000000080005c0                __irq_wwdg
                0x00000000080005c0                __stm32reservedexception10
                0x00000000080005c0                __irq_flash
                0x00000000080005c0                __stm32reservedexception13
                0x00000000080005c0                __irq_rtc
                0x00000000080005c0                __irq_spi1
                0x00000000080005c0                __stm32reservedexception7
                0x00000000080005c0                __irq_usb_hp_can_tx
                0x00000000080005c0                __irq_rtcalarm
                0x00000000080005c0                __stm32reservedexception8
                0x00000000080005c0                __exc_pendsv
                0x00000000080005c0                __irq_usbwakeup
                0x00000000080005c0                __irq_rcc
 .text.adc_init
                0x00000000080005c2       0x14 /home/vladimir/Documentos/SOFTWARE/arduino/BluePill/primeros_ejemplos/Thermocouple/build/core/core.a(adc.c.o)
                0x00000000080005c2                adc_init
 .text.adc_set_extsel
                0x00000000080005d6       0x12 /home/vladimir/Documentos/SOFTWARE/arduino/BluePill/primeros_ejemplos/Thermocouple/build/core/core.a(adc.c.o)
                0x00000000080005d6                adc_set_extsel
 .text.adc_set_sample_rate
                0x00000000080005e8       0x30 /home/vladimir/Documentos/SOFTWARE/arduino/BluePill/primeros_ejemplos/Thermocouple/build/core/core.a(adc.c.o)
                0x00000000080005e8                adc_set_sample_rate
 .text.__irq_adc
                0x0000000008000618       0x50 /home/vladimir/Documentos/SOFTWARE/arduino/BluePill/primeros_ejemplos/Thermocouple/build/core/core.a(adc_f1.c.o)
                0x0000000008000618                __irq_adc
 .text.adc_calibrate
                0x0000000008000668       0x24 /home/vladimir/Documentos/SOFTWARE/arduino/BluePill/primeros_ejemplos/Thermocouple/build/core/core.a(adc_f1.c.o)
                0x0000000008000668                adc_calibrate
 .text.adc_set_prescaler
                0x000000000800068c        0x8 /home/vladimir/Documentos/SOFTWARE/arduino/BluePill/primeros_ejemplos/Thermocouple/build/core/core.a(adc_f1.c.o)
                0x000000000800068c                adc_set_prescaler
 .text.adc_foreach
                0x0000000008000694       0x1c /home/vladimir/Documentos/SOFTWARE/arduino/BluePill/primeros_ejemplos/Thermocouple/build/core/core.a(adc_f1.c.o)
                0x0000000008000694                adc_foreach
 .text.adc_enable_single_swstart
                0x00000000080006b0       0x36 /home/vladimir/Documentos/SOFTWARE/arduino/BluePill/primeros_ejemplos/Thermocouple/build/core/core.a(adc_f1.c.o)
                0x00000000080006b0                adc_enable_single_swstart
 *fill*         0x00000000080006e6        0x2 
 .text.__irq_dma1_channel1
                0x00000000080006e8       0x18 /home/vladimir/Documentos/SOFTWARE/arduino/BluePill/primeros_ejemplos/Thermocouple/build/core/core.a(dma_f1.c.o)
                0x00000000080006e8                __irq_dma1_channel1
 .text.__irq_dma1_channel2
                0x0000000008000700       0x18 /home/vladimir/Documentos/SOFTWARE/arduino/BluePill/primeros_ejemplos/Thermocouple/build/core/core.a(dma_f1.c.o)
                0x0000000008000700                __irq_dma1_channel2
 .text.__irq_dma1_channel3
                0x0000000008000718       0x1c /home/vladimir/Documentos/SOFTWARE/arduino/BluePill/primeros_ejemplos/Thermocouple/build/core/core.a(dma_f1.c.o)
                0x0000000008000718                __irq_dma1_channel3
 .text.__irq_dma1_channel4
                0x0000000008000734       0x1c /home/vladimir/Documentos/SOFTWARE/arduino/BluePill/primeros_ejemplos/Thermocouple/build/core/core.a(dma_f1.c.o)
                0x0000000008000734                __irq_dma1_channel4
 .text.__irq_dma1_channel5
                0x0000000008000750       0x1c /home/vladimir/Documentos/SOFTWARE/arduino/BluePill/primeros_ejemplos/Thermocouple/build/core/core.a(dma_f1.c.o)
                0x0000000008000750                __irq_dma1_channel5
 .text.__irq_dma1_channel6
                0x000000000800076c       0x1c /home/vladimir/Documentos/SOFTWARE/arduino/BluePill/primeros_ejemplos/Thermocouple/build/core/core.a(dma_f1.c.o)
                0x000000000800076c                __irq_dma1_channel6
 .text.__irq_dma1_channel7
                0x0000000008000788       0x1c /home/vladimir/Documentos/SOFTWARE/arduino/BluePill/primeros_ejemplos/Thermocouple/build/core/core.a(dma_f1.c.o)
                0x0000000008000788                __irq_dma1_channel7
 .text.__irq_exti0
                0x00000000080007a4       0x20 /home/vladimir/Documentos/SOFTWARE/arduino/BluePill/primeros_ejemplos/Thermocouple/build/core/core.a(exti.c.o)
                0x00000000080007a4                __irq_exti0
 .text.__irq_exti1
                0x00000000080007c4       0x20 /home/vladimir/Documentos/SOFTWARE/arduino/BluePill/primeros_ejemplos/Thermocouple/build/core/core.a(exti.c.o)
                0x00000000080007c4                __irq_exti1
 .text.__irq_exti2
                0x00000000080007e4       0x20 /home/vladimir/Documentos/SOFTWARE/arduino/BluePill/primeros_ejemplos/Thermocouple/build/core/core.a(exti.c.o)
                0x00000000080007e4                __irq_exti2
 .text.__irq_exti3
                0x0000000008000804       0x20 /home/vladimir/Documentos/SOFTWARE/arduino/BluePill/primeros_ejemplos/Thermocouple/build/core/core.a(exti.c.o)
                0x0000000008000804                __irq_exti3
 .text.__irq_exti4
                0x0000000008000824       0x20 /home/vladimir/Documentos/SOFTWARE/arduino/BluePill/primeros_ejemplos/Thermocouple/build/core/core.a(exti.c.o)
                0x0000000008000824                __irq_exti4
 .text.__irq_exti9_5
                0x0000000008000844       0x44 /home/vladimir/Documentos/SOFTWARE/arduino/BluePill/primeros_ejemplos/Thermocouple/build/core/core.a(exti.c.o)
                0x0000000008000844                __irq_exti9_5
 .text.__irq_exti15_10
                0x0000000008000888       0x44 /home/vladimir/Documentos/SOFTWARE/arduino/BluePill/primeros_ejemplos/Thermocouple/build/core/core.a(exti.c.o)
                0x0000000008000888                __irq_exti15_10
 .text.flash_set_latency
                0x00000000080008cc       0x14 /home/vladimir/Documentos/SOFTWARE/arduino/BluePill/primeros_ejemplos/Thermocouple/build/core/core.a(flash.c.o)
                0x00000000080008cc                flash_set_latency
 .text.gpio_init_all
                0x00000000080008e0       0x30 /home/vladimir/Documentos/SOFTWARE/arduino/BluePill/primeros_ejemplos/Thermocouple/build/core/core.a(gpio_f1.c.o)
                0x00000000080008e0                gpio_init_all
 .text.gpio_set_mode
                0x0000000008000910       0x50 /home/vladimir/Documentos/SOFTWARE/arduino/BluePill/primeros_ejemplos/Thermocouple/build/core/core.a(gpio_f1.c.o)
                0x0000000008000910                gpio_set_mode
 .text.afio_init
                0x0000000008000960       0x12 /home/vladimir/Documentos/SOFTWARE/arduino/BluePill/primeros_ejemplos/Thermocouple/build/core/core.a(gpio_f1.c.o)
                0x0000000008000960                afio_init
 *fill*         0x0000000008000972        0x2 
 .text.__irq_i2c1_ev
                0x0000000008000974        0xc /home/vladimir/Documentos/SOFTWARE/arduino/BluePill/primeros_ejemplos/Thermocouple/build/core/core.a(i2c_f1.c.o)
                0x0000000008000974                __irq_i2c1_ev
 .text.__irq_i2c2_ev
                0x0000000008000980        0xc /home/vladimir/Documentos/SOFTWARE/arduino/BluePill/primeros_ejemplos/Thermocouple/build/core/core.a(i2c_f1.c.o)
                0x0000000008000980                __irq_i2c2_ev
 .text.__irq_i2c1_er
                0x000000000800098c        0xc /home/vladimir/Documentos/SOFTWARE/arduino/BluePill/primeros_ejemplos/Thermocouple/build/core/core.a(i2c_f1.c.o)
                0x000000000800098c                __irq_i2c1_er
 .text.__irq_i2c2_er
                0x0000000008000998        0xc /home/vladimir/Documentos/SOFTWARE/arduino/BluePill/primeros_ejemplos/Thermocouple/build/core/core.a(i2c_f1.c.o)
                0x0000000008000998                __irq_i2c2_er
 .text._i2c_irq_priority_fixup
                0x00000000080009a4       0x1c /home/vladimir/Documentos/SOFTWARE/arduino/BluePill/primeros_ejemplos/Thermocouple/build/core/core.a(i2c_f1.c.o)
                0x00000000080009a4                _i2c_irq_priority_fixup
 .text.nvic_irq_set_priority
                0x00000000080009c0       0x28 /home/vladimir/Documentos/SOFTWARE/arduino/BluePill/primeros_ejemplos/Thermocouple/build/core/core.a(nvic.c.o)
                0x00000000080009c0                nvic_irq_set_priority
 .text.nvic_init
                0x00000000080009e8       0x30 /home/vladimir/Documentos/SOFTWARE/arduino/BluePill/primeros_ejemplos/Thermocouple/build/core/core.a(nvic.c.o)
                0x00000000080009e8                nvic_init
 .text.nvic_sys_reset
                0x0000000008000a18       0x1c /home/vladimir/Documentos/SOFTWARE/arduino/BluePill/primeros_ejemplos/Thermocouple/build/core/core.a(nvic.c.o)
                0x0000000008000a18                nvic_sys_reset
 .text.rcc_dev_clk
                0x0000000008000a34        0xc /home/vladimir/Documentos/SOFTWARE/arduino/BluePill/primeros_ejemplos/Thermocouple/build/core/core.a(rcc.c.o)
                0x0000000008000a34                rcc_dev_clk
 .text.rcc_switch_sysclk
                0x0000000008000a40       0x20 /home/vladimir/Documentos/SOFTWARE/arduino/BluePill/primeros_ejemplos/Thermocouple/build/core/core.a(rcc.c.o)
                0x0000000008000a40                rcc_switch_sysclk
 .text.rcc_turn_on_clk
                0x0000000008000a60       0x1a /home/vladimir/Documentos/SOFTWARE/arduino/BluePill/primeros_ejemplos/Thermocouple/build/core/core.a(rcc.c.o)
                0x0000000008000a60                rcc_turn_on_clk
 .text.rcc_turn_off_clk
                0x0000000008000a7a       0x1c /home/vladimir/Documentos/SOFTWARE/arduino/BluePill/primeros_ejemplos/Thermocouple/build/core/core.a(rcc.c.o)
                0x0000000008000a7a                rcc_turn_off_clk
 .text.rcc_is_clk_ready
                0x0000000008000a96       0x18 /home/vladimir/Documentos/SOFTWARE/arduino/BluePill/primeros_ejemplos/Thermocouple/build/core/core.a(rcc.c.o)
                0x0000000008000a96                rcc_is_clk_ready
 *fill*         0x0000000008000aae        0x2 
 .text.rcc_configure_pll
                0x0000000008000ab0       0x18 /home/vladimir/Documentos/SOFTWARE/arduino/BluePill/primeros_ejemplos/Thermocouple/build/core/core.a(rcc_f1.c.o)
                0x0000000008000ab0                rcc_configure_pll
 .text.rcc_clk_enable
                0x0000000008000ac8       0x30 /home/vladimir/Documentos/SOFTWARE/arduino/BluePill/primeros_ejemplos/Thermocouple/build/core/core.a(rcc_f1.c.o)
                0x0000000008000ac8                rcc_clk_enable
 .text.rcc_reset_dev
                0x0000000008000af8       0x34 /home/vladimir/Documentos/SOFTWARE/arduino/BluePill/primeros_ejemplos/Thermocouple/build/core/core.a(rcc_f1.c.o)
                0x0000000008000af8                rcc_reset_dev
 .text.rcc_set_prescaler
                0x0000000008000b2c       0x20 /home/vladimir/Documentos/SOFTWARE/arduino/BluePill/primeros_ejemplos/Thermocouple/build/core/core.a(rcc_f1.c.o)
                0x0000000008000b2c                rcc_set_prescaler
 .text.rcc_clk_disable
                0x0000000008000b4c       0x30 /home/vladimir/Documentos/SOFTWARE/arduino/BluePill/primeros_ejemplos/Thermocouple/build/core/core.a(rcc_f1.c.o)
                0x0000000008000b4c                rcc_clk_disable
 .text.systick_init
                0x0000000008000b7c       0x10 /home/vladimir/Documentos/SOFTWARE/arduino/BluePill/primeros_ejemplos/Thermocouple/build/core/core.a(systick.c.o)
                0x0000000008000b7c                systick_init
 .text.__exc_systick
                0x0000000008000b8c       0x1c /home/vladimir/Documentos/SOFTWARE/arduino/BluePill/primeros_ejemplos/Thermocouple/build/core/core.a(systick.c.o)
                0x0000000008000b8c                __exc_systick
 .text.timer_oc_set_mode
                0x0000000008000ba8       0x3a /home/vladimir/Documentos/SOFTWARE/arduino/BluePill/primeros_ejemplos/Thermocouple/build/core/core.a(timer.c.o)
 .text.timer_cc_enable
                0x0000000008000be2       0x1c /home/vladimir/Documentos/SOFTWARE/arduino/BluePill/primeros_ejemplos/Thermocouple/build/core/core.a(timer.c.o)
 *fill*         0x0000000008000bfe        0x2 
 .text.timer_foreach
                0x0000000008000c00       0x28 /home/vladimir/Documentos/SOFTWARE/arduino/BluePill/primeros_ejemplos/Thermocouple/build/core/core.a(timer.c.o)
                0x0000000008000c00                timer_foreach
 .text.timer_init
                0x0000000008000c28       0x14 /home/vladimir/Documentos/SOFTWARE/arduino/BluePill/primeros_ejemplos/Thermocouple/build/core/core.a(timer.c.o)
                0x0000000008000c28                timer_init
 .text.timer_has_cc_channel
                0x0000000008000c3c       0x30 /home/vladimir/Documentos/SOFTWARE/arduino/BluePill/primeros_ejemplos/Thermocouple/build/core/core.a(timer.c.o)
                0x0000000008000c3c                timer_has_cc_channel
 .text.timer_detach_interrupt
                0x0000000008000c6c       0x1e /home/vladimir/Documentos/SOFTWARE/arduino/BluePill/primeros_ejemplos/Thermocouple/build/core/core.a(timer.c.o)
                0x0000000008000c6c                timer_detach_interrupt
 .text.input_capture_mode
                0x0000000008000c8a       0x1a /home/vladimir/Documentos/SOFTWARE/arduino/BluePill/primeros_ejemplos/Thermocouple/build/core/core.a(timer.c.o)
                0x0000000008000c8a                input_capture_mode
 .text.timer_set_mode
                0x0000000008000ca4       0x8c /home/vladimir/Documentos/SOFTWARE/arduino/BluePill/primeros_ejemplos/Thermocouple/build/core/core.a(timer.c.o)
                0x0000000008000ca4                timer_set_mode
 .text.__irq_tim1_brk
                0x0000000008000d30       0x24 /home/vladimir/Documentos/SOFTWARE/arduino/BluePill/primeros_ejemplos/Thermocouple/build/core/core.a(timer.c.o)
                0x0000000008000d30                __irq_tim1_brk
 .text.__irq_tim1_up
                0x0000000008000d54       0x24 /home/vladimir/Documentos/SOFTWARE/arduino/BluePill/primeros_ejemplos/Thermocouple/build/core/core.a(timer.c.o)
                0x0000000008000d54                __irq_tim1_up
 .text.__irq_tim1_trg_com
                0x0000000008000d78       0x38 /home/vladimir/Documentos/SOFTWARE/arduino/BluePill/primeros_ejemplos/Thermocouple/build/core/core.a(timer.c.o)
                0x0000000008000d78                __irq_tim1_trg_com
 .text.__irq_tim1_cc
                0x0000000008000db0       0x54 /home/vladimir/Documentos/SOFTWARE/arduino/BluePill/primeros_ejemplos/Thermocouple/build/core/core.a(timer.c.o)
                0x0000000008000db0                __irq_tim1_cc
 .text.__irq_tim2
                0x0000000008000e04       0x70 /home/vladimir/Documentos/SOFTWARE/arduino/BluePill/primeros_ejemplos/Thermocouple/build/core/core.a(timer.c.o)
                0x0000000008000e04                __irq_tim2
 .text.__irq_tim3
                0x0000000008000e74       0x70 /home/vladimir/Documentos/SOFTWARE/arduino/BluePill/primeros_ejemplos/Thermocouple/build/core/core.a(timer.c.o)
                0x0000000008000e74                __irq_tim3
 .text.__irq_tim4
                0x0000000008000ee4       0x70 /home/vladimir/Documentos/SOFTWARE/arduino/BluePill/primeros_ejemplos/Thermocouple/build/core/core.a(timer.c.o)
                0x0000000008000ee4                __irq_tim4
 .text.rb_remove
                0x0000000008000f54       0x24 /home/vladimir/Documentos/SOFTWARE/arduino/BluePill/primeros_ejemplos/Thermocouple/build/core/core.a(usart_f1.c.o)
 .text.rb_push_insert
                0x0000000008000f78       0x52 /home/vladimir/Documentos/SOFTWARE/arduino/BluePill/primeros_ejemplos/Thermocouple/build/core/core.a(usart_f1.c.o)
 *fill*         0x0000000008000fca        0x2 
 .text.__irq_usart1
                0x0000000008000fcc       0x54 /home/vladimir/Documentos/SOFTWARE/arduino/BluePill/primeros_ejemplos/Thermocouple/build/core/core.a(usart_f1.c.o)
                0x0000000008000fcc                __irq_usart1
 .text.__irq_usart2
                0x0000000008001020       0x54 /home/vladimir/Documentos/SOFTWARE/arduino/BluePill/primeros_ejemplos/Thermocouple/build/core/core.a(usart_f1.c.o)
                0x0000000008001020                __irq_usart2
 .text.__irq_usart3
                0x0000000008001074       0x54 /home/vladimir/Documentos/SOFTWARE/arduino/BluePill/primeros_ejemplos/Thermocouple/build/core/core.a(usart_f1.c.o)
                0x0000000008001074                __irq_usart3
 .text.throb    0x00000000080010c8       0x4c /home/vladimir/Documentos/SOFTWARE/arduino/BluePill/primeros_ejemplos/Thermocouple/build/core/core.a(util.c.o)
                0x00000000080010c8                throb
 .text.__error  0x0000000008001114       0x14 /home/vladimir/Documentos/SOFTWARE/arduino/BluePill/primeros_ejemplos/Thermocouple/build/core/core.a(util.c.o)
                0x0000000008001114                __error
 .text.usb_resume
                0x0000000008001128       0xb4 /home/vladimir/Documentos/SOFTWARE/arduino/BluePill/primeros_ejemplos/Thermocouple/build/core/core.a(usb.c.o)
 .text.usb_init_usblib
                0x00000000080011dc       0x48 /home/vladimir/Documentos/SOFTWARE/arduino/BluePill/primeros_ejemplos/Thermocouple/build/core/core.a(usb.c.o)
                0x00000000080011dc                usb_init_usblib
 .text.__irq_usb_lp_can_rx0
                0x0000000008001224      0x1c8 /home/vladimir/Documentos/SOFTWARE/arduino/BluePill/primeros_ejemplos/Thermocouple/build/core/core.a(usb.c.o)
                0x0000000008001224                __irq_usb_lp_can_rx0
 .text.usb_set_ep_rx_stat
                0x00000000080013ec       0x22 /home/vladimir/Documentos/SOFTWARE/arduino/BluePill/primeros_ejemplos/Thermocouple/build/core/core.a(usb_cdcacm.c.o)
 *fill*         0x000000000800140e        0x2 
 .text.vcomGetSetLineCoding
                0x0000000008001410       0x18 /home/vladimir/Documentos/SOFTWARE/arduino/BluePill/primeros_ejemplos/Thermocouple/build/core/core.a(usb_cdcacm.c.o)
 .text.usbDataSetup
                0x0000000008001428       0x54 /home/vladimir/Documentos/SOFTWARE/arduino/BluePill/primeros_ejemplos/Thermocouple/build/core/core.a(usb_cdcacm.c.o)
 .text.usbNoDataSetup
                0x000000000800147c       0x50 /home/vladimir/Documentos/SOFTWARE/arduino/BluePill/primeros_ejemplos/Thermocouple/build/core/core.a(usb_cdcacm.c.o)
 .text.usbGetInterfaceSetting
                0x00000000080014cc       0x10 /home/vladimir/Documentos/SOFTWARE/arduino/BluePill/primeros_ejemplos/Thermocouple/build/core/core.a(usb_cdcacm.c.o)
 .text.usbSetConfiguration
                0x00000000080014dc       0x1c /home/vladimir/Documentos/SOFTWARE/arduino/BluePill/primeros_ejemplos/Thermocouple/build/core/core.a(usb_cdcacm.c.o)
 .text.usbSetDeviceAddress
                0x00000000080014f8       0x10 /home/vladimir/Documentos/SOFTWARE/arduino/BluePill/primeros_ejemplos/Thermocouple/build/core/core.a(usb_cdcacm.c.o)
 .text.usbGetStringDescriptor
                0x0000000008001508       0x20 /home/vladimir/Documentos/SOFTWARE/arduino/BluePill/primeros_ejemplos/Thermocouple/build/core/core.a(usb_cdcacm.c.o)
 .text.usbGetConfigDescriptor
                0x0000000008001528        0xc /home/vladimir/Documentos/SOFTWARE/arduino/BluePill/primeros_ejemplos/Thermocouple/build/core/core.a(usb_cdcacm.c.o)
 .text.usbGetDeviceDescriptor
                0x0000000008001534        0xc /home/vladimir/Documentos/SOFTWARE/arduino/BluePill/primeros_ejemplos/Thermocouple/build/core/core.a(usb_cdcacm.c.o)
 .text.usbInit  0x0000000008001540       0x44 /home/vladimir/Documentos/SOFTWARE/arduino/BluePill/primeros_ejemplos/Thermocouple/build/core/core.a(usb_cdcacm.c.o)
 .text.vcomDataTxCb
                0x0000000008001584       0xa0 /home/vladimir/Documentos/SOFTWARE/arduino/BluePill/primeros_ejemplos/Thermocouple/build/core/core.a(usb_cdcacm.c.o)
 .text.usbReset
                0x0000000008001624      0x160 /home/vladimir/Documentos/SOFTWARE/arduino/BluePill/primeros_ejemplos/Thermocouple/build/core/core.a(usb_cdcacm.c.o)
 .text.vcomDataRxCb
                0x0000000008001784       0x7c /home/vladimir/Documentos/SOFTWARE/arduino/BluePill/primeros_ejemplos/Thermocouple/build/core/core.a(usb_cdcacm.c.o)
 .text.usb_cdcacm_set_hooks
                0x0000000008001800       0x1c /home/vladimir/Documentos/SOFTWARE/arduino/BluePill/primeros_ejemplos/Thermocouple/build/core/core.a(usb_cdcacm.c.o)
                0x0000000008001800                usb_cdcacm_set_hooks
 .text.usb_cdcacm_enable
                0x000000000800181c       0x38 /home/vladimir/Documentos/SOFTWARE/arduino/BluePill/primeros_ejemplos/Thermocouple/build/core/core.a(usb_cdcacm.c.o)
                0x000000000800181c                usb_cdcacm_enable
 .text.usb_cdcacm_tx
                0x0000000008001854       0x60 /home/vladimir/Documentos/SOFTWARE/arduino/BluePill/primeros_ejemplos/Thermocouple/build/core/core.a(usb_cdcacm.c.o)
                0x0000000008001854                usb_cdcacm_tx
 .text.usb_cdcacm_data_available
                0x00000000080018b4       0x18 /home/vladimir/Documentos/SOFTWARE/arduino/BluePill/primeros_ejemplos/Thermocouple/build/core/core.a(usb_cdcacm.c.o)
                0x00000000080018b4                usb_cdcacm_data_available
 .text.usb_cdcacm_peek
                0x00000000080018cc       0x38 /home/vladimir/Documentos/SOFTWARE/arduino/BluePill/primeros_ejemplos/Thermocouple/build/core/core.a(usb_cdcacm.c.o)
                0x00000000080018cc                usb_cdcacm_peek
 .text.usb_cdcacm_rx
                0x0000000008001904       0x34 /home/vladimir/Documentos/SOFTWARE/arduino/BluePill/primeros_ejemplos/Thermocouple/build/core/core.a(usb_cdcacm.c.o)
                0x0000000008001904                usb_cdcacm_rx
 .text.usb_cdcacm_peek_ex
                0x0000000008001938       0x40 /home/vladimir/Documentos/SOFTWARE/arduino/BluePill/primeros_ejemplos/Thermocouple/build/core/core.a(usb_cdcacm.c.o)
                0x0000000008001938                usb_cdcacm_peek_ex
 .text.usb_cdcacm_get_dtr
                0x0000000008001978       0x10 /home/vladimir/Documentos/SOFTWARE/arduino/BluePill/primeros_ejemplos/Thermocouple/build/core/core.a(usb_cdcacm.c.o)
                0x0000000008001978                usb_cdcacm_get_dtr
 .text.usb_set_ep_rx_count
                0x0000000008001988       0x40 /home/vladimir/Documentos/SOFTWARE/arduino/BluePill/primeros_ejemplos/Thermocouple/build/core/core.a(usb_reg_map.c.o)
                0x0000000008001988                usb_set_ep_rx_count
 .text.Standard_GetConfiguration
                0x00000000080019c8       0x24 /home/vladimir/Documentos/SOFTWARE/arduino/BluePill/primeros_ejemplos/Thermocouple/build/core/core.a(usb_core.c.o)
                0x00000000080019c8                Standard_GetConfiguration
 .text.Standard_GetInterface
                0x00000000080019ec       0x24 /home/vladimir/Documentos/SOFTWARE/arduino/BluePill/primeros_ejemplos/Thermocouple/build/core/core.a(usb_core.c.o)
                0x00000000080019ec                Standard_GetInterface
 .text.Standard_GetStatus
                0x0000000008001a10       0x90 /home/vladimir/Documentos/SOFTWARE/arduino/BluePill/primeros_ejemplos/Thermocouple/build/core/core.a(usb_core.c.o)
                0x0000000008001a10                Standard_GetStatus
 .text.DataStageIn
                0x0000000008001aa0       0xa8 /home/vladimir/Documentos/SOFTWARE/arduino/BluePill/primeros_ejemplos/Thermocouple/build/core/core.a(usb_core.c.o)
 .text.Standard_SetConfiguration
                0x0000000008001b48       0x38 /home/vladimir/Documentos/SOFTWARE/arduino/BluePill/primeros_ejemplos/Thermocouple/build/core/core.a(usb_core.c.o)
                0x0000000008001b48                Standard_SetConfiguration
 .text.Standard_SetInterface
                0x0000000008001b80       0x48 /home/vladimir/Documentos/SOFTWARE/arduino/BluePill/primeros_ejemplos/Thermocouple/build/core/core.a(usb_core.c.o)
                0x0000000008001b80                Standard_SetInterface
 .text.Standard_ClearFeature
                0x0000000008001bc8       0xd0 /home/vladimir/Documentos/SOFTWARE/arduino/BluePill/primeros_ejemplos/Thermocouple/build/core/core.a(usb_core.c.o)
                0x0000000008001bc8                Standard_ClearFeature
 .text.Standard_SetEndPointFeature
                0x0000000008001c98       0x84 /home/vladimir/Documentos/SOFTWARE/arduino/BluePill/primeros_ejemplos/Thermocouple/build/core/core.a(usb_core.c.o)
                0x0000000008001c98                Standard_SetEndPointFeature
 .text.Standard_SetDeviceFeature
                0x0000000008001d1c       0x24 /home/vladimir/Documentos/SOFTWARE/arduino/BluePill/primeros_ejemplos/Thermocouple/build/core/core.a(usb_core.c.o)
                0x0000000008001d1c                Standard_SetDeviceFeature
 .text.Standard_GetDescriptorData
                0x0000000008001d40       0x1c /home/vladimir/Documentos/SOFTWARE/arduino/BluePill/primeros_ejemplos/Thermocouple/build/core/core.a(usb_core.c.o)
                0x0000000008001d40                Standard_GetDescriptorData
 .text.Post0_Process
                0x0000000008001d5c       0x40 /home/vladimir/Documentos/SOFTWARE/arduino/BluePill/primeros_ejemplos/Thermocouple/build/core/core.a(usb_core.c.o)
                0x0000000008001d5c                Post0_Process
 .text.Setup0_Process
                0x0000000008001d9c      0x2d0 /home/vladimir/Documentos/SOFTWARE/arduino/BluePill/primeros_ejemplos/Thermocouple/build/core/core.a(usb_core.c.o)
                0x0000000008001d9c                Setup0_Process
 .text.Out0_Process
                0x000000000800206c       0xc8 /home/vladimir/Documentos/SOFTWARE/arduino/BluePill/primeros_ejemplos/Thermocouple/build/core/core.a(usb_core.c.o)
                0x000000000800206c                Out0_Process
 .text.SetDeviceAddress
                0x0000000008002134       0x38 /home/vladimir/Documentos/SOFTWARE/arduino/BluePill/primeros_ejemplos/Thermocouple/build/core/core.a(usb_core.c.o)
                0x0000000008002134                SetDeviceAddress
 .text.In0_Process
                0x000000000800216c       0x5c /home/vladimir/Documentos/SOFTWARE/arduino/BluePill/primeros_ejemplos/Thermocouple/build/core/core.a(usb_core.c.o)
                0x000000000800216c                In0_Process
 .text.NOP_Process
                0x00000000080021c8        0x2 /home/vladimir/Documentos/SOFTWARE/arduino/BluePill/primeros_ejemplos/Thermocouple/build/core/core.a(usb_core.c.o)
                0x00000000080021c8                NOP_Process
 .text.UserToPMABufferCopy
                0x00000000080021ca       0x30 /home/vladimir/Documentos/SOFTWARE/arduino/BluePill/primeros_ejemplos/Thermocouple/build/core/core.a(usb_mem.c.o)
                0x00000000080021ca                UserToPMABufferCopy
 .text.PMAToUserBufferCopy
                0x00000000080021fa       0x24 /home/vladimir/Documentos/SOFTWARE/arduino/BluePill/primeros_ejemplos/Thermocouple/build/core/core.a(usb_mem.c.o)
                0x00000000080021fa                PMAToUserBufferCopy
 .text.SetEPTxStatus
                0x000000000800221e       0x2a /home/vladimir/Documentos/SOFTWARE/arduino/BluePill/primeros_ejemplos/Thermocouple/build/core/core.a(usb_regs.c.o)
                0x000000000800221e                SetEPTxStatus
 .text.ClearDTOG_RX
                0x0000000008002248       0x20 /home/vladimir/Documentos/SOFTWARE/arduino/BluePill/primeros_ejemplos/Thermocouple/build/core/core.a(usb_regs.c.o)
                0x0000000008002248                ClearDTOG_RX
 .text.ClearDTOG_TX
                0x0000000008002268       0x20 /home/vladimir/Documentos/SOFTWARE/arduino/BluePill/primeros_ejemplos/Thermocouple/build/core/core.a(usb_regs.c.o)
                0x0000000008002268                ClearDTOG_TX
 .text.GetEPTxAddr
                0x0000000008002288       0x1c /home/vladimir/Documentos/SOFTWARE/arduino/BluePill/primeros_ejemplos/Thermocouple/build/core/core.a(usb_regs.c.o)
                0x0000000008002288                GetEPTxAddr
 .text.GetEPRxAddr
                0x00000000080022a4       0x1c /home/vladimir/Documentos/SOFTWARE/arduino/BluePill/primeros_ejemplos/Thermocouple/build/core/core.a(usb_regs.c.o)
                0x00000000080022a4                GetEPRxAddr
 .text.SetEPTxCount
                0x00000000080022c0       0x1c /home/vladimir/Documentos/SOFTWARE/arduino/BluePill/primeros_ejemplos/Thermocouple/build/core/core.a(usb_regs.c.o)
                0x00000000080022c0                SetEPTxCount
 .text.SetEPRxCount
                0x00000000080022dc       0x40 /home/vladimir/Documentos/SOFTWARE/arduino/BluePill/primeros_ejemplos/Thermocouple/build/core/core.a(usb_regs.c.o)
                0x00000000080022dc                SetEPRxCount
 .text.rb_full_count
                0x000000000800231c       0x22 /home/vladimir/Documentos/SOFTWARE/arduino/BluePill/primeros_ejemplos/Thermocouple/build/core/core.a(HardwareSerial.cpp.o)
 .text._ZN14HardwareSerial4readEv
                0x000000000800233e       0x3a /home/vladimir/Documentos/SOFTWARE/arduino/BluePill/primeros_ejemplos/Thermocouple/build/core/core.a(HardwareSerial.cpp.o)
                0x000000000800233e                HardwareSerial::read()
 .text._ZN14HardwareSerial9availableEv
                0x0000000008002378        0xc /home/vladimir/Documentos/SOFTWARE/arduino/BluePill/primeros_ejemplos/Thermocouple/build/core/core.a(HardwareSerial.cpp.o)
                0x0000000008002378                HardwareSerial::available()
 .text._ZN14HardwareSerial4peekEv
                0x0000000008002384       0x22 /home/vladimir/Documentos/SOFTWARE/arduino/BluePill/primeros_ejemplos/Thermocouple/build/core/core.a(HardwareSerial.cpp.o)
                0x0000000008002384                HardwareSerial::peek()
 .text._ZN14HardwareSerial5flushEv
                0x00000000080023a6       0x1a /home/vladimir/Documentos/SOFTWARE/arduino/BluePill/primeros_ejemplos/Thermocouple/build/core/core.a(HardwareSerial.cpp.o)
                0x00000000080023a6                HardwareSerial::flush()
 .text._ZN14HardwareSerial5writeEh
                0x00000000080023c0       0x1e /home/vladimir/Documentos/SOFTWARE/arduino/BluePill/primeros_ejemplos/Thermocouple/build/core/core.a(HardwareSerial.cpp.o)
                0x00000000080023c0                HardwareSerial::write(unsigned char)
 *fill*         0x00000000080023de        0x2 
 .text._ZN14HardwareSerialC2EP9usart_devhh
                0x00000000080023e0       0x1c /home/vladimir/Documentos/SOFTWARE/arduino/BluePill/primeros_ejemplos/Thermocouple/build/core/core.a(HardwareSerial.cpp.o)
                0x00000000080023e0                HardwareSerial::HardwareSerial(usart_dev*, unsigned char, unsigned char)
                0x00000000080023e0                HardwareSerial::HardwareSerial(usart_dev*, unsigned char, unsigned char)
 .text._ZN5Print5writeEPKvm
                0x00000000080023fc       0x20 /home/vladimir/Documentos/SOFTWARE/arduino/BluePill/primeros_ejemplos/Thermocouple/build/core/core.a(Print.cpp.o)
                0x00000000080023fc                Print::write(void const*, unsigned long)
 .text._ZN5Print5writeEPKc
                0x000000000800241c       0x1e /home/vladimir/Documentos/SOFTWARE/arduino/BluePill/primeros_ejemplos/Thermocouple/build/core/core.a(Print.cpp.o)
                0x000000000800241c                Print::write(char const*)
 .text._ZN5Print5printEc
                0x000000000800243a        0xa /home/vladimir/Documentos/SOFTWARE/arduino/BluePill/primeros_ejemplos/Thermocouple/build/core/core.a(Print.cpp.o)
                0x000000000800243a                Print::print(char)
 .text._ZN5Print5printEPKc
                0x0000000008002444        0xa /home/vladimir/Documentos/SOFTWARE/arduino/BluePill/primeros_ejemplos/Thermocouple/build/core/core.a(Print.cpp.o)
                0x0000000008002444                Print::print(char const*)
 .text._ZN5Print7printlnEv
                0x000000000800244e       0x18 /home/vladimir/Documentos/SOFTWARE/arduino/BluePill/primeros_ejemplos/Thermocouple/build/core/core.a(Print.cpp.o)
                0x000000000800244e                Print::println()
 .text._ZN5Print7printlnEPKc
                0x0000000008002466       0x14 /home/vladimir/Documentos/SOFTWARE/arduino/BluePill/primeros_ejemplos/Thermocouple/build/core/core.a(Print.cpp.o)
                0x0000000008002466                Print::println(char const*)
 .text.startup._Z7premainv
                0x000000000800247a        0x4 /home/vladimir/Documentos/SOFTWARE/arduino/BluePill/primeros_ejemplos/Thermocouple/build/core/core.a(main.cpp.o)
                0x000000000800247a                premain()
 .text.startup.main
                0x000000000800247e        0xc /home/vladimir/Documentos/SOFTWARE/arduino/BluePill/primeros_ejemplos/Thermocouple/build/core/core.a(main.cpp.o)
                0x000000000800247e                main
 .text._ZN9USBSerial9availableEv
                0x000000000800248a        0x4 /home/vladimir/Documentos/SOFTWARE/arduino/BluePill/primeros_ejemplos/Thermocouple/build/core/core.a(usb_serial.cpp.o)
                0x000000000800248a                USBSerial::available()
 .text._ZN9USBSerial4peekEv
                0x000000000800248e       0x1e /home/vladimir/Documentos/SOFTWARE/arduino/BluePill/primeros_ejemplos/Thermocouple/build/core/core.a(usb_serial.cpp.o)
                0x000000000800248e                USBSerial::peek()
 .text._ZN9USBSerial4readEv
                0x00000000080024ac       0x1e /home/vladimir/Documentos/SOFTWARE/arduino/BluePill/primeros_ejemplos/Thermocouple/build/core/core.a(usb_serial.cpp.o)
                0x00000000080024ac                USBSerial::read()
 *fill*         0x00000000080024ca        0x2 
 .text._ZL14ifaceSetupHookjPv
                0x00000000080024cc       0x38 /home/vladimir/Documentos/SOFTWARE/arduino/BluePill/primeros_ejemplos/Thermocouple/build/core/core.a(usb_serial.cpp.o)
 .text._ZL6rxHookjPv
                0x0000000008002504       0xa0 /home/vladimir/Documentos/SOFTWARE/arduino/BluePill/primeros_ejemplos/Thermocouple/build/core/core.a(usb_serial.cpp.o)
 .text._ZL10wait_resetv
                0x00000000080025a4       0x10 /home/vladimir/Documentos/SOFTWARE/arduino/BluePill/primeros_ejemplos/Thermocouple/build/core/core.a(usb_serial.cpp.o)
 .text._ZN9USBSerialC2Ev
                0x00000000080025b4       0x14 /home/vladimir/Documentos/SOFTWARE/arduino/BluePill/primeros_ejemplos/Thermocouple/build/core/core.a(usb_serial.cpp.o)
                0x00000000080025b4                USBSerial::USBSerial()
                0x00000000080025b4                USBSerial::USBSerial()
 .text._ZN9USBSerial5beginEv
                0x00000000080025c8       0x34 /home/vladimir/Documentos/SOFTWARE/arduino/BluePill/primeros_ejemplos/Thermocouple/build/core/core.a(usb_serial.cpp.o)
                0x00000000080025c8                USBSerial::begin()
 .text._ZN9USBSerial5writeEPKhm
                0x00000000080025fc       0x4c /home/vladimir/Documentos/SOFTWARE/arduino/BluePill/primeros_ejemplos/Thermocouple/build/core/core.a(usb_serial.cpp.o)
                0x00000000080025fc                USBSerial::write(unsigned char const*, unsigned long)
 .text._ZN9USBSerial5writeEh
                0x0000000008002648       0x16 /home/vladimir/Documentos/SOFTWARE/arduino/BluePill/primeros_ejemplos/Thermocouple/build/core/core.a(usb_serial.cpp.o)
                0x0000000008002648                USBSerial::write(unsigned char)
 .text._ZN9USBSerial5writeEPKc
                0x000000000800265e       0x1a /home/vladimir/Documentos/SOFTWARE/arduino/BluePill/primeros_ejemplos/Thermocouple/build/core/core.a(usb_serial.cpp.o)
                0x000000000800265e                USBSerial::write(char const*)
 .text._ZN9USBSerial4readEPhm
                0x0000000008002678       0x1c /home/vladimir/Documentos/SOFTWARE/arduino/BluePill/primeros_ejemplos/Thermocouple/build/core/core.a(usb_serial.cpp.o)
                0x0000000008002678                USBSerial::read(unsigned char*, unsigned long)
 .text._ZN9USBSerial5flushEv
                0x0000000008002694       0x1c /home/vladimir/Documentos/SOFTWARE/arduino/BluePill/primeros_ejemplos/Thermocouple/build/core/core.a(usb_serial.cpp.o)
                0x0000000008002694                USBSerial::flush()
 .text.startup._GLOBAL__sub_I__ZN9USBSerial9_hasBegunE
                0x00000000080026b0        0xc /home/vladimir/Documentos/SOFTWARE/arduino/BluePill/primeros_ejemplos/Thermocouple/build/core/core.a(usb_serial.cpp.o)
 .text._Z11digitalReadh
                0x00000000080026bc       0x2c /home/vladimir/Documentos/SOFTWARE/arduino/BluePill/primeros_ejemplos/Thermocouple/build/core/core.a(wirish_digital.cpp.o)
                0x00000000080026bc                digitalRead(unsigned char)
 .text._Z12digitalWritehh
                0x00000000080026e8       0x2c /home/vladimir/Documentos/SOFTWARE/arduino/BluePill/primeros_ejemplos/Thermocouple/build/core/core.a(wirish_digital.cpp.o)
                0x00000000080026e8                digitalWrite(unsigned char, unsigned char)
 .text._ZL6microsv
                0x0000000008002714       0x34 /home/vladimir/Documentos/SOFTWARE/arduino/BluePill/primeros_ejemplos/Thermocouple/build/core/core.a(wirish_time.cpp.o)
 .text._Z5delaym
                0x0000000008002748       0x2a /home/vladimir/Documentos/SOFTWARE/arduino/BluePill/primeros_ejemplos/Thermocouple/build/core/core.a(wirish_time.cpp.o)
                0x0000000008002748                delay(unsigned long)
 *fill*         0x0000000008002772        0x2 
 .text._Z7pinModeh13WiringPinMode
                0x0000000008002774       0x84 /home/vladimir/Documentos/SOFTWARE/arduino/BluePill/primeros_ejemplos/Thermocouple/build/core/core.a(wirish_digital_f1.cpp.o)
                0x0000000008002774                pinMode(unsigned char, WiringPinMode)
 .text.__empty  0x00000000080027f8        0x2 /home/vladimir/Documentos/SOFTWARE/arduino/BluePill/primeros_ejemplos/Thermocouple/build/core/core.a(hooks.c.o)
                0x00000000080027f8                yield
 .text.bkp_init
                0x00000000080027fa       0x18 /home/vladimir/Documentos/SOFTWARE/arduino/BluePill/primeros_ejemplos/Thermocouple/build/core/core.a(bkp_f1.c.o)
                0x00000000080027fa                bkp_init
 *fill*         0x0000000008002812        0x2 
 .text.bkp_enable_writes
                0x0000000008002814        0xc /home/vladimir/Documentos/SOFTWARE/arduino/BluePill/primeros_ejemplos/Thermocouple/build/core/core.a(bkp_f1.c.o)
                0x0000000008002814                bkp_enable_writes
 .text.bkp_disable_writes
                0x0000000008002820        0xc /home/vladimir/Documentos/SOFTWARE/arduino/BluePill/primeros_ejemplos/Thermocouple/build/core/core.a(bkp_f1.c.o)
                0x0000000008002820                bkp_disable_writes
 .text.bkp_write
                0x000000000800282c       0x16 /home/vladimir/Documentos/SOFTWARE/arduino/BluePill/primeros_ejemplos/Thermocouple/build/core/core.a(bkp_f1.c.o)
                0x000000000800282c                bkp_write
 .text.gpio_init
                0x0000000008002842       0x14 /home/vladimir/Documentos/SOFTWARE/arduino/BluePill/primeros_ejemplos/Thermocouple/build/core/core.a(gpio.c.o)
                0x0000000008002842                gpio_init
 .text.i2c_start_condition
                0x0000000008002856       0x14 /home/vladimir/Documentos/SOFTWARE/arduino/BluePill/primeros_ejemplos/Thermocouple/build/core/core.a(i2c.c.o)
 .text.i2c_stop_condition
                0x000000000800286a       0x1c /home/vladimir/Documentos/SOFTWARE/arduino/BluePill/primeros_ejemplos/Thermocouple/build/core/core.a(i2c.c.o)
 *fill*         0x0000000008002886        0x2 
 .text._i2c_irq_handler
                0x0000000008002888      0x16c /home/vladimir/Documentos/SOFTWARE/arduino/BluePill/primeros_ejemplos/Thermocouple/build/core/core.a(i2c.c.o)
                0x0000000008002888                _i2c_irq_handler
 .text._i2c_irq_error_handler
                0x00000000080029f4       0x2a /home/vladimir/Documentos/SOFTWARE/arduino/BluePill/primeros_ejemplos/Thermocouple/build/core/core.a(i2c.c.o)
                0x00000000080029f4                _i2c_irq_error_handler
 .text.usart_tx
                0x0000000008002a1e       0x9c /home/vladimir/Documentos/SOFTWARE/arduino/BluePill/primeros_ejemplos/Thermocouple/build/core/core.a(usart.c.o)
                0x0000000008002a1e                usart_tx
 *fill*         0x0000000008002aba        0x2 
 .text          0x0000000008002abc      0x370 /home/vladimir/.arduino15/packages/arduino/tools/arm-none-eabi-gcc/4.8.3-2014q1/bin/../lib/gcc/arm-none-eabi/4.8.3/armv7-m/libgcc.a(_arm_addsubdf3.o)
                0x0000000008002abc                __aeabi_drsub
                0x0000000008002ac4                __aeabi_dsub
                0x0000000008002ac4                __subdf3
                0x0000000008002ac8                __adddf3
                0x0000000008002ac8                __aeabi_dadd
                0x0000000008002d40                __aeabi_ui2d
                0x0000000008002d40                __floatunsidf
                0x0000000008002d60                __floatsidf
                0x0000000008002d60                __aeabi_i2d
                0x0000000008002d84                __extendsfdf2
                0x0000000008002d84                __aeabi_f2d
                0x0000000008002dc0                __aeabi_ul2d
                0x0000000008002dc0                __floatundidf
                0x0000000008002dd0                __floatdidf
                0x0000000008002dd0                __aeabi_l2d
 .text          0x0000000008002e2c      0x424 /home/vladimir/.arduino15/packages/arduino/tools/arm-none-eabi-gcc/4.8.3-2014q1/bin/../lib/gcc/arm-none-eabi/4.8.3/armv7-m/libgcc.a(_arm_muldivdf3.o)
                0x0000000008002e2c                __aeabi_dmul
                0x0000000008002e2c                __muldf3
                0x0000000008003080                __aeabi_ddiv
                0x0000000008003080                __divdf3
 .text          0x0000000008003250       0xa0 /home/vladimir/.arduino15/packages/arduino/tools/arm-none-eabi-gcc/4.8.3-2014q1/bin/../lib/gcc/arm-none-eabi/4.8.3/armv7-m/libgcc.a(_arm_truncdfsf2.o)
                0x0000000008003250                __aeabi_d2f
                0x0000000008003250                __truncdfsf2
 .text          0x00000000080032f0      0x2a0 /home/vladimir/.arduino15/packages/arduino/tools/arm-none-eabi-gcc/4.8.3-2014q1/bin/../lib/gcc/arm-none-eabi/4.8.3/armv7-m/libgcc.a(_arm_muldivsf3.o)
                0x00000000080032f0                __mulsf3
                0x00000000080032f0                __aeabi_fmul
                0x0000000008003458                __divsf3
                0x0000000008003458                __aeabi_fdiv
 .text.exit     0x0000000008003590       0x20 /home/vladimir/.arduino15/packages/arduino/tools/arm-none-eabi-gcc/4.8.3-2014q1/bin/../lib/gcc/arm-none-eabi/4.8.3/../../../../arm-none-eabi/lib/armv7-m/libc.a(lib_a-exit.o)
                0x0000000008003590                exit
 .text.__libc_init_array
                0x00000000080035b0       0x50 /home/vladimir/.arduino15/packages/arduino/tools/arm-none-eabi-gcc/4.8.3-2014q1/bin/../lib/gcc/arm-none-eabi/4.8.3/../../../../arm-none-eabi/lib/armv7-m/libc.a(lib_a-init.o)
                0x00000000080035b0                __libc_init_array
 .text.strlen   0x0000000008003600       0x60 /home/vladimir/.arduino15/packages/arduino/tools/arm-none-eabi-gcc/4.8.3-2014q1/bin/../lib/gcc/arm-none-eabi/4.8.3/../../../../arm-none-eabi/lib/armv7-m/libc.a(lib_a-strlen.o)
                0x0000000008003600                strlen
 .text.startup.register_fini
                0x0000000008003660       0x14 /home/vladimir/.arduino15/packages/arduino/tools/arm-none-eabi-gcc/4.8.3-2014q1/bin/../lib/gcc/arm-none-eabi/4.8.3/../../../../arm-none-eabi/lib/armv7-m/libc.a(lib_a-__call_atexit.o)
 .text.__call_exitprocs
                0x0000000008003674       0xf0 /home/vladimir/.arduino15/packages/arduino/tools/arm-none-eabi-gcc/4.8.3-2014q1/bin/../lib/gcc/arm-none-eabi/4.8.3/../../../../arm-none-eabi/lib/armv7-m/libc.a(lib_a-__call_atexit.o)
                0x0000000008003674                __call_exitprocs
 .text.atexit   0x0000000008003764        0xc /home/vladimir/.arduino15/packages/arduino/tools/arm-none-eabi-gcc/4.8.3-2014q1/bin/../lib/gcc/arm-none-eabi/4.8.3/../../../../arm-none-eabi/lib/armv7-m/libc.a(lib_a-atexit.o)
                0x0000000008003764                atexit
 .text.__libc_fini_array
                0x0000000008003770       0x30 /home/vladimir/.arduino15/packages/arduino/tools/arm-none-eabi-gcc/4.8.3-2014q1/bin/../lib/gcc/arm-none-eabi/4.8.3/../../../../arm-none-eabi/lib/armv7-m/libc.a(lib_a-fini.o)
                0x0000000008003770                __libc_fini_array
 .text.__register_exitproc
                0x00000000080037a0       0xa8 /home/vladimir/.arduino15/packages/arduino/tools/arm-none-eabi-gcc/4.8.3-2014q1/bin/../lib/gcc/arm-none-eabi/4.8.3/../../../../arm-none-eabi/lib/armv7-m/libc.a(lib_a-__atexit.o)
                0x00000000080037a0                __register_exitproc
 *(.plt)
 *(.gnu.warning)
 *(.glue_7t)
 .glue_7t       0x0000000000000000        0x0 linker stubs
 *(.glue_7)
 .glue_7        0x0000000000000000        0x0 linker stubs
 *(.vfp11_veneer)
 .vfp11_veneer  0x0000000000000000        0x0 linker stubs
 *(.ARM.extab* .gnu.linkonce.armextab.*)
 *(.gcc_except_table)
 *(.eh_frame_hdr)
 *(.eh_frame)
 .eh_frame      0x0000000008003848        0x0 /home/vladimir/.arduino15/packages/arduino/tools/arm-none-eabi-gcc/4.8.3-2014q1/bin/../lib/gcc/arm-none-eabi/4.8.3/armv7-m/crtbegin.o
                0x0000000008003848                . = ALIGN (0x4)
 *(.init)
 .init          0x0000000008003848        0x4 /home/vladimir/.arduino15/packages/arduino/tools/arm-none-eabi-gcc/4.8.3-2014q1/bin/../lib/gcc/arm-none-eabi/4.8.3/armv7-m/crti.o
                0x0000000008003848                _init
 .init          0x000000000800384c        0x8 /home/vladimir/.arduino15/packages/arduino/tools/arm-none-eabi-gcc/4.8.3-2014q1/bin/../lib/gcc/arm-none-eabi/4.8.3/armv7-m/crtn.o
                0x0000000008003854                . = ALIGN (0x4)
                0x0000000008003854                __preinit_array_start = .
 *(.preinit_array)
                0x0000000008003854                __preinit_array_end = .
                0x0000000008003854                . = ALIGN (0x4)
                0x0000000008003854                __init_array_start = .
 *(SORT(.init_array.*))
 .init_array.00000
                0x0000000008003854        0x4 /home/vladimir/.arduino15/packages/arduino/tools/arm-none-eabi-gcc/4.8.3-2014q1/bin/../lib/gcc/arm-none-eabi/4.8.3/../../../../arm-none-eabi/lib/armv7-m/libc.a(lib_a-__call_atexit.o)
 .init_array.00101
                0x0000000008003858        0x4 /home/vladimir/Documentos/SOFTWARE/arduino/BluePill/primeros_ejemplos/Thermocouple/build/core/core.a(main.cpp.o)
 *(.init_array)
 .init_array    0x000000000800385c        0x4 /home/vladimir/.arduino15/packages/arduino/tools/arm-none-eabi-gcc/4.8.3-2014q1/bin/../lib/gcc/arm-none-eabi/4.8.3/armv7-m/crtbegin.o
 .init_array    0x0000000008003860        0x4 /home/vladimir/Documentos/SOFTWARE/arduino/BluePill/primeros_ejemplos/Thermocouple/build/sketch/Thermocouple.ino.cpp.o
 .init_array    0x0000000008003864        0x4 /home/vladimir/Documentos/SOFTWARE/arduino/BluePill/primeros_ejemplos/Thermocouple/build/core/board.cpp.o
 .init_array    0x0000000008003868        0x4 /home/vladimir/Documentos/SOFTWARE/arduino/BluePill/primeros_ejemplos/Thermocouple/build/core/core.a(usb_serial.cpp.o)
                0x000000000800386c                __init_array_end = .
                0x000000000800386c                . = ALIGN (0x4)
 *crtbegin.o(.ctors)
 *(EXCLUDE_FILE(*crtend.o) .ctors)
 *(SORT(.ctors.*))
 *crtend.o(.ctors)
                0x000000000800386c                . = ALIGN (0x4)
 *(.fini)
 .fini          0x000000000800386c        0x4 /home/vladimir/.arduino15/packages/arduino/tools/arm-none-eabi-gcc/4.8.3-2014q1/bin/../lib/gcc/arm-none-eabi/4.8.3/armv7-m/crti.o
                0x000000000800386c                _fini
 .fini          0x0000000008003870        0x8 /home/vladimir/.arduino15/packages/arduino/tools/arm-none-eabi-gcc/4.8.3-2014q1/bin/../lib/gcc/arm-none-eabi/4.8.3/armv7-m/crtn.o
                0x0000000008003878                . = ALIGN (0x4)
                0x0000000008003878                __fini_array_start = .
 *(.fini_array)
 .fini_array    0x0000000008003878        0x4 /home/vladimir/.arduino15/packages/arduino/tools/arm-none-eabi-gcc/4.8.3-2014q1/bin/../lib/gcc/arm-none-eabi/4.8.3/armv7-m/crtbegin.o
 *(SORT(.fini_array.*))
                0x000000000800387c                __fini_array_end = .
 *crtbegin.o(.dtors)
 *(EXCLUDE_FILE(*crtend.o) .dtors)
 *(SORT(.dtors.*))
 *crtend.o(.dtors)

.v4_bx          0x000000000800387c        0x0
 .v4_bx         0x0000000000000000        0x0 linker stubs

.iplt           0x000000000800387c        0x0
 .iplt          0x0000000000000000        0x0 /home/vladimir/.arduino15/packages/arduino/tools/arm-none-eabi-gcc/4.8.3-2014q1/bin/../lib/gcc/arm-none-eabi/4.8.3/armv7-m/crtbegin.o

.text.align     0x000000000800387c        0x4
                0x0000000008003880                . = ALIGN (0x8)
 *fill*         0x000000000800387c        0x4 
                0x0000000008003880                __text_end__ = .
                0x0000000008003880                __exidx_start = .

.ARM.exidx      0x0000000008003880        0x8
 *(.ARM.exidx* .gnu.linkonce.armexidx.*)
 .ARM.exidx     0x0000000008003880        0x8 /home/vladimir/Documentos/SOFTWARE/arduino/BluePill/primeros_ejemplos/Thermocouple/build/core/wirish/start.S.o
                0x0000000008003888                __exidx_end = .

.data           0x0000000020000000      0x870 load address 0x0000000008003888
                0x0000000020000000                __data_start__ = .
                0x0000000020000000        0x4 LONG 0x0
                0x0000000020000008                . = ALIGN (0x8)
 *fill*         0x0000000020000004        0x4 
 *(.got.plt)
 *(.got)
 *(.data .data.* .gnu.linkonce.d.*)
 .data.thermoCLK
                0x0000000020000008        0x4 /home/vladimir/Documentos/SOFTWARE/arduino/BluePill/primeros_ejemplos/Thermocouple/build/sketch/Thermocouple.ino.cpp.o
                0x0000000020000008                thermoCLK
 .data.thermoCS
                0x000000002000000c        0x4 /home/vladimir/Documentos/SOFTWARE/arduino/BluePill/primeros_ejemplos/Thermocouple/build/sketch/Thermocouple.ino.cpp.o
                0x000000002000000c                thermoCS
 .data.thermoDO
                0x0000000020000010        0x4 /home/vladimir/Documentos/SOFTWARE/arduino/BluePill/primeros_ejemplos/Thermocouple/build/sketch/Thermocouple.ino.cpp.o
                0x0000000020000010                thermoDO
 .data._ZN6wirish4privL8pll_dataE
                0x0000000020000014        0x4 /home/vladimir/Documentos/SOFTWARE/arduino/BluePill/primeros_ejemplos/Thermocouple/build/core/wirish/boards_setup.cpp.o
 .data._ZN6wirish4priv9w_adc_smpE
                0x0000000020000018        0x1 /home/vladimir/Documentos/SOFTWARE/arduino/BluePill/primeros_ejemplos/Thermocouple/build/core/wirish/boards_setup.cpp.o
                0x0000000020000018                wirish::priv::w_adc_smp
 *fill*         0x0000000020000019        0x1 
 .data._ZN6wirish4priv9w_adc_preE
                0x000000002000001a        0x2 /home/vladimir/Documentos/SOFTWARE/arduino/BluePill/primeros_ejemplos/Thermocouple/build/core/wirish/boards_setup.cpp.o
                0x000000002000001a                wirish::priv::w_adc_pre
 .data._ZN6wirish4priv15w_board_pll_cfgE
                0x000000002000001c        0x8 /home/vladimir/Documentos/SOFTWARE/arduino/BluePill/primeros_ejemplos/Thermocouple/build/core/wirish/boards_setup.cpp.o
                0x000000002000001c                wirish::priv::w_board_pll_cfg
 .data.adc2     0x0000000020000024        0x8 /home/vladimir/Documentos/SOFTWARE/arduino/BluePill/primeros_ejemplos/Thermocouple/build/core/core.a(adc_f1.c.o)
                0x0000000020000024                adc2
 .data.adc1     0x000000002000002c       0x18 /home/vladimir/Documentos/SOFTWARE/arduino/BluePill/primeros_ejemplos/Thermocouple/build/core/core.a(adc_f1.c.o)
                0x000000002000002c                adc1
 .data.ADC2     0x0000000020000044        0x4 /home/vladimir/Documentos/SOFTWARE/arduino/BluePill/primeros_ejemplos/Thermocouple/build/core/core.a(adc_f1.c.o)
                0x0000000020000044                ADC2
 .data.ADC1     0x0000000020000048        0x4 /home/vladimir/Documentos/SOFTWARE/arduino/BluePill/primeros_ejemplos/Thermocouple/build/core/core.a(adc_f1.c.o)
                0x0000000020000048                ADC1
 .data.dma1     0x000000002000004c       0x40 /home/vladimir/Documentos/SOFTWARE/arduino/BluePill/primeros_ejemplos/Thermocouple/build/core/core.a(dma_f1.c.o)
 .data.DMA1     0x000000002000008c        0x4 /home/vladimir/Documentos/SOFTWARE/arduino/BluePill/primeros_ejemplos/Thermocouple/build/core/core.a(dma_f1.c.o)
                0x000000002000008c                DMA1
 .data.gpioa    0x0000000020000090        0x8 /home/vladimir/Documentos/SOFTWARE/arduino/BluePill/primeros_ejemplos/Thermocouple/build/core/core.a(gpio_f1.c.o)
                0x0000000020000090                gpioa
 .data.gpiob    0x0000000020000098        0x8 /home/vladimir/Documentos/SOFTWARE/arduino/BluePill/primeros_ejemplos/Thermocouple/build/core/core.a(gpio_f1.c.o)
                0x0000000020000098                gpiob
 .data.gpioc    0x00000000200000a0        0x8 /home/vladimir/Documentos/SOFTWARE/arduino/BluePill/primeros_ejemplos/Thermocouple/build/core/core.a(gpio_f1.c.o)
                0x00000000200000a0                gpioc
 .data.gpiod    0x00000000200000a8        0x8 /home/vladimir/Documentos/SOFTWARE/arduino/BluePill/primeros_ejemplos/Thermocouple/build/core/core.a(gpio_f1.c.o)
                0x00000000200000a8                gpiod
 .data.i2c1     0x00000000200000b0       0x24 /home/vladimir/Documentos/SOFTWARE/arduino/BluePill/primeros_ejemplos/Thermocouple/build/core/core.a(i2c_f1.c.o)
 .data.i2c2     0x00000000200000d4       0x24 /home/vladimir/Documentos/SOFTWARE/arduino/BluePill/primeros_ejemplos/Thermocouple/build/core/core.a(i2c_f1.c.o)
 .data.enable_regs.4411
                0x00000000200000f8        0xc /home/vladimir/Documentos/SOFTWARE/arduino/BluePill/primeros_ejemplos/Thermocouple/build/core/core.a(rcc_f1.c.o)
 .data.reset_regs.4415
                0x0000000020000104        0x8 /home/vladimir/Documentos/SOFTWARE/arduino/BluePill/primeros_ejemplos/Thermocouple/build/core/core.a(rcc_f1.c.o)
 .data.enable_regs.4424
                0x000000002000010c        0xc /home/vladimir/Documentos/SOFTWARE/arduino/BluePill/primeros_ejemplos/Thermocouple/build/core/core.a(rcc_f1.c.o)
 .data.timer3   0x0000000020000118       0x24 /home/vladimir/Documentos/SOFTWARE/arduino/BluePill/primeros_ejemplos/Thermocouple/build/core/core.a(timer.c.o)
                0x0000000020000118                timer3
 .data.timer4   0x000000002000013c       0x24 /home/vladimir/Documentos/SOFTWARE/arduino/BluePill/primeros_ejemplos/Thermocouple/build/core/core.a(timer.c.o)
                0x000000002000013c                timer4
 .data.timer1   0x0000000020000160       0x28 /home/vladimir/Documentos/SOFTWARE/arduino/BluePill/primeros_ejemplos/Thermocouple/build/core/core.a(timer.c.o)
                0x0000000020000160                timer1
 .data.timer2   0x0000000020000188       0x24 /home/vladimir/Documentos/SOFTWARE/arduino/BluePill/primeros_ejemplos/Thermocouple/build/core/core.a(timer.c.o)
                0x0000000020000188                timer2
 .data.USART1   0x00000000200001ac        0x4 /home/vladimir/Documentos/SOFTWARE/arduino/BluePill/primeros_ejemplos/Thermocouple/build/core/core.a(usart_f1.c.o)
                0x00000000200001ac                USART1
 .data.USART2   0x00000000200001b0        0x4 /home/vladimir/Documentos/SOFTWARE/arduino/BluePill/primeros_ejemplos/Thermocouple/build/core/core.a(usart_f1.c.o)
                0x00000000200001b0                USART2
 .data.USART3   0x00000000200001b4        0x4 /home/vladimir/Documentos/SOFTWARE/arduino/BluePill/primeros_ejemplos/Thermocouple/build/core/core.a(usart_f1.c.o)
                0x00000000200001b4                USART3
 .data.usart1   0x00000000200001b8       0x94 /home/vladimir/Documentos/SOFTWARE/arduino/BluePill/primeros_ejemplos/Thermocouple/build/core/core.a(usart_f1.c.o)
 .data.usart2   0x000000002000024c       0x94 /home/vladimir/Documentos/SOFTWARE/arduino/BluePill/primeros_ejemplos/Thermocouple/build/core/core.a(usart_f1.c.o)
 .data.usart3   0x00000000200002e0       0x94 /home/vladimir/Documentos/SOFTWARE/arduino/BluePill/primeros_ejemplos/Thermocouple/build/core/core.a(usart_f1.c.o)
 .data.USBLIB   0x0000000020000374        0x4 /home/vladimir/Documentos/SOFTWARE/arduino/BluePill/primeros_ejemplos/Thermocouple/build/core/core.a(usb.c.o)
                0x0000000020000374                USBLIB
 .data.usblib   0x0000000020000378       0x10 /home/vladimir/Documentos/SOFTWARE/arduino/BluePill/primeros_ejemplos/Thermocouple/build/core/core.a(usb.c.o)
 .data.Config_Descriptor
                0x0000000020000388        0x8 /home/vladimir/Documentos/SOFTWARE/arduino/BluePill/primeros_ejemplos/Thermocouple/build/core/core.a(usb_cdcacm.c.o)
 .data.Device_Property
                0x0000000020000390       0x30 /home/vladimir/Documentos/SOFTWARE/arduino/BluePill/primeros_ejemplos/Thermocouple/build/core/core.a(usb_cdcacm.c.o)
                0x0000000020000390                Device_Property
 .data.ep_int_in
                0x00000000200003c0       0x1c /home/vladimir/Documentos/SOFTWARE/arduino/BluePill/primeros_ejemplos/Thermocouple/build/core/core.a(usb_cdcacm.c.o)
 .data.String_Descriptor
                0x00000000200003dc       0x18 /home/vladimir/Documentos/SOFTWARE/arduino/BluePill/primeros_ejemplos/Thermocouple/build/core/core.a(usb_cdcacm.c.o)
 .data.ep_int_out
                0x00000000200003f4       0x1c /home/vladimir/Documentos/SOFTWARE/arduino/BluePill/primeros_ejemplos/Thermocouple/build/core/core.a(usb_cdcacm.c.o)
 .data.line_coding
                0x0000000020000410        0x7 /home/vladimir/Documentos/SOFTWARE/arduino/BluePill/primeros_ejemplos/Thermocouple/build/core/core.a(usb_cdcacm.c.o)
 *fill*         0x0000000020000417        0x1 
 .data.User_Standard_Requests
                0x0000000020000418       0x24 /home/vladimir/Documentos/SOFTWARE/arduino/BluePill/primeros_ejemplos/Thermocouple/build/core/core.a(usb_cdcacm.c.o)
                0x0000000020000418                User_Standard_Requests
 .data.Device_Descriptor
                0x000000002000043c        0x8 /home/vladimir/Documentos/SOFTWARE/arduino/BluePill/primeros_ejemplos/Thermocouple/build/core/core.a(usb_cdcacm.c.o)
 .data.Device_Table
                0x0000000020000444        0x2 /home/vladimir/Documentos/SOFTWARE/arduino/BluePill/primeros_ejemplos/Thermocouple/build/core/core.a(usb_cdcacm.c.o)
                0x0000000020000444                Device_Table
 *fill*         0x0000000020000446        0x2 
 .data.impure_data
                0x0000000020000448      0x428 /home/vladimir/.arduino15/packages/arduino/tools/arm-none-eabi-gcc/4.8.3-2014q1/bin/../lib/gcc/arm-none-eabi/4.8.3/../../../../arm-none-eabi/lib/armv7-m/libc.a(lib_a-impure.o)
                0x0000000020000870                . = ALIGN (0x8)
                0x0000000020000870                __data_end__ = .

.jcr            0x0000000020000870        0x0 load address 0x00000000080040f8
 .jcr           0x0000000020000870        0x0 /home/vladimir/.arduino15/packages/arduino/tools/arm-none-eabi-gcc/4.8.3-2014q1/bin/../lib/gcc/arm-none-eabi/4.8.3/armv7-m/crtbegin.o

.igot.plt       0x0000000020000870        0x0 load address 0x00000000080040f8
 .igot.plt      0x0000000000000000        0x0 /home/vladimir/.arduino15/packages/arduino/tools/arm-none-eabi-gcc/4.8.3-2014q1/bin/../lib/gcc/arm-none-eabi/4.8.3/armv7-m/crtbegin.o

.rodata         0x00000000080040f8      0x38c
 *(.rodata .rodata.* .gnu.linkonce.r.*)
 .rodata.str1.1
                0x00000000080040f8        0xd /home/vladimir/Documentos/SOFTWARE/arduino/BluePill/primeros_ejemplos/Thermocouple/build/sketch/Thermocouple.ino.cpp.o
 *fill*         0x0000000008004105        0x3 
 .rodata.PIN_MAP
                0x0000000008004108      0x230 /home/vladimir/Documentos/SOFTWARE/arduino/BluePill/primeros_ejemplos/Thermocouple/build/core/board.cpp.o
                0x0000000008004108                PIN_MAP
 .rodata.GPIOC  0x0000000008004338        0x4 /home/vladimir/Documentos/SOFTWARE/arduino/BluePill/primeros_ejemplos/Thermocouple/build/core/core.a(gpio_f1.c.o)
                0x0000000008004338                GPIOC
 .rodata.rcc_dev_table
                0x000000000800433c       0x5c /home/vladimir/Documentos/SOFTWARE/arduino/BluePill/primeros_ejemplos/Thermocouple/build/core/core.a(rcc_f1.c.o)
                0x000000000800433c                rcc_dev_table
 .rodata.masks.4420
                0x0000000008004398       0x14 /home/vladimir/Documentos/SOFTWARE/arduino/BluePill/primeros_ejemplos/Thermocouple/build/core/core.a(rcc_f1.c.o)
 .rodata.usbVcomDescriptor_iProduct
                0x00000000080043ac        0xc /home/vladimir/Documentos/SOFTWARE/arduino/BluePill/primeros_ejemplos/Thermocouple/build/core/core.a(usb_cdcacm.c.o)
 .rodata.usbVcomDescriptor_iManufacturer
                0x00000000080043b8       0x12 /home/vladimir/Documentos/SOFTWARE/arduino/BluePill/primeros_ejemplos/Thermocouple/build/core/core.a(usb_cdcacm.c.o)
 .rodata.usbVcomDescriptor_Device
                0x00000000080043ca       0x12 /home/vladimir/Documentos/SOFTWARE/arduino/BluePill/primeros_ejemplos/Thermocouple/build/core/core.a(usb_cdcacm.c.o)
 .rodata.usbVcomDescriptor_Config
                0x00000000080043dc       0x43 /home/vladimir/Documentos/SOFTWARE/arduino/BluePill/primeros_ejemplos/Thermocouple/build/core/core.a(usb_cdcacm.c.o)
 .rodata.usbVcomDescriptor_LangID
                0x000000000800441f        0x4 /home/vladimir/Documentos/SOFTWARE/arduino/BluePill/primeros_ejemplos/Thermocouple/build/core/core.a(usb_cdcacm.c.o)
 *fill*         0x0000000008004423        0x5 
 .rodata._ZTV14HardwareSerial
                0x0000000008004428       0x28 /home/vladimir/Documentos/SOFTWARE/arduino/BluePill/primeros_ejemplos/Thermocouple/build/core/core.a(HardwareSerial.cpp.o)
                0x0000000008004428                vtable for HardwareSerial
 .rodata._ZTV9USBSerial
                0x0000000008004450       0x28 /home/vladimir/Documentos/SOFTWARE/arduino/BluePill/primeros_ejemplos/Thermocouple/build/core/core.a(usb_serial.cpp.o)
                0x0000000008004450                vtable for USBSerial
 .rodata.str1.4
                0x0000000008004478        0x4 /home/vladimir/.arduino15/packages/arduino/tools/arm-none-eabi-gcc/4.8.3-2014q1/bin/../lib/gcc/arm-none-eabi/4.8.3/../../../../arm-none-eabi/lib/armv7-m/libc.a(lib_a-impure.o)
 .rodata._global_impure_ptr
                0x000000000800447c        0x4 /home/vladimir/.arduino15/packages/arduino/tools/arm-none-eabi-gcc/4.8.3-2014q1/bin/../lib/gcc/arm-none-eabi/4.8.3/../../../../arm-none-eabi/lib/armv7-m/libc.a(lib_a-impure.o)
                0x000000000800447c                _global_impure_ptr
 *(.USER_FLASH)
                0x0000000008004480                . = ALIGN (0x4)
                0x0000000008004480                _lm_rom_img_cfgp = .
                0x0000000008004480        0x4 LONG 0x8003888 LOADADDR (.data)
                0x0000000020000c20                _lm_heap_start = DEFINED (_lm_heap_start)?_lm_heap_start:_end
                0x0000000020005000                _lm_heap_end = DEFINED (_lm_heap_end)?_lm_heap_end:__msp_init

.rel.dyn        0x0000000008004484        0x0
 .rel.iplt      0x0000000000000000        0x0 /home/vladimir/.arduino15/packages/arduino/tools/arm-none-eabi-gcc/4.8.3-2014q1/bin/../lib/gcc/arm-none-eabi/4.8.3/armv7-m/crtbegin.o

.bss            0x0000000020000870      0x3b0
                0x0000000020000870                . = ALIGN (0x8)
                0x0000000020000870                __bss_start__ = .
 *(.bss .bss.* .gnu.linkonce.b.*)
 .bss           0x0000000020000870       0x1c /home/vladimir/.arduino15/packages/arduino/tools/arm-none-eabi-gcc/4.8.3-2014q1/bin/../lib/gcc/arm-none-eabi/4.8.3/armv7-m/crtbegin.o
 .bss.thermocouple
                0x000000002000088c        0x3 /home/vladimir/Documentos/SOFTWARE/arduino/BluePill/primeros_ejemplos/Thermocouple/build/sketch/Thermocouple.ino.cpp.o
                0x000000002000088c                thermocouple
 *fill*         0x000000002000088f        0x1 
 .bss.temp      0x0000000020000890        0x4 /home/vladimir/Documentos/SOFTWARE/arduino/BluePill/primeros_ejemplos/Thermocouple/build/sketch/Thermocouple.ino.cpp.o
                0x0000000020000890                temp
 .bss.Serial1   0x0000000020000894       0x18 /home/vladimir/Documentos/SOFTWARE/arduino/BluePill/primeros_ejemplos/Thermocouple/build/core/board.cpp.o
                0x0000000020000894                Serial1
 .bss.Serial2   0x00000000200008ac       0x18 /home/vladimir/Documentos/SOFTWARE/arduino/BluePill/primeros_ejemplos/Thermocouple/build/core/board.cpp.o
                0x00000000200008ac                Serial2
 .bss.Serial3   0x00000000200008c4       0x18 /home/vladimir/Documentos/SOFTWARE/arduino/BluePill/primeros_ejemplos/Thermocouple/build/core/board.cpp.o
                0x00000000200008c4                Serial3
 .bss.exti_channels
                0x00000000200008dc       0x80 /home/vladimir/Documentos/SOFTWARE/arduino/BluePill/primeros_ejemplos/Thermocouple/build/core/core.a(exti.c.o)
 .bss.systick_user_callback
                0x000000002000095c        0x4 /home/vladimir/Documentos/SOFTWARE/arduino/BluePill/primeros_ejemplos/Thermocouple/build/core/core.a(systick.c.o)
 .bss.usart1_wb
                0x0000000020000960        0xc /home/vladimir/Documentos/SOFTWARE/arduino/BluePill/primeros_ejemplos/Thermocouple/build/core/core.a(usart_f1.c.o)
 .bss.usart1_rb
                0x000000002000096c        0xc /home/vladimir/Documentos/SOFTWARE/arduino/BluePill/primeros_ejemplos/Thermocouple/build/core/core.a(usart_f1.c.o)
 .bss.usart2_rb
                0x0000000020000978        0xc /home/vladimir/Documentos/SOFTWARE/arduino/BluePill/primeros_ejemplos/Thermocouple/build/core/core.a(usart_f1.c.o)
 .bss.usart3_rb
                0x0000000020000984        0xc /home/vladimir/Documentos/SOFTWARE/arduino/BluePill/primeros_ejemplos/Thermocouple/build/core/core.a(usart_f1.c.o)
 .bss.usart2_wb
                0x0000000020000990        0xc /home/vladimir/Documentos/SOFTWARE/arduino/BluePill/primeros_ejemplos/Thermocouple/build/core/core.a(usart_f1.c.o)
 .bss.usart3_wb
                0x000000002000099c        0xc /home/vladimir/Documentos/SOFTWARE/arduino/BluePill/primeros_ejemplos/Thermocouple/build/core/core.a(usart_f1.c.o)
 .bss.line_dtr_rts
                0x00000000200009a8        0x1 /home/vladimir/Documentos/SOFTWARE/arduino/BluePill/primeros_ejemplos/Thermocouple/build/core/core.a(usb_cdcacm.c.o)
 .bss.vcomBufferTx
                0x00000000200009a9      0x100 /home/vladimir/Documentos/SOFTWARE/arduino/BluePill/primeros_ejemplos/Thermocouple/build/core/core.a(usb_cdcacm.c.o)
 *fill*         0x0000000020000aa9        0x3 
 .bss.tx_head   0x0000000020000aac        0x4 /home/vladimir/Documentos/SOFTWARE/arduino/BluePill/primeros_ejemplos/Thermocouple/build/core/core.a(usb_cdcacm.c.o)
 .bss.rx_hook   0x0000000020000ab0        0x4 /home/vladimir/Documentos/SOFTWARE/arduino/BluePill/primeros_ejemplos/Thermocouple/build/core/core.a(usb_cdcacm.c.o)
 .bss.vcomBufferRx
                0x0000000020000ab4      0x100 /home/vladimir/Documentos/SOFTWARE/arduino/BluePill/primeros_ejemplos/Thermocouple/build/core/core.a(usb_cdcacm.c.o)
 .bss.transmitting
                0x0000000020000bb4        0x1 /home/vladimir/Documentos/SOFTWARE/arduino/BluePill/primeros_ejemplos/Thermocouple/build/core/core.a(usb_cdcacm.c.o)
 *fill*         0x0000000020000bb5        0x3 
 .bss.rx_tail   0x0000000020000bb8        0x4 /home/vladimir/Documentos/SOFTWARE/arduino/BluePill/primeros_ejemplos/Thermocouple/build/core/core.a(usb_cdcacm.c.o)
 .bss.iface_setup_hook
                0x0000000020000bbc        0x4 /home/vladimir/Documentos/SOFTWARE/arduino/BluePill/primeros_ejemplos/Thermocouple/build/core/core.a(usb_cdcacm.c.o)
 .bss.rx_head   0x0000000020000bc0        0x4 /home/vladimir/Documentos/SOFTWARE/arduino/BluePill/primeros_ejemplos/Thermocouple/build/core/core.a(usb_cdcacm.c.o)
 .bss.tx_tail   0x0000000020000bc4        0x4 /home/vladimir/Documentos/SOFTWARE/arduino/BluePill/primeros_ejemplos/Thermocouple/build/core/core.a(usb_cdcacm.c.o)
 .bss.Data_Mul_MaxPacketSize
                0x0000000020000bc8        0x1 /home/vladimir/Documentos/SOFTWARE/arduino/BluePill/primeros_ejemplos/Thermocouple/build/core/core.a(usb_core.c.o)
                0x0000000020000bc8                Data_Mul_MaxPacketSize
 .bss._ZN9USBSerial9_hasBegunE
                0x0000000020000bc9        0x1 /home/vladimir/Documentos/SOFTWARE/arduino/BluePill/primeros_ejemplos/Thermocouple/build/core/core.a(usb_serial.cpp.o)
                0x0000000020000bc9                USBSerial::_hasBegun
 *fill*         0x0000000020000bca        0x2 
 .bss.Serial    0x0000000020000bcc       0x10 /home/vladimir/Documentos/SOFTWARE/arduino/BluePill/primeros_ejemplos/Thermocouple/build/core/core.a(usb_serial.cpp.o)
                0x0000000020000bcc                Serial
 .bss._ZL11reset_state
                0x0000000020000bdc        0x1 /home/vladimir/Documentos/SOFTWARE/arduino/BluePill/primeros_ejemplos/Thermocouple/build/core/core.a(usb_serial.cpp.o)
 .bss._ZN9USBSerial11_isBlockingE
                0x0000000020000bdd        0x1 /home/vladimir/Documentos/SOFTWARE/arduino/BluePill/primeros_ejemplos/Thermocouple/build/core/core.a(usb_serial.cpp.o)
                0x0000000020000bdd                USBSerial::_isBlocking
 *(COMMON)
 *fill*         0x0000000020000bde        0x2 
 COMMON         0x0000000020000be0        0x4 /home/vladimir/Documentos/SOFTWARE/arduino/BluePill/primeros_ejemplos/Thermocouple/build/core/core.a(systick.c.o)
                0x0000000020000be0                systick_uptime_millis
 COMMON         0x0000000020000be4        0x6 /home/vladimir/Documentos/SOFTWARE/arduino/BluePill/primeros_ejemplos/Thermocouple/build/core/core.a(usb.c.o)
                0x0000000020000be4                SaveRState
                0x0000000020000be6                SaveTState
                0x0000000020000be8                ResumeS
 COMMON         0x0000000020000bea        0x2 /home/vladimir/Documentos/SOFTWARE/arduino/BluePill/primeros_ejemplos/Thermocouple/build/core/core.a(usb_core.c.o)
                0x0000000020000bea                StatusInfo
 COMMON         0x0000000020000bec       0x32 /home/vladimir/Documentos/SOFTWARE/arduino/BluePill/primeros_ejemplos/Thermocouple/build/core/core.a(usb_init.c.o)
                0x0000000020000bec                SaveState
                0x0000000020000bf0                pProperty
                0x0000000020000bf4                EPindex
                0x0000000020000bf8                Device_Info
                0x0000000020000c14                pUser_Standard_Requests
                0x0000000020000c18                pInformation
                0x0000000020000c1c                wInterrupt_Mask
                0x0000000020000c20                . = ALIGN (0x8)
 *fill*         0x0000000020000c1e        0x2 
                0x0000000020000c20                __bss_end__ = .
                0x0000000020000c20                _end = __bss_end__

.stab
 *(.stab)

.stabstr
 *(.stabstr)

.debug
 *(.debug)

.line
 *(.line)

.debug_srcinfo
 *(.debug_srcinfo)

.debug_sfnames
 *(.debug_sfnames)

.debug_aranges  0x0000000000000000      0xfc8
 *(.debug_aranges)
 .debug_aranges
                0x0000000000000000       0x30 /home/vladimir/Documentos/SOFTWARE/arduino/BluePill/primeros_ejemplos/Thermocouple/build/sketch/Thermocouple.ino.cpp.o
 .debug_aranges
                0x0000000000000030       0x38 /home/vladimir/Documentos/SOFTWARE/arduino/BluePill/primeros_ejemplos/Thermocouple/build/libraries/MAX6675_library-1.0.1/max6675.cpp.o
 .debug_aranges
                0x0000000000000068       0x20 /home/vladimir/Documentos/SOFTWARE/arduino/BluePill/primeros_ejemplos/Thermocouple/build/core/wirish/start.S.o
 .debug_aranges
                0x0000000000000088       0x20 /home/vladimir/Documentos/SOFTWARE/arduino/BluePill/primeros_ejemplos/Thermocouple/build/core/wirish/start_c.c.o
 .debug_aranges
                0x00000000000000a8       0x88 /home/vladimir/Documentos/SOFTWARE/arduino/BluePill/primeros_ejemplos/Thermocouple/build/core/wirish/syscalls.c.o
 .debug_aranges
                0x0000000000000130       0x28 /home/vladimir/Documentos/SOFTWARE/arduino/BluePill/primeros_ejemplos/Thermocouple/build/core/board.cpp.o
 .debug_aranges
                0x0000000000000158       0x40 /home/vladimir/Documentos/SOFTWARE/arduino/BluePill/primeros_ejemplos/Thermocouple/build/core/wirish/boards.cpp.o
 .debug_aranges
                0x0000000000000198       0x40 /home/vladimir/Documentos/SOFTWARE/arduino/BluePill/primeros_ejemplos/Thermocouple/build/core/wirish/boards_setup.cpp.o
 .debug_aranges
                0x00000000000001d8       0x20 /home/vladimir/Documentos/SOFTWARE/arduino/BluePill/primeros_ejemplos/Thermocouple/build/core/core.a(exc.S.o)
 .debug_aranges
                0x00000000000001f8       0x20 /home/vladimir/Documentos/SOFTWARE/arduino/BluePill/primeros_ejemplos/Thermocouple/build/core/core.a(isrs.S.o)
 .debug_aranges
                0x0000000000000218       0x38 /home/vladimir/Documentos/SOFTWARE/arduino/BluePill/primeros_ejemplos/Thermocouple/build/core/core.a(adc.c.o)
 .debug_aranges
                0x0000000000000250       0x58 /home/vladimir/Documentos/SOFTWARE/arduino/BluePill/primeros_ejemplos/Thermocouple/build/core/core.a(adc_f1.c.o)
 .debug_aranges
                0x00000000000002a8       0xa8 /home/vladimir/Documentos/SOFTWARE/arduino/BluePill/primeros_ejemplos/Thermocouple/build/core/core.a(dma_f1.c.o)
 .debug_aranges
                0x0000000000000350       0x70 /home/vladimir/Documentos/SOFTWARE/arduino/BluePill/primeros_ejemplos/Thermocouple/build/core/core.a(exti.c.o)
 .debug_aranges
                0x00000000000003c0       0x20 /home/vladimir/Documentos/SOFTWARE/arduino/BluePill/primeros_ejemplos/Thermocouple/build/core/core.a(exti_f1.c.o)
 .debug_aranges
                0x00000000000003e0       0x20 /home/vladimir/Documentos/SOFTWARE/arduino/BluePill/primeros_ejemplos/Thermocouple/build/core/core.a(flash.c.o)
 .debug_aranges
                0x0000000000000400       0x40 /home/vladimir/Documentos/SOFTWARE/arduino/BluePill/primeros_ejemplos/Thermocouple/build/core/core.a(gpio_f1.c.o)
 .debug_aranges
                0x0000000000000440       0x50 /home/vladimir/Documentos/SOFTWARE/arduino/BluePill/primeros_ejemplos/Thermocouple/build/core/core.a(i2c_f1.c.o)
 .debug_aranges
                0x0000000000000490       0x38 /home/vladimir/Documentos/SOFTWARE/arduino/BluePill/primeros_ejemplos/Thermocouple/build/core/core.a(nvic.c.o)
 .debug_aranges
                0x00000000000004c8       0x48 /home/vladimir/Documentos/SOFTWARE/arduino/BluePill/primeros_ejemplos/Thermocouple/build/core/core.a(rcc.c.o)
 .debug_aranges
                0x0000000000000510       0x48 /home/vladimir/Documentos/SOFTWARE/arduino/BluePill/primeros_ejemplos/Thermocouple/build/core/core.a(rcc_f1.c.o)
 .debug_aranges
                0x0000000000000558       0x40 /home/vladimir/Documentos/SOFTWARE/arduino/BluePill/primeros_ejemplos/Thermocouple/build/core/core.a(systick.c.o)
 .debug_aranges
                0x0000000000000598       0xa8 /home/vladimir/Documentos/SOFTWARE/arduino/BluePill/primeros_ejemplos/Thermocouple/build/core/core.a(timer.c.o)
 .debug_aranges
                0x0000000000000640       0x58 /home/vladimir/Documentos/SOFTWARE/arduino/BluePill/primeros_ejemplos/Thermocouple/build/core/core.a(usart_f1.c.o)
 .debug_aranges
                0x0000000000000698       0x20 /home/vladimir/Documentos/SOFTWARE/arduino/BluePill/primeros_ejemplos/Thermocouple/build/core/core.a(usart_private.c.o)
 .debug_aranges
                0x00000000000006b8       0x50 /home/vladimir/Documentos/SOFTWARE/arduino/BluePill/primeros_ejemplos/Thermocouple/build/core/core.a(util.c.o)
 .debug_aranges
                0x0000000000000708       0x38 /home/vladimir/Documentos/SOFTWARE/arduino/BluePill/primeros_ejemplos/Thermocouple/build/core/core.a(usb.c.o)
 .debug_aranges
                0x0000000000000740      0x128 /home/vladimir/Documentos/SOFTWARE/arduino/BluePill/primeros_ejemplos/Thermocouple/build/core/core.a(usb_cdcacm.c.o)
 .debug_aranges
                0x0000000000000868       0x20 /home/vladimir/Documentos/SOFTWARE/arduino/BluePill/primeros_ejemplos/Thermocouple/build/core/core.a(usb_reg_map.c.o)
 .debug_aranges
                0x0000000000000888       0x98 /home/vladimir/Documentos/SOFTWARE/arduino/BluePill/primeros_ejemplos/Thermocouple/build/core/core.a(usb_core.c.o)
 .debug_aranges
                0x0000000000000920       0x20 /home/vladimir/Documentos/SOFTWARE/arduino/BluePill/primeros_ejemplos/Thermocouple/build/core/core.a(usb_init.c.o)
 .debug_aranges
                0x0000000000000940       0x28 /home/vladimir/Documentos/SOFTWARE/arduino/BluePill/primeros_ejemplos/Thermocouple/build/core/core.a(usb_mem.c.o)
 .debug_aranges
                0x0000000000000968      0x1f0 /home/vladimir/Documentos/SOFTWARE/arduino/BluePill/primeros_ejemplos/Thermocouple/build/core/core.a(usb_regs.c.o)
 .debug_aranges
                0x0000000000000b58       0x70 /home/vladimir/Documentos/SOFTWARE/arduino/BluePill/primeros_ejemplos/Thermocouple/build/core/core.a(HardwareSerial.cpp.o)
 .debug_aranges
                0x0000000000000bc8      0x110 /home/vladimir/Documentos/SOFTWARE/arduino/BluePill/primeros_ejemplos/Thermocouple/build/core/core.a(Print.cpp.o)
 .debug_aranges
                0x0000000000000cd8       0x20 /home/vladimir/Documentos/SOFTWARE/arduino/BluePill/primeros_ejemplos/Thermocouple/build/core/core.a(cxxabi-compat.cpp.o)
 .debug_aranges
                0x0000000000000cf8       0x28 /home/vladimir/Documentos/SOFTWARE/arduino/BluePill/primeros_ejemplos/Thermocouple/build/core/core.a(main.cpp.o)
 .debug_aranges
                0x0000000000000d20       0xe0 /home/vladimir/Documentos/SOFTWARE/arduino/BluePill/primeros_ejemplos/Thermocouple/build/core/core.a(usb_serial.cpp.o)
 .debug_aranges
                0x0000000000000e00       0x28 /home/vladimir/Documentos/SOFTWARE/arduino/BluePill/primeros_ejemplos/Thermocouple/build/core/core.a(wirish_digital.cpp.o)
 .debug_aranges
                0x0000000000000e28       0x30 /home/vladimir/Documentos/SOFTWARE/arduino/BluePill/primeros_ejemplos/Thermocouple/build/core/core.a(wirish_time.cpp.o)
 .debug_aranges
                0x0000000000000e58       0x20 /home/vladimir/Documentos/SOFTWARE/arduino/BluePill/primeros_ejemplos/Thermocouple/build/core/core.a(wirish_digital_f1.cpp.o)
 .debug_aranges
                0x0000000000000e78       0x20 /home/vladimir/Documentos/SOFTWARE/arduino/BluePill/primeros_ejemplos/Thermocouple/build/core/core.a(hooks.c.o)
 .debug_aranges
                0x0000000000000e98       0x40 /home/vladimir/Documentos/SOFTWARE/arduino/BluePill/primeros_ejemplos/Thermocouple/build/core/core.a(bkp_f1.c.o)
 .debug_aranges
                0x0000000000000ed8       0x28 /home/vladimir/Documentos/SOFTWARE/arduino/BluePill/primeros_ejemplos/Thermocouple/build/core/core.a(dma.c.o)
 .debug_aranges
                0x0000000000000f00       0x20 /home/vladimir/Documentos/SOFTWARE/arduino/BluePill/primeros_ejemplos/Thermocouple/build/core/core.a(gpio.c.o)
 .debug_aranges
                0x0000000000000f20       0x60 /home/vladimir/Documentos/SOFTWARE/arduino/BluePill/primeros_ejemplos/Thermocouple/build/core/core.a(i2c.c.o)
 .debug_aranges
                0x0000000000000f80       0x48 /home/vladimir/Documentos/SOFTWARE/arduino/BluePill/primeros_ejemplos/Thermocouple/build/core/core.a(usart.c.o)

.debug_pubnames
 *(.debug_pubnames)

.debug_info     0x0000000000000000    0x20591
 *(.debug_info .gnu.linkonce.wi.*)
 .debug_info    0x0000000000000000      0x4d6 /home/vladimir/Documentos/SOFTWARE/arduino/BluePill/primeros_ejemplos/Thermocouple/build/sketch/Thermocouple.ino.cpp.o
 .debug_info    0x00000000000004d6      0x51b /home/vladimir/Documentos/SOFTWARE/arduino/BluePill/primeros_ejemplos/Thermocouple/build/libraries/MAX6675_library-1.0.1/max6675.cpp.o
 .debug_info    0x00000000000009f1       0xea /home/vladimir/Documentos/SOFTWARE/arduino/BluePill/primeros_ejemplos/Thermocouple/build/core/wirish/start.S.o
 .debug_info    0x0000000000000adb      0x176 /home/vladimir/Documentos/SOFTWARE/arduino/BluePill/primeros_ejemplos/Thermocouple/build/core/wirish/start_c.c.o
 .debug_info    0x0000000000000c51      0x5cd /home/vladimir/Documentos/SOFTWARE/arduino/BluePill/primeros_ejemplos/Thermocouple/build/core/wirish/syscalls.c.o
 .debug_info    0x000000000000121e      0xf2e /home/vladimir/Documentos/SOFTWARE/arduino/BluePill/primeros_ejemplos/Thermocouple/build/core/board.cpp.o
 .debug_info    0x000000000000214c     0x142d /home/vladimir/Documentos/SOFTWARE/arduino/BluePill/primeros_ejemplos/Thermocouple/build/core/wirish/boards.cpp.o
 .debug_info    0x0000000000003579     0x10c5 /home/vladimir/Documentos/SOFTWARE/arduino/BluePill/primeros_ejemplos/Thermocouple/build/core/wirish/boards_setup.cpp.o
 .debug_info    0x000000000000463e       0xda /home/vladimir/Documentos/SOFTWARE/arduino/BluePill/primeros_ejemplos/Thermocouple/build/core/core.a(exc.S.o)
 .debug_info    0x0000000000004718       0xef /home/vladimir/Documentos/SOFTWARE/arduino/BluePill/primeros_ejemplos/Thermocouple/build/core/core.a(isrs.S.o)
 .debug_info    0x0000000000004807      0x79a /home/vladimir/Documentos/SOFTWARE/arduino/BluePill/primeros_ejemplos/Thermocouple/build/core/core.a(adc.c.o)
 .debug_info    0x0000000000004fa1      0xe4a /home/vladimir/Documentos/SOFTWARE/arduino/BluePill/primeros_ejemplos/Thermocouple/build/core/core.a(adc_f1.c.o)
 .debug_info    0x0000000000005deb     0x19f2 /home/vladimir/Documentos/SOFTWARE/arduino/BluePill/primeros_ejemplos/Thermocouple/build/core/core.a(dma_f1.c.o)
 .debug_info    0x00000000000077dd      0xedd /home/vladimir/Documentos/SOFTWARE/arduino/BluePill/primeros_ejemplos/Thermocouple/build/core/core.a(exti.c.o)
 .debug_info    0x00000000000086ba      0x213 /home/vladimir/Documentos/SOFTWARE/arduino/BluePill/primeros_ejemplos/Thermocouple/build/core/core.a(exti_f1.c.o)
 .debug_info    0x00000000000088cd      0x128 /home/vladimir/Documentos/SOFTWARE/arduino/BluePill/primeros_ejemplos/Thermocouple/build/core/core.a(flash.c.o)
 .debug_info    0x00000000000089f5      0x6d6 /home/vladimir/Documentos/SOFTWARE/arduino/BluePill/primeros_ejemplos/Thermocouple/build/core/core.a(gpio_f1.c.o)
 .debug_info    0x00000000000090cb      0xbd5 /home/vladimir/Documentos/SOFTWARE/arduino/BluePill/primeros_ejemplos/Thermocouple/build/core/core.a(i2c_f1.c.o)
 .debug_info    0x0000000000009ca0      0x5a2 /home/vladimir/Documentos/SOFTWARE/arduino/BluePill/primeros_ejemplos/Thermocouple/build/core/core.a(nvic.c.o)