Archive member included because of file (symbol)

/home/vladimir/Documentos/SOFTWARE/arduino/BluePill/Demos/TFT/bomba_tft/build/core/core.a(exc.S.o)
                              (__exc_nmi)
/home/vladimir/Documentos/SOFTWARE/arduino/BluePill/Demos/TFT/bomba_tft/build/core/core.a(isrs.S.o)
                              (__stm32reservedexception7)
/home/vladimir/Documentos/SOFTWARE/arduino/BluePill/Demos/TFT/bomba_tft/build/core/core.a(vector_table.S.o)
                              (__stm32_vector_table)
/home/vladimir/Documentos/SOFTWARE/arduino/BluePill/Demos/TFT/bomba_tft/build/core/core.a(adc.c.o)
                              /home/vladimir/Documentos/SOFTWARE/arduino/BluePill/Demos/TFT/bomba_tft/build/core/wirish/boards.cpp.o (adc_set_sample_rate)
/home/vladimir/Documentos/SOFTWARE/arduino/BluePill/Demos/TFT/bomba_tft/build/core/core.a(adc_f1.c.o)
                              (__irq_adc)
/home/vladimir/Documentos/SOFTWARE/arduino/BluePill/Demos/TFT/bomba_tft/build/core/core.a(dma.c.o)
                              /home/vladimir/Documentos/SOFTWARE/arduino/BluePill/Demos/TFT/bomba_tft/build/libraries/SPI/SPI.cpp.o (dma_init)
/home/vladimir/Documentos/SOFTWARE/arduino/BluePill/Demos/TFT/bomba_tft/build/core/core.a(dma_f1.c.o)
                              /home/vladimir/Documentos/SOFTWARE/arduino/BluePill/Demos/TFT/bomba_tft/build/libraries/SPI/SPI.cpp.o (dma_set_priority)
/home/vladimir/Documentos/SOFTWARE/arduino/BluePill/Demos/TFT/bomba_tft/build/core/core.a(exti.c.o)
                              (__irq_exti0)
/home/vladimir/Documentos/SOFTWARE/arduino/BluePill/Demos/TFT/bomba_tft/build/core/core.a(exti_f1.c.o)
                              /home/vladimir/Documentos/SOFTWARE/arduino/BluePill/Demos/TFT/bomba_tft/build/core/core.a(exti.c.o) (exti_select)
/home/vladimir/Documentos/SOFTWARE/arduino/BluePill/Demos/TFT/bomba_tft/build/core/core.a(flash.c.o)
                              /home/vladimir/Documentos/SOFTWARE/arduino/BluePill/Demos/TFT/bomba_tft/build/core/wirish/boards.cpp.o (flash_set_latency)
/home/vladimir/Documentos/SOFTWARE/arduino/BluePill/Demos/TFT/bomba_tft/build/core/core.a(gpio_f1.c.o)
                              /home/vladimir/Documentos/SOFTWARE/arduino/BluePill/Demos/TFT/bomba_tft/build/core/wirish/boards_setup.cpp.o (gpio_init_all)
/home/vladimir/Documentos/SOFTWARE/arduino/BluePill/Demos/TFT/bomba_tft/build/core/core.a(i2c_f1.c.o)
                              (__irq_i2c1_ev)
/home/vladimir/Documentos/SOFTWARE/arduino/BluePill/Demos/TFT/bomba_tft/build/core/core.a(nvic.c.o)
                              /home/vladimir/Documentos/SOFTWARE/arduino/BluePill/Demos/TFT/bomba_tft/build/core/core.a(i2c_f1.c.o) (nvic_irq_set_priority)
/home/vladimir/Documentos/SOFTWARE/arduino/BluePill/Demos/TFT/bomba_tft/build/core/core.a(rcc.c.o)
                              /home/vladimir/Documentos/SOFTWARE/arduino/BluePill/Demos/TFT/bomba_tft/build/libraries/SPI/SPI.cpp.o (rcc_dev_clk)
/home/vladimir/Documentos/SOFTWARE/arduino/BluePill/Demos/TFT/bomba_tft/build/core/core.a(rcc_f1.c.o)
                              /home/vladimir/Documentos/SOFTWARE/arduino/BluePill/Demos/TFT/bomba_tft/build/core/wirish/boards.cpp.o (rcc_configure_pll)
/home/vladimir/Documentos/SOFTWARE/arduino/BluePill/Demos/TFT/bomba_tft/build/core/core.a(spi.c.o)
                              /home/vladimir/Documentos/SOFTWARE/arduino/BluePill/Demos/TFT/bomba_tft/build/libraries/SPI/SPI.cpp.o (spi_init)
/home/vladimir/Documentos/SOFTWARE/arduino/BluePill/Demos/TFT/bomba_tft/build/core/core.a(spi_f1.c.o)
                              /home/vladimir/Documentos/SOFTWARE/arduino/BluePill/Demos/TFT/bomba_tft/build/libraries/SPI/SPI.cpp.o (spi_config_gpios)
/home/vladimir/Documentos/SOFTWARE/arduino/BluePill/Demos/TFT/bomba_tft/build/core/core.a(systick.c.o)
                              /home/vladimir/Documentos/SOFTWARE/arduino/BluePill/Demos/TFT/bomba_tft/build/core/wirish/boards.cpp.o (systick_init)
/home/vladimir/Documentos/SOFTWARE/arduino/BluePill/Demos/TFT/bomba_tft/build/core/core.a(timer.c.o)
                              /home/vladimir/Documentos/SOFTWARE/arduino/BluePill/Demos/TFT/bomba_tft/build/core/wirish/boards.cpp.o (timer_foreach)
/home/vladimir/Documentos/SOFTWARE/arduino/BluePill/Demos/TFT/bomba_tft/build/core/core.a(usart_f1.c.o)
                              (__irq_usart1)
/home/vladimir/Documentos/SOFTWARE/arduino/BluePill/Demos/TFT/bomba_tft/build/core/core.a(usart_private.c.o)
                              /home/vladimir/Documentos/SOFTWARE/arduino/BluePill/Demos/TFT/bomba_tft/build/core/core.a(usart_f1.c.o) (_usart_clock_freq)
/home/vladimir/Documentos/SOFTWARE/arduino/BluePill/Demos/TFT/bomba_tft/build/core/core.a(util.c.o)
                              /home/vladimir/Documentos/SOFTWARE/arduino/BluePill/Demos/TFT/bomba_tft/build/core/core.a(exc.S.o) (__error)
/home/vladimir/Documentos/SOFTWARE/arduino/BluePill/Demos/TFT/bomba_tft/build/core/core.a(usb.c.o)
[...]
Memory Configuration

Name             Origin             Length             Attributes
ram              0x0000000020000000 0x0000000000005000 xrw
rom              0x0000000008000000 0x0000000000020000 xr
*default*        0x0000000000000000 0xffffffffffffffff

Linker script and memory map

LOAD /home/vladimir/.arduino15/packages/arduino/tools/arm-none-eabi-gcc/4.8.3-2014q1/bin/../lib/gcc/arm-none-eabi/4.8.3/armv7-m/crti.o
LOAD /home/vladimir/.arduino15/packages/arduino/tools/arm-none-eabi-gcc/4.8.3-2014q1/bin/../lib/gcc/arm-none-eabi/4.8.3/armv7-m/crtbegin.o
LOAD /home/vladimir/.arduino15/packages/arduino/tools/arm-none-eabi-gcc/4.8.3-2014q1/bin/../lib/gcc/arm-none-eabi/4.8.3/../../../../arm-none-eabi/lib/armv7-m/crt0.o
LOAD /home/vladimir/.arduino15/packages/arduino/tools/arm-none-eabi-gcc/4.8.3-2014q1/bin/../lib/gcc/arm-none-eabi/4.8.3/armv7-m/libgcc.a
START GROUP
LOAD /home/vladimir/Documentos/SOFTWARE/arduino/BluePill/Demos/TFT/bomba_tft/build/sketch/SR04.cpp.o
LOAD /home/vladimir/Documentos/SOFTWARE/arduino/BluePill/Demos/TFT/bomba_tft/build/sketch/TankParameters.cpp.o
LOAD /home/vladimir/Documentos/SOFTWARE/arduino/BluePill/Demos/TFT/bomba_tft/build/sketch/bomba_tft.ino.cpp.o
LOAD /home/vladimir/Documentos/SOFTWARE/arduino/BluePill/Demos/TFT/bomba_tft/build/sketch/configs_ir.cpp.o
LOAD /home/vladimir/Documentos/SOFTWARE/arduino/BluePill/Demos/TFT/bomba_tft/build/sketch/hmi.cpp.o
LOAD /home/vladimir/Documentos/SOFTWARE/arduino/BluePill/Demos/TFT/bomba_tft/build/sketch/median_filter.cpp.o
LOAD /home/vladimir/Documentos/SOFTWARE/arduino/BluePill/Demos/TFT/bomba_tft/build/sketch/pump_controller.cpp.o
LOAD /home/vladimir/Documentos/SOFTWARE/arduino/BluePill/Demos/TFT/bomba_tft/build/libraries/Adafruit_GFX/glcdfont.c.o
LOAD /home/vladimir/Documentos/SOFTWARE/arduino/BluePill/Demos/TFT/bomba_tft/build/libraries/Adafruit_GFX/Adafruit_GFX.cpp.o
LOAD /home/vladimir/Documentos/SOFTWARE/arduino/BluePill/Demos/TFT/bomba_tft/build/libraries/Adafruit_ST7735/Adafruit_ST7735.cpp.o
LOAD /home/vladimir/Documentos/SOFTWARE/arduino/BluePill/Demos/TFT/bomba_tft/build/libraries/Adafruit_GFX_AS/Font16.c.o
LOAD /home/vladimir/Documentos/SOFTWARE/arduino/BluePill/Demos/TFT/bomba_tft/build/libraries/Adafruit_GFX_AS/Font32.c.o
LOAD /home/vladimir/Documentos/SOFTWARE/arduino/BluePill/Demos/TFT/bomba_tft/build/libraries/Adafruit_GFX_AS/Font64.c.o
LOAD /home/vladimir/Documentos/SOFTWARE/arduino/BluePill/Demos/TFT/bomba_tft/build/libraries/Adafruit_GFX_AS/Font7s.c.o
LOAD /home/vladimir/Documentos/SOFTWARE/arduino/BluePill/Demos/TFT/bomba_tft/build/libraries/Adafruit_GFX_AS/glcdfont.c.o
LOAD /home/vladimir/Documentos/SOFTWARE/arduino/BluePill/Demos/TFT/bomba_tft/build/libraries/Adafruit_GFX_AS/Adafruit_GFX_AS.cpp.o
LOAD /home/vladimir/Documentos/SOFTWARE/arduino/BluePill/Demos/TFT/bomba_tft/build/libraries/SPI/SPI.cpp.o
LOAD /home/vladimir/Documentos/SOFTWARE/arduino/BluePill/Demos/TFT/bomba_tft/build/libraries/Irmp/irmp.cpp.o
LOAD /home/vladimir/Documentos/SOFTWARE/arduino/BluePill/Demos/TFT/bomba_tft/build/libraries/Irmp/irmpextlog.cpp.o
LOAD /home/vladimir/Documentos/SOFTWARE/arduino/BluePill/Demos/TFT/bomba_tft/build/libraries/Irmp/irsnd.cpp.o
LOAD /home/vladimir/Documentos/SOFTWARE/arduino/BluePill/Demos/TFT/bomba_tft/build/libraries/EEPROM/flash_stm32.c.o
LOAD /home/vladimir/Documentos/SOFTWARE/arduino/BluePill/Demos/TFT/bomba_tft/build/libraries/EEPROM/EEPROM.cpp.o
LOAD /home/vladimir/Documentos/SOFTWARE/arduino/BluePill/Demos/TFT/bomba_tft/build/core/wirish/start.S.o
LOAD /home/vladimir/Documentos/SOFTWARE/arduino/BluePill/Demos/TFT/bomba_tft/build/core/wirish/start_c.c.o
LOAD /home/vladimir/Documentos/SOFTWARE/arduino/BluePill/Demos/TFT/bomba_tft/build/core/wirish/syscalls.c.o
LOAD /home/vladimir/Documentos/SOFTWARE/arduino/BluePill/Demos/TFT/bomba_tft/build/core/board.cpp.o
LOAD /home/vladimir/Documentos/SOFTWARE/arduino/BluePill/Demos/TFT/bomba_tft/build/core/wirish/boards.cpp.o
LOAD /home/vladimir/Documentos/SOFTWARE/arduino/BluePill/Demos/TFT/bomba_tft/build/core/wirish/boards_setup.cpp.o
LOAD /home/vladimir/Documentos/SOFTWARE/arduino/BluePill/Demos/TFT/bomba_tft/build/core/core.a
END GROUP
LOAD /home/vladimir/.arduino15/packages/arduino/tools/arm-none-eabi-gcc/4.8.3-2014q1/bin/../lib/gcc/arm-none-eabi/4.8.3/../../../../arm-none-eabi/lib/armv7-m/libstdc++.a
LOAD /home/vladimir/.arduino15/packages/arduino/tools/arm-none-eabi-gcc/4.8.3-2014q1/bin/../lib/gcc/arm-none-eabi/4.8.3/../../../../arm-none-eabi/lib/armv7-m/libm.a
START GROUP
LOAD /home/vladimir/.arduino15/packages/arduino/tools/arm-none-eabi-gcc/4.8.3-2014q1/bin/../lib/gcc/arm-none-eabi/4.8.3/armv7-m/libgcc.a
LOAD /home/vladimir/.arduino15/packages/arduino/tools/arm-none-eabi-gcc/4.8.3-2014q1/bin/../lib/gcc/arm-none-eabi/4.8.3/../../../../arm-none-eabi/lib/armv7-m/libc.a
END GROUP
LOAD /home/vladimir/.arduino15/packages/arduino/tools/arm-none-eabi-gcc/4.8.3-2014q1/bin/../lib/gcc/arm-none-eabi/4.8.3/armv7-m/crtend.o
LOAD /home/vladimir/.arduino15/packages/arduino/tools/arm-none-eabi-gcc/4.8.3-2014q1/bin/../lib/gcc/arm-none-eabi/4.8.3/armv7-m/crtn.o
START GROUP
LOAD /home/vladimir/.arduino15/packages/arduino/tools/arm-none-eabi-gcc/4.8.3-2014q1/bin/../lib/gcc/arm-none-eabi/4.8.3/armv7-m/libgcc.a
LOAD /home/vladimir/.arduino15/packages/arduino/tools/arm-none-eabi-gcc/4.8.3-2014q1/bin/../lib/gcc/arm-none-eabi/4.8.3/../../../../arm-none-eabi/lib/armv7-m/libc.a
LOAD /home/vladimir/.arduino15/packages/arduino/tools/arm-none-eabi-gcc/4.8.3-2014q1/bin/../lib/gcc/arm-none-eabi/4.8.3/../../../../arm-none-eabi/lib/armv7-m/libm.a
END GROUP
START GROUP
LOAD /home/vladimir/.arduino15/packages/arduino/tools/arm-none-eabi-gcc/4.8.3-2014q1/bin/../lib/gcc/arm-none-eabi/4.8.3/../../../../arm-none-eabi/lib/armv7-m/libnosys.a
END GROUP
                0x0000000020005000                PROVIDE (__msp_init, (ORIGIN (ram) + 0x5000))
                0x0000000008002364                PROVIDE (__exc_reset, __start__)

.text           0x0000000008000000     0x60f0
                0x0000000008000000                __text_start__ = .
 *(.stm32.interrupt_vector)
 .stm32.interrupt_vector
                0x0000000008000000       0xec /home/vladimir/Documentos/SOFTWARE/arduino/BluePill/Demos/TFT/bomba_tft/build/core/core.a(vector_table.S.o)
                0x0000000008000000                __stm32_vector_table
 *(.text .text.* .gnu.linkonce.t.*)
 .text          0x00000000080000ec       0x54 /home/vladimir/.arduino15/packages/arduino/tools/arm-none-eabi-gcc/4.8.3-2014q1/bin/../lib/gcc/arm-none-eabi/4.8.3/armv7-m/crtbegin.o
 .text._Z18handler_trigger_onv
                0x0000000008000140       0x10 /home/vladimir/Documentos/SOFTWARE/arduino/BluePill/Demos/TFT/bomba_tft/build/sketch/SR04.cpp.o
                0x0000000008000140                handler_trigger_on()
 .text._Z19handler_trigger_offv
                0x0000000008000150       0x10 /home/vladimir/Documentos/SOFTWARE/arduino/BluePill/Demos/TFT/bomba_tft/build/sketch/SR04.cpp.o
                0x0000000008000150                handler_trigger_off()
 .text._Z12exti_handlerv
                0x0000000008000160       0x74 /home/vladimir/Documentos/SOFTWARE/arduino/BluePill/Demos/TFT/bomba_tft/build/sketch/SR04.cpp.o
                0x0000000008000160                exti_handler()
 .text._Z8getLeveli
                0x00000000080001d4       0x1c /home/vladimir/Documentos/SOFTWARE/arduino/BluePill/Demos/TFT/bomba_tft/build/sketch/SR04.cpp.o
                0x00000000080001d4                getLevel(int)
 .text._Z22setupUltrasonicSensorsiiPi
                0x00000000080001f0       0xc8 /home/vladimir/Documentos/SOFTWARE/arduino/BluePill/Demos/TFT/bomba_tft/build/sketch/SR04.cpp.o
                0x00000000080001f0                setupUltrasonicSensors(int, int, int*)
 .text.startup._GLOBAL__sub_I_SENSOR_PINS
                0x00000000080002b8       0x28 /home/vladimir/Documentos/SOFTWARE/arduino/BluePill/Demos/TFT/bomba_tft/build/sketch/SR04.cpp.o
 .text._ZN14TankParametersC2Et
                0x00000000080002e0       0x54 /home/vladimir/Documentos/SOFTWARE/arduino/BluePill/Demos/TFT/bomba_tft/build/sketch/TankParameters.cpp.o
                0x00000000080002e0                TankParameters::TankParameters(unsigned short)
                0x00000000080002e0                TankParameters::TankParameters(unsigned short)
 .text._ZN14TankParameters9getHeightEv
                0x0000000008000334       0x1c /home/vladimir/Documentos/SOFTWARE/arduino/BluePill/Demos/TFT/bomba_tft/build/sketch/TankParameters.cpp.o
                0x0000000008000334                TankParameters::getHeight()
 .text._ZN14TankParameters6getGapEv
                0x0000000008000350       0x20 /home/vladimir/Documentos/SOFTWARE/arduino/BluePill/Demos/TFT/bomba_tft/build/sketch/TankParameters.cpp.o
                0x0000000008000350                TankParameters::getGap()
 .text._ZN14TankParameters6getMinEv
                0x0000000008000370       0x20 /home/vladimir/Documentos/SOFTWARE/arduino/BluePill/Demos/TFT/bomba_tft/build/sketch/TankParameters.cpp.o
                0x0000000008000370                TankParameters::getMin()
 .text._ZN9IRConfigsD2Ev
                0x0000000008000390        0xe /home/vladimir/Documentos/SOFTWARE/arduino/BluePill/Demos/TFT/bomba_tft/build/sketch/bomba_tft.ino.cpp.o
                0x0000000008000390                IRConfigs::~IRConfigs()
                0x0000000008000390                IRConfigs::~IRConfigs()
 *fill*         0x000000000800039e        0x2 
 .text._Z4loopv
                0x00000000080003a0       0x44 /home/vladimir/Documentos/SOFTWARE/arduino/BluePill/Demos/TFT/bomba_tft/build/sketch/bomba_tft.ino.cpp.o
                0x00000000080003a0                loop()
 .text.startup._GLOBAL__sub_I_tft
                0x00000000080003e4       0x54 /home/vladimir/Documentos/SOFTWARE/arduino/BluePill/Demos/TFT/bomba_tft/build/sketch/bomba_tft.ino.cpp.o
 .text._Z5setupv
                0x0000000008000438       0x88 /home/vladimir/Documentos/SOFTWARE/arduino/BluePill/Demos/TFT/bomba_tft/build/sketch/bomba_tft.ino.cpp.o
                0x0000000008000438                setup()
 .text._ZN9IRConfigs15TIM2_IRQHandlerEv
                0x00000000080004c0        0x4 /home/vladimir/Documentos/SOFTWARE/arduino/BluePill/Demos/TFT/bomba_tft/build/sketch/configs_ir.cpp.o
                0x00000000080004c0                IRConfigs::TIM2_IRQHandler()
 .text._ZN9IRConfigsC2EP15Adafruit_ST7735Pb
                0x00000000080004c4       0x24 /home/vladimir/Documentos/SOFTWARE/arduino/BluePill/Demos/TFT/bomba_tft/build/sketch/configs_ir.cpp.o
                0x00000000080004c4                IRConfigs::IRConfigs(Adafruit_ST7735*, bool*)
                0x00000000080004c4                IRConfigs::IRConfigs(Adafruit_ST7735*, bool*)
 .text._ZN9IRConfigs11timer2_initEv
                0x00000000080004e8       0x54 /home/vladimir/Documentos/SOFTWARE/arduino/BluePill/Demos/TFT/bomba_tft/build/sketch/configs_ir.cpp.o
                0x00000000080004e8                IRConfigs::timer2_init()
 .text._ZN9IRConfigs4initEP14TankParametersS1_
                0x000000000800053c       0x34 /home/vladimir/Documentos/SOFTWARE/arduino/BluePill/Demos/TFT/bomba_tft/build/sketch/configs_ir.cpp.o
                0x000000000800053c                IRConfigs::init(TankParameters*, TankParameters*)
 .text.startup._GLOBAL__sub_I_timer
                0x0000000008000570        0xc /home/vladimir/Documentos/SOFTWARE/arduino/BluePill/Demos/TFT/bomba_tft/build/sketch/configs_ir.cpp.o
 .text._ZN7PumpHMIC2EP15Adafruit_ST7735
                0x000000000800057c        0x8 /home/vladimir/Documentos/SOFTWARE/arduino/BluePill/Demos/TFT/bomba_tft/build/sketch/hmi.cpp.o
                0x000000000800057c                PumpHMI::PumpHMI(Adafruit_ST7735*)
                0x000000000800057c                PumpHMI::PumpHMI(Adafruit_ST7735*)
 .text._ZN7PumpHMI15drawHMItemplateEss
                0x0000000008000584      0x188 /home/vladimir/Documentos/SOFTWARE/arduino/BluePill/Demos/TFT/bomba_tft/build/sketch/hmi.cpp.o
                0x0000000008000584                PumpHMI::drawHMItemplate(short, short)
 .text._ZN7PumpHMI20updateLowerTankLevelEs
                0x000000000800070c       0x80 /home/vladimir/Documentos/SOFTWARE/arduino/BluePill/Demos/TFT/bomba_tft/build/sketch/hmi.cpp.o
                0x000000000800070c                PumpHMI::updateLowerTankLevel(short)
 .text._ZN7PumpHMI20updateUpperTankLevelEs
                0x000000000800078c       0x54 /home/vladimir/Documentos/SOFTWARE/arduino/BluePill/Demos/TFT/bomba_tft/build/sketch/hmi.cpp.o
                0x000000000800078c                PumpHMI::updateUpperTankLevel(short)
 .text._ZN12MedianFilterC2Ev
                0x00000000080007e0       0x18 /home/vladimir/Documentos/SOFTWARE/arduino/BluePill/Demos/TFT/bomba_tft/build/sketch/median_filter.cpp.o
                0x00000000080007e0                MedianFilter::MedianFilter()
                0x00000000080007e0                MedianFilter::MedianFilter()
 .text._ZN12MedianFilter8getValueEv
                0x00000000080007f8       0x26 /home/vladimir/Documentos/SOFTWARE/arduino/BluePill/Demos/TFT/bomba_tft/build/sketch/median_filter.cpp.o
                0x00000000080007f8                MedianFilter::getValue()
 .text._ZN14PumpControllerC2Ev
                0x000000000800081e       0x82 /home/vladimir/Documentos/SOFTWARE/arduino/BluePill/Demos/TFT/bomba_tft/build/sketch/pump_controller.cpp.o
                0x000000000800081e                PumpController::PumpController()
                0x000000000800081e                PumpController::PumpController()
 .text._ZN14PumpController15getLowerTankMinEv
                0x00000000080008a0        0x6 /home/vladimir/Documentos/SOFTWARE/arduino/BluePill/Demos/TFT/bomba_tft/build/sketch/pump_controller.cpp.o
                0x00000000080008a0                PumpController::getLowerTankMin()
 .text._ZN14PumpController15getUpperTankMinEv
                0x00000000080008a6        0x4 /home/vladimir/Documentos/SOFTWARE/arduino/BluePill/Demos/TFT/bomba_tft/build/sketch/pump_controller.cpp.o
                0x00000000080008a6                PumpController::getUpperTankMin()
 .text._ZN14PumpController12getLowerTankEv
                0x00000000080008aa        0x4 /home/vladimir/Documentos/SOFTWARE/arduino/BluePill/Demos/TFT/bomba_tft/build/sketch/pump_controller.cpp.o
                0x00000000080008aa                PumpController::getLowerTank()
 .text._ZN14PumpController12getUpperTankEv
                0x00000000080008ae        0x2 /home/vladimir/Documentos/SOFTWARE/arduino/BluePill/Demos/TFT/bomba_tft/build/sketch/pump_controller.cpp.o
                0x00000000080008ae                PumpController::getUpperTank()
 .text._ZN14PumpController12getTankLevelEi
                0x00000000080008b0       0x46 /home/vladimir/Documentos/SOFTWARE/arduino/BluePill/Demos/TFT/bomba_tft/build/sketch/pump_controller.cpp.o
                0x00000000080008b0                PumpController::getTankLevel(int)
 .text._ZN14PumpController17getUpperTankLevelEv
                0x00000000080008f6        0x6 /home/vladimir/Documentos/SOFTWARE/arduino/BluePill/Demos/TFT/bomba_tft/build/sketch/pump_controller.cpp.o
                0x00000000080008f6                PumpController::getUpperTankLevel()
 .text._ZN14PumpController17getLowerTankLevelEv
                0x00000000080008fc        0x6 /home/vladimir/Documentos/SOFTWARE/arduino/BluePill/Demos/TFT/bomba_tft/build/sketch/pump_controller.cpp.o
                0x00000000080008fc                PumpController::getLowerTankLevel()
 *fill*         0x0000000008000902        0x2 
 .text._ZN14PumpController4initEv
                0x0000000008000904       0x10 /home/vladimir/Documentos/SOFTWARE/arduino/BluePill/Demos/TFT/bomba_tft/build/sketch/pump_controller.cpp.o
                0x0000000008000904                PumpController::init()
 .text._ZN12Adafruit_GFX8drawLineEsssst
                0x0000000008000914       0xc8 /home/vladimir/Documentos/SOFTWARE/arduino/BluePill/Demos/TFT/bomba_tft/build/libraries/Adafruit_GFX/Adafruit_GFX.cpp.o
                0x0000000008000914                Adafruit_GFX::drawLine(short, short, short, short, unsigned short)
 .text._ZN12Adafruit_GFX8drawRectEsssst
                0x00000000080009dc       0x5e /home/vladimir/Documentos/SOFTWARE/arduino/BluePill/Demos/TFT/bomba_tft/build/libraries/Adafruit_GFX/Adafruit_GFX.cpp.o
                0x00000000080009dc                Adafruit_GFX::drawRect(short, short, short, short, unsigned short)
 .text._ZN12Adafruit_GFX13drawFastVLineEssst
                0x0000000008000a3a       0x1c /home/vladimir/Documentos/SOFTWARE/arduino/BluePill/Demos/TFT/bomba_tft/build/libraries/Adafruit_GFX/Adafruit_GFX.cpp.o
                0x0000000008000a3a                Adafruit_GFX::drawFastVLine(short, short, short, unsigned short)
 .text._ZN12Adafruit_GFX13drawFastHLineEssst
                0x0000000008000a56       0x1a /home/vladimir/Documentos/SOFTWARE/arduino/BluePill/Demos/TFT/bomba_tft/build/libraries/Adafruit_GFX/Adafruit_GFX.cpp.o
                0x0000000008000a56                Adafruit_GFX::drawFastHLine(short, short, short, unsigned short)
 .text._ZN12Adafruit_GFX8fillRectEsssst
                0x0000000008000a70       0x3c /home/vladimir/Documentos/SOFTWARE/arduino/BluePill/Demos/TFT/bomba_tft/build/libraries/Adafruit_GFX/Adafruit_GFX.cpp.o
                0x0000000008000a70                Adafruit_GFX::fillRect(short, short, short, short, unsigned short)
 .text._ZN12Adafruit_GFX10fillScreenEt
                0x0000000008000aac       0x1c /home/vladimir/Documentos/SOFTWARE/arduino/BluePill/Demos/TFT/bomba_tft/build/libraries/Adafruit_GFX/Adafruit_GFX.cpp.o
                0x0000000008000aac                Adafruit_GFX::fillScreen(unsigned short)
 .text._ZN12Adafruit_GFX13invertDisplayEb
                0x0000000008000ac8        0x2 /home/vladimir/Documentos/SOFTWARE/arduino/BluePill/Demos/TFT/bomba_tft/build/libraries/Adafruit_GFX/Adafruit_GFX.cpp.o
                0x0000000008000ac8                Adafruit_GFX::invertDisplay(bool)
 *fill*         0x0000000008000aca        0x2 
 .text._ZN12Adafruit_GFXC2Ess
                0x0000000008000acc       0x2c /home/vladimir/Documentos/SOFTWARE/arduino/BluePill/Demos/TFT/bomba_tft/build/libraries/Adafruit_GFX/Adafruit_GFX.cpp.o
                0x0000000008000acc                Adafruit_GFX::Adafruit_GFX(short, short)
                0x0000000008000acc                Adafruit_GFX::Adafruit_GFX(short, short)
 .text._ZN12Adafruit_GFX10drawCircleEssst
                0x0000000008000af8      0x19c /home/vladimir/Documentos/SOFTWARE/arduino/BluePill/Demos/TFT/bomba_tft/build/libraries/Adafruit_GFX/Adafruit_GFX.cpp.o
                0x0000000008000af8                Adafruit_GFX::drawCircle(short, short, short, unsigned short)
 .text._ZN12Adafruit_GFX8drawCharEsshtth
                0x0000000008000c94      0x12c /home/vladimir/Documentos/SOFTWARE/arduino/BluePill/Demos/TFT/bomba_tft/build/libraries/Adafruit_GFX/Adafruit_GFX.cpp.o
                0x0000000008000c94                Adafruit_GFX::drawChar(short, short, unsigned char, unsigned short, unsigned short, unsigned char)
 .text._ZN12Adafruit_GFX5writeEh
                0x0000000008000dc0       0x6a /home/vladimir/Documentos/SOFTWARE/arduino/BluePill/Demos/TFT/bomba_tft/build/libraries/Adafruit_GFX/Adafruit_GFX.cpp.o
                0x0000000008000dc0                Adafruit_GFX::write(unsigned char)
 .text._ZN12Adafruit_GFX11setTextSizeEh
                0x0000000008000e2a        0xa /home/vladimir/Documentos/SOFTWARE/arduino/BluePill/Demos/TFT/bomba_tft/build/libraries/Adafruit_GFX/Adafruit_GFX.cpp.o
                0x0000000008000e2a                Adafruit_GFX::setTextSize(unsigned char)
 .text._ZN12Adafruit_GFX12setTextColorEtt
                0x0000000008000e34        0x6 /home/vladimir/Documentos/SOFTWARE/arduino/BluePill/Demos/TFT/bomba_tft/build/libraries/Adafruit_GFX/Adafruit_GFX.cpp.o
                0x0000000008000e34                Adafruit_GFX::setTextColor(unsigned short, unsigned short)
 *fill*         0x0000000008000e3a        0x2 
 .text._ZN15Adafruit_ST7735C2Eaaa
                0x0000000008000e3c       0x30 /home/vladimir/Documentos/SOFTWARE/arduino/BluePill/Demos/TFT/bomba_tft/build/libraries/Adafruit_ST7735/Adafruit_ST7735.cpp.o
                0x0000000008000e3c                Adafruit_ST7735::Adafruit_ST7735(signed char, signed char, signed char)
                0x0000000008000e3c                Adafruit_ST7735::Adafruit_ST7735(signed char, signed char, signed char)
 .text._ZN15Adafruit_ST77358spiwriteEh
                0x0000000008000e6c       0x4c /home/vladimir/Documentos/SOFTWARE/arduino/BluePill/Demos/TFT/bomba_tft/build/libraries/Adafruit_ST7735/Adafruit_ST7735.cpp.o
                0x0000000008000e6c                Adafruit_ST7735::spiwrite(unsigned char)
 .text._ZN15Adafruit_ST773512writecommandEh
                0x0000000008000eb8       0x2c /home/vladimir/Documentos/SOFTWARE/arduino/BluePill/Demos/TFT/bomba_tft/build/libraries/Adafruit_ST7735/Adafruit_ST7735.cpp.o
                0x0000000008000eb8                Adafruit_ST7735::writecommand(unsigned char)
 .text._ZN15Adafruit_ST773513invertDisplayEb
                0x0000000008000ee4        0xc /home/vladimir/Documentos/SOFTWARE/arduino/BluePill/Demos/TFT/bomba_tft/build/libraries/Adafruit_ST7735/Adafruit_ST7735.cpp.o
                0x0000000008000ee4                Adafruit_ST7735::invertDisplay(bool)
 .text._ZN15Adafruit_ST77359writedataEh
                0x0000000008000ef0       0x2a /home/vladimir/Documentos/SOFTWARE/arduino/BluePill/Demos/TFT/bomba_tft/build/libraries/Adafruit_ST7735/Adafruit_ST7735.cpp.o
                0x0000000008000ef0                Adafruit_ST7735::writedata(unsigned char)
 .text._ZN15Adafruit_ST773511commandListEPKh
                0x0000000008000f1a       0x5c /home/vladimir/Documentos/SOFTWARE/arduino/BluePill/Demos/TFT/bomba_tft/build/libraries/Adafruit_ST7735/Adafruit_ST7735.cpp.o
                0x0000000008000f1a                Adafruit_ST7735::commandList(unsigned char const*)
 *fill*         0x0000000008000f76        0x2 
 .text._ZN15Adafruit_ST773510commonInitEPKh
                0x0000000008000f78      0x13c /home/vladimir/Documentos/SOFTWARE/arduino/BluePill/Demos/TFT/bomba_tft/build/libraries/Adafruit_ST7735/Adafruit_ST7735.cpp.o
                0x0000000008000f78                Adafruit_ST7735::commonInit(unsigned char const*)
 .text._ZN15Adafruit_ST77355initREh
                0x00000000080010b4       0x74 /home/vladimir/Documentos/SOFTWARE/arduino/BluePill/Demos/TFT/bomba_tft/build/libraries/Adafruit_ST7735/Adafruit_ST7735.cpp.o
                0x00000000080010b4                Adafruit_ST7735::initR(unsigned char)
 .text._ZN15Adafruit_ST773513setAddrWindowEhhhh
                0x0000000008001128      0x100 /home/vladimir/Documentos/SOFTWARE/arduino/BluePill/Demos/TFT/bomba_tft/build/libraries/Adafruit_ST7735/Adafruit_ST7735.cpp.o
                0x0000000008001128                Adafruit_ST7735::setAddrWindow(unsigned char, unsigned char, unsigned char, unsigned char)
 .text._ZN15Adafruit_ST77359drawPixelEsst
                0x0000000008001228       0x64 /home/vladimir/Documentos/SOFTWARE/arduino/BluePill/Demos/TFT/bomba_tft/build/libraries/Adafruit_ST7735/Adafruit_ST7735.cpp.o
                0x0000000008001228                Adafruit_ST7735::drawPixel(short, short, unsigned short)
 .text._ZN15Adafruit_ST773513drawFastVLineEssst
                0x000000000800128c       0xac /home/vladimir/Documentos/SOFTWARE/arduino/BluePill/Demos/TFT/bomba_tft/build/libraries/Adafruit_ST7735/Adafruit_ST7735.cpp.o
                0x000000000800128c                Adafruit_ST7735::drawFastVLine(short, short, short, unsigned short)
 .text._ZN15Adafruit_ST773513drawFastHLineEssst
                0x0000000008001338       0xa8 /home/vladimir/Documentos/SOFTWARE/arduino/BluePill/Demos/TFT/bomba_tft/build/libraries/Adafruit_ST7735/Adafruit_ST7735.cpp.o
                0x0000000008001338                Adafruit_ST7735::drawFastHLine(short, short, short, unsigned short)
 .text._ZN15Adafruit_ST773510fillScreenEt
                0x00000000080013e0       0x94 /home/vladimir/Documentos/SOFTWARE/arduino/BluePill/Demos/TFT/bomba_tft/build/libraries/Adafruit_ST7735/Adafruit_ST7735.cpp.o
                0x00000000080013e0                Adafruit_ST7735::fillScreen(unsigned short)
 .text._ZN15Adafruit_ST77358fillRectEsssst
                0x0000000008001474       0xfc /home/vladimir/Documentos/SOFTWARE/arduino/BluePill/Demos/TFT/bomba_tft/build/libraries/Adafruit_ST7735/Adafruit_ST7735.cpp.o
                0x0000000008001474                Adafruit_ST7735::fillRect(short, short, short, short, unsigned short)
 .text._ZN15Adafruit_ST773511setRotationEh
                0x0000000008001570       0x72 /home/vladimir/Documentos/SOFTWARE/arduino/BluePill/Demos/TFT/bomba_tft/build/libraries/Adafruit_ST7735/Adafruit_ST7735.cpp.o
                0x0000000008001570                Adafruit_ST7735::setRotation(unsigned char)
 .text._ZL11disable_pwmPK14stm32_pin_info
                0x00000000080015e2       0x10 /home/vladimir/Documentos/SOFTWARE/arduino/BluePill/Demos/TFT/bomba_tft/build/libraries/SPI/SPI.cpp.o
 *fill*         0x00000000080015f2        0x2 
 .text._ZL15dev_to_spi_pinsP7spi_dev.isra.8
                0x00000000080015f4       0x1c /home/vladimir/Documentos/SOFTWARE/arduino/BluePill/Demos/TFT/bomba_tft/build/libraries/SPI/SPI.cpp.o
 .text._ZL15configure_gpiosP7spi_devb
                0x0000000008001610       0x84 /home/vladimir/Documentos/SOFTWARE/arduino/BluePill/Demos/TFT/bomba_tft/build/libraries/SPI/SPI.cpp.o
 .text._ZL19determine_baud_rateP7spi_devm.isra.9
                0x0000000008001694       0x3c /home/vladimir/Documentos/SOFTWARE/arduino/BluePill/Demos/TFT/bomba_tft/build/libraries/SPI/SPI.cpp.o
 .text._ZN8SPIClassC2Em
                0x00000000080016d0       0xa8 /home/vladimir/Documentos/SOFTWARE/arduino/BluePill/Demos/TFT/bomba_tft/build/libraries/SPI/SPI.cpp.o
                0x00000000080016d0                SPIClass::SPIClass(unsigned long)
                0x00000000080016d0                SPIClass::SPIClass(unsigned long)
 .text._ZN8SPIClass14updateSettingsEv
                0x0000000008001778       0x24 /home/vladimir/Documentos/SOFTWARE/arduino/BluePill/Demos/TFT/bomba_tft/build/libraries/SPI/SPI.cpp.o
                0x0000000008001778                SPIClass::updateSettings()
 .text._ZN8SPIClass5beginEv
                0x000000000800179c       0x24 /home/vladimir/Documentos/SOFTWARE/arduino/BluePill/Demos/TFT/bomba_tft/build/libraries/SPI/SPI.cpp.o
                0x000000000800179c                SPIClass::begin()
 .text._ZN8SPIClass15setClockDividerEm
                0x00000000080017c0       0x18 /home/vladimir/Documentos/SOFTWARE/arduino/BluePill/Demos/TFT/bomba_tft/build/libraries/SPI/SPI.cpp.o
                0x00000000080017c0                SPIClass::setClockDivider(unsigned long)
 .text._ZN8SPIClass11setBitOrderE8BitOrder
                0x00000000080017d8       0x18 /home/vladimir/Documentos/SOFTWARE/arduino/BluePill/Demos/TFT/bomba_tft/build/libraries/SPI/SPI.cpp.o
                0x00000000080017d8                SPIClass::setBitOrder(BitOrder)
 .text._ZN8SPIClass11setDataSizeEm
                0x00000000080017f0       0x30 /home/vladimir/Documentos/SOFTWARE/arduino/BluePill/Demos/TFT/bomba_tft/build/libraries/SPI/SPI.cpp.o
                0x00000000080017f0                SPIClass::setDataSize(unsigned long)
 .text._ZN8SPIClass11setDataModeEh
                0x0000000008001820       0x1a /home/vladimir/Documentos/SOFTWARE/arduino/BluePill/Demos/TFT/bomba_tft/build/libraries/SPI/SPI.cpp.o
                0x0000000008001820                SPIClass::setDataMode(unsigned char)
 .text._ZN8SPIClass5writeEt
                0x000000000800183a       0x16 /home/vladimir/Documentos/SOFTWARE/arduino/BluePill/Demos/TFT/bomba_tft/build/libraries/SPI/SPI.cpp.o
                0x000000000800183a                SPIClass::write(unsigned short)
 .text._ZN8SPIClass10dmaSendSetEPKvb
                0x0000000008001850       0x4e /home/vladimir/Documentos/SOFTWARE/arduino/BluePill/Demos/TFT/bomba_tft/build/libraries/SPI/SPI.cpp.o
                0x0000000008001850                SPIClass::dmaSendSet(void const*, bool)
 *fill*         0x000000000800189e        0x2 
 .text._ZN8SPIClass13dmaSendRepeatEt
                0x00000000080018a0       0xa4 /home/vladimir/Documentos/SOFTWARE/arduino/BluePill/Demos/TFT/bomba_tft/build/libraries/SPI/SPI.cpp.o
                0x00000000080018a0                SPIClass::dmaSendRepeat(unsigned short)
 .text._ZN8SPIClass7dmaSendEPKvtb
                0x0000000008001944       0x18 /home/vladimir/Documentos/SOFTWARE/arduino/BluePill/Demos/TFT/bomba_tft/build/libraries/SPI/SPI.cpp.o
                0x0000000008001944                SPIClass::dmaSend(void const*, unsigned short, bool)
 .text.startup._GLOBAL__sub_I__ZN8SPIClassC2Em
                0x000000000800195c        0xc /home/vladimir/Documentos/SOFTWARE/arduino/BluePill/Demos/TFT/bomba_tft/build/libraries/SPI/SPI.cpp.o
 .text._ZL14irmp_store_bith
                0x0000000008001968       0xe4 /home/vladimir/Documentos/SOFTWARE/arduino/BluePill/Demos/TFT/bomba_tft/build/libraries/Irmp/irmp.cpp.o
 .text.irmp_init
                0x0000000008001a4c        0x8 /home/vladimir/Documentos/SOFTWARE/arduino/BluePill/Demos/TFT/bomba_tft/build/libraries/Irmp/irmp.cpp.o
                0x0000000008001a4c                irmp_init
 .text.irmp_ISR
                0x0000000008001a54      0x518 /home/vladimir/Documentos/SOFTWARE/arduino/BluePill/Demos/TFT/bomba_tft/build/libraries/Irmp/irmp.cpp.o
                0x0000000008001a54                irmp_ISR
 .text.FLASH_GetStatus
                0x0000000008001f6c       0x34 /home/vladimir/Documentos/SOFTWARE/arduino/BluePill/Demos/TFT/bomba_tft/build/libraries/EEPROM/flash_stm32.c.o
                0x0000000008001f6c                FLASH_GetStatus
 .text.FLASH_WaitForLastOperation
                0x0000000008001fa0       0x36 /home/vladimir/Documentos/SOFTWARE/arduino/BluePill/Demos/TFT/bomba_tft/build/libraries/EEPROM/flash_stm32.c.o
                0x0000000008001fa0                FLASH_WaitForLastOperation
 *fill*         0x0000000008001fd6        0x2 
 .text.FLASH_ErasePage
                0x0000000008001fd8       0x44 /home/vladimir/Documentos/SOFTWARE/arduino/BluePill/Demos/TFT/bomba_tft/build/libraries/EEPROM/flash_stm32.c.o
                0x0000000008001fd8                FLASH_ErasePage
 .text.FLASH_ProgramHalfWord
                0x000000000800201c       0x4c /home/vladimir/Documentos/SOFTWARE/arduino/BluePill/Demos/TFT/bomba_tft/build/libraries/EEPROM/flash_stm32.c.o
                0x000000000800201c                FLASH_ProgramHalfWord
 .text.FLASH_Unlock
                0x0000000008002068       0x18 /home/vladimir/Documentos/SOFTWARE/arduino/BluePill/Demos/TFT/bomba_tft/build/libraries/EEPROM/flash_stm32.c.o
                0x0000000008002068                FLASH_Unlock
 .text._ZN11EEPROMClass12EE_CheckPageEmt
                0x0000000008002080       0x32 /home/vladimir/Documentos/SOFTWARE/arduino/BluePill/Demos/TFT/bomba_tft/build/libraries/EEPROM/EEPROM.cpp.o
                0x0000000008002080                EEPROMClass::EE_CheckPage(unsigned long, unsigned short)
 .text._ZN11EEPROMClass12EE_ErasePageEm
                0x00000000080020b2       0x3e /home/vladimir/Documentos/SOFTWARE/arduino/BluePill/Demos/TFT/bomba_tft/build/libraries/EEPROM/EEPROM.cpp.o
                0x00000000080020b2                EEPROMClass::EE_ErasePage(unsigned long)
 .text._ZN11EEPROMClass17EE_CheckErasePageEmt
                0x00000000080020f0       0x2a /home/vladimir/Documentos/SOFTWARE/arduino/BluePill/Demos/TFT/bomba_tft/build/libraries/EEPROM/EEPROM.cpp.o
                0x00000000080020f0                EEPROMClass::EE_CheckErasePage(unsigned long, unsigned short)
 .text._ZN11EEPROMClass16EE_FindValidPageEv
                0x000000000800211a       0x2e /home/vladimir/Documentos/SOFTWARE/arduino/BluePill/Demos/TFT/bomba_tft/build/libraries/EEPROM/EEPROM.cpp.o
                0x000000000800211a                EEPROMClass::EE_FindValidPage()
 .text._ZN11EEPROMClass15EE_PageTransferEmmt
                0x0000000008002148       0xa0 /home/vladimir/Documentos/SOFTWARE/arduino/BluePill/Demos/TFT/bomba_tft/build/libraries/EEPROM/EEPROM.cpp.o
                0x0000000008002148                EEPROMClass::EE_PageTransfer(unsigned long, unsigned long, unsigned short)
 .text._ZN11EEPROMClass6formatEv
                0x00000000080021e8       0x3e /home/vladimir/Documentos/SOFTWARE/arduino/BluePill/Demos/TFT/bomba_tft/build/libraries/EEPROM/EEPROM.cpp.o
                0x00000000080021e8                EEPROMClass::format()
 .text._ZN11EEPROMClass4initEv
                0x0000000008002226       0xcc /home/vladimir/Documentos/SOFTWARE/arduino/BluePill/Demos/TFT/bomba_tft/build/libraries/EEPROM/EEPROM.cpp.o
                0x0000000008002226                EEPROMClass::init()
 .text._ZN11EEPROMClass4readEtPt
                0x00000000080022f2       0x50 /home/vladimir/Documentos/SOFTWARE/arduino/BluePill/Demos/TFT/bomba_tft/build/libraries/EEPROM/EEPROM.cpp.o
                0x00000000080022f2                EEPROMClass::read(unsigned short, unsigned short*)
 *fill*         0x0000000008002342        0x2 
 .text.startup._GLOBAL__sub_I__ZN11EEPROMClass12EE_CheckPageEmt
                0x0000000008002344       0x20 /home/vladimir/Documentos/SOFTWARE/arduino/BluePill/Demos/TFT/bomba_tft/build/libraries/EEPROM/EEPROM.cpp.o
 .text          0x0000000008002364       0x10 /home/vladimir/Documentos/SOFTWARE/arduino/BluePill/Demos/TFT/bomba_tft/build/core/wirish/start.S.o
                0x0000000008002364                __start__
 .text.start_c  0x0000000008002374       0x64 /home/vladimir/Documentos/SOFTWARE/arduino/BluePill/Demos/TFT/bomba_tft/build/core/wirish/start_c.c.o
                0x0000000008002374                start_c
 .text._sbrk    0x00000000080023d8       0x44 /home/vladimir/Documentos/SOFTWARE/arduino/BluePill/Demos/TFT/bomba_tft/build/core/wirish/syscalls.c.o
                0x00000000080023d8                _sbrk
 .text._exit    0x000000000800241c        0x2 /home/vladimir/Documentos/SOFTWARE/arduino/BluePill/Demos/TFT/bomba_tft/build/core/wirish/syscalls.c.o
                0x000000000800241c                _exit
 .text._Z9boardInitv
                0x000000000800241e        0x2 /home/vladimir/Documentos/SOFTWARE/arduino/BluePill/Demos/TFT/bomba_tft/build/core/board.cpp.o
                0x000000000800241e                boardInit()
 .text.startup._GLOBAL__sub_I__Z9boardInitv
                0x0000000008002420       0x48 /home/vladimir/Documentos/SOFTWARE/arduino/BluePill/Demos/TFT/bomba_tft/build/core/board.cpp.o
 .text._ZL18adc_default_configP7adc_dev
                0x0000000008002468       0x1c /home/vladimir/Documentos/SOFTWARE/arduino/BluePill/Demos/TFT/bomba_tft/build/core/wirish/boards.cpp.o
 .text._ZL20timer_default_configP9timer_dev
                0x0000000008002484       0x9e /home/vladimir/Documentos/SOFTWARE/arduino/BluePill/Demos/TFT/bomba_tft/build/core/wirish/boards.cpp.o
 *fill*         0x0000000008002522        0x2 
 .text._Z4initv
                0x0000000008002524       0xbc /home/vladimir/Documentos/SOFTWARE/arduino/BluePill/Demos/TFT/bomba_tft/build/core/wirish/boards.cpp.o
                0x0000000008002524                init()
 .text._ZN6wirish4priv15board_reset_pllEv
                0x00000000080025e0        0x2 /home/vladimir/Documentos/SOFTWARE/arduino/BluePill/Demos/TFT/bomba_tft/build/core/wirish/boards_setup.cpp.o
                0x00000000080025e0                wirish::priv::board_reset_pll()
 .text._ZN6wirish4priv28board_setup_clock_prescalersEv
                0x00000000080025e2       0x2e /home/vladimir/Documentos/SOFTWARE/arduino/BluePill/Demos/TFT/bomba_tft/build/core/wirish/boards_setup.cpp.o
                0x00000000080025e2                wirish::priv::board_setup_clock_prescalers()
 .text._ZN6wirish4priv16board_setup_gpioEv
                0x0000000008002610        0x4 /home/vladimir/Documentos/SOFTWARE/arduino/BluePill/Demos/TFT/bomba_tft/build/core/wirish/boards_setup.cpp.o
                0x0000000008002610                wirish::priv::board_setup_gpio()
 .text._ZN6wirish4priv15board_setup_usbEv
                0x0000000008002614       0x54 /home/vladimir/Documentos/SOFTWARE/arduino/BluePill/Demos/TFT/bomba_tft/build/core/wirish/boards_setup.cpp.o
                0x0000000008002614                wirish::priv::board_setup_usb()
 .text._ZN6wirish4priv11series_initEv
                0x0000000008002668        0x4 /home/vladimir/Documentos/SOFTWARE/arduino/BluePill/Demos/TFT/bomba_tft/build/core/wirish/boards_setup.cpp.o
                0x0000000008002668                wirish::priv::series_init()
 *fill*         0x000000000800266c        0x4 
 .text          0x0000000008002670       0x60 /home/vladimir/Documentos/SOFTWARE/arduino/BluePill/Demos/TFT/bomba_tft/build/core/core.a(exc.S.o)
                0x0000000008002670                __exc_nmi
                0x0000000008002674                __exc_hardfault
                0x0000000008002678                __exc_memmanage
                0x000000000800267c                __exc_busfault
                0x0000000008002680                __exc_usagefault
 .text          0x00000000080026d0        0x2 /home/vladimir/Documentos/SOFTWARE/arduino/BluePill/Demos/TFT/bomba_tft/build/core/core.a(isrs.S.o)
                0x00000000080026d0                __stm32reservedexception9
                0x00000000080026d0                __exc_debug_monitor
                0x00000000080026d0                __exc_svc
                0x00000000080026d0                __irq_can_rx1
                0x00000000080026d0                __irq_spi2
                0x00000000080026d0                __irq_can_sce
                0x00000000080026d0                __irq_pvd
                0x00000000080026d0                __irq_tamper
                0x00000000080026d0                __default_handler
                0x00000000080026d0                __irq_wwdg
                0x00000000080026d0                __stm32reservedexception10
                0x00000000080026d0                __irq_flash
                0x00000000080026d0                __stm32reservedexception13
                0x00000000080026d0                __irq_rtc
                0x00000000080026d0                __irq_spi1
                0x00000000080026d0                __stm32reservedexception7
                0x00000000080026d0                __irq_usb_hp_can_tx
                0x00000000080026d0                __irq_rtcalarm
                0x00000000080026d0                __stm32reservedexception8
                0x00000000080026d0                __exc_pendsv
                0x00000000080026d0                __irq_usbwakeup
                0x00000000080026d0                __irq_rcc
 .text.adc_init
                0x00000000080026d2       0x14 /home/vladimir/Documentos/SOFTWARE/arduino/BluePill/Demos/TFT/bomba_tft/build/core/core.a(adc.c.o)
                0x00000000080026d2                adc_init
 .text.adc_set_extsel
                0x00000000080026e6       0x12 /home/vladimir/Documentos/SOFTWARE/arduino/BluePill/Demos/TFT/bomba_tft/build/core/core.a(adc.c.o)
                0x00000000080026e6                adc_set_extsel
 .text.adc_set_sample_rate
                0x00000000080026f8       0x30 /home/vladimir/Documentos/SOFTWARE/arduino/BluePill/Demos/TFT/bomba_tft/build/core/core.a(adc.c.o)
                0x00000000080026f8                adc_set_sample_rate
 .text.__irq_adc
                0x0000000008002728       0x50 /home/vladimir/Documentos/SOFTWARE/arduino/BluePill/Demos/TFT/bomba_tft/build/core/core.a(adc_f1.c.o)
                0x0000000008002728                __irq_adc
 .text.adc_calibrate
                0x0000000008002778       0x24 /home/vladimir/Documentos/SOFTWARE/arduino/BluePill/Demos/TFT/bomba_tft/build/core/core.a(adc_f1.c.o)
                0x0000000008002778                adc_calibrate
 .text.adc_set_prescaler
                0x000000000800279c        0x8 /home/vladimir/Documentos/SOFTWARE/arduino/BluePill/Demos/TFT/bomba_tft/build/core/core.a(adc_f1.c.o)
                0x000000000800279c                adc_set_prescaler
 .text.adc_foreach
                0x00000000080027a4       0x1c /home/vladimir/Documentos/SOFTWARE/arduino/BluePill/Demos/TFT/bomba_tft/build/core/core.a(adc_f1.c.o)
                0x00000000080027a4                adc_foreach
 .text.adc_enable_single_swstart
                0x00000000080027c0       0x36 /home/vladimir/Documentos/SOFTWARE/arduino/BluePill/Demos/TFT/bomba_tft/build/core/core.a(adc_f1.c.o)
                0x00000000080027c0                adc_enable_single_swstart
 .text.dma_init
                0x00000000080027f6        0x6 /home/vladimir/Documentos/SOFTWARE/arduino/BluePill/Demos/TFT/bomba_tft/build/core/core.a(dma.c.o)
                0x00000000080027f6                dma_init
 .text.dma_set_priority
                0x00000000080027fc       0x18 /home/vladimir/Documentos/SOFTWARE/arduino/BluePill/Demos/TFT/bomba_tft/build/core/core.a(dma_f1.c.o)
                0x00000000080027fc                dma_set_priority
 .text.dma_set_num_transfers
                0x0000000008002814       0x10 /home/vladimir/Documentos/SOFTWARE/arduino/BluePill/Demos/TFT/bomba_tft/build/core/core.a(dma_f1.c.o)
                0x0000000008002814                dma_set_num_transfers
 .text.dma_enable
                0x0000000008002824       0x18 /home/vladimir/Documentos/SOFTWARE/arduino/BluePill/Demos/TFT/bomba_tft/build/core/core.a(dma_f1.c.o)
                0x0000000008002824                dma_enable
 .text.dma_disable
                0x000000000800283c       0x18 /home/vladimir/Documentos/SOFTWARE/arduino/BluePill/Demos/TFT/bomba_tft/build/core/core.a(dma_f1.c.o)
                0x000000000800283c                dma_disable
 .text.dma_setup_transfer
                0x0000000008002854       0x36 /home/vladimir/Documentos/SOFTWARE/arduino/BluePill/Demos/TFT/bomba_tft/build/core/core.a(dma_f1.c.o)
                0x0000000008002854                dma_setup_transfer
 *fill*         0x000000000800288a        0x2 
 .text.__irq_dma1_channel1
                0x000000000800288c       0x18 /home/vladimir/Documentos/SOFTWARE/arduino/BluePill/Demos/TFT/bomba_tft/build/core/core.a(dma_f1.c.o)
                0x000000000800288c                __irq_dma1_channel1
 .text.__irq_dma1_channel2
                0x00000000080028a4       0x18 /home/vladimir/Documentos/SOFTWARE/arduino/BluePill/Demos/TFT/bomba_tft/build/core/core.a(dma_f1.c.o)
                0x00000000080028a4                __irq_dma1_channel2
 .text.__irq_dma1_channel3
                0x00000000080028bc       0x1c /home/vladimir/Documentos/SOFTWARE/arduino/BluePill/Demos/TFT/bomba_tft/build/core/core.a(dma_f1.c.o)
                0x00000000080028bc                __irq_dma1_channel3
 .text.__irq_dma1_channel4
                0x00000000080028d8       0x1c /home/vladimir/Documentos/SOFTWARE/arduino/BluePill/Demos/TFT/bomba_tft/build/core/core.a(dma_f1.c.o)
                0x00000000080028d8                __irq_dma1_channel4
 .text.__irq_dma1_channel5
                0x00000000080028f4       0x1c /home/vladimir/Documentos/SOFTWARE/arduino/BluePill/Demos/TFT/bomba_tft/build/core/core.a(dma_f1.c.o)
                0x00000000080028f4                __irq_dma1_channel5
 .text.__irq_dma1_channel6
                0x0000000008002910       0x1c /home/vladimir/Documentos/SOFTWARE/arduino/BluePill/Demos/TFT/bomba_tft/build/core/core.a(dma_f1.c.o)
                0x0000000008002910                __irq_dma1_channel6
 .text.__irq_dma1_channel7
                0x000000000800292c       0x1c /home/vladimir/Documentos/SOFTWARE/arduino/BluePill/Demos/TFT/bomba_tft/build/core/core.a(dma_f1.c.o)
                0x000000000800292c                __irq_dma1_channel7
 .text.exti_attach_callback
                0x0000000008002948       0xac /home/vladimir/Documentos/SOFTWARE/arduino/BluePill/Demos/TFT/bomba_tft/build/core/core.a(exti.c.o)
                0x0000000008002948                exti_attach_callback
 .text.exti_attach_interrupt
                0x00000000080029f4       0x10 /home/vladimir/Documentos/SOFTWARE/arduino/BluePill/Demos/TFT/bomba_tft/build/core/core.a(exti.c.o)
                0x00000000080029f4                exti_attach_interrupt
 .text.exti_do_select
                0x0000000008002a04       0x1a /home/vladimir/Documentos/SOFTWARE/arduino/BluePill/Demos/TFT/bomba_tft/build/core/core.a(exti.c.o)
                0x0000000008002a04                exti_do_select
 *fill*         0x0000000008002a1e        0x2 
 .text.__irq_exti0
                0x0000000008002a20       0x20 /home/vladimir/Documentos/SOFTWARE/arduino/BluePill/Demos/TFT/bomba_tft/build/core/core.a(exti.c.o)
                0x0000000008002a20                __irq_exti0
 .text.__irq_exti1
                0x0000000008002a40       0x20 /home/vladimir/Documentos/SOFTWARE/arduino/BluePill/Demos/TFT/bomba_tft/build/core/core.a(exti.c.o)
                0x0000000008002a40                __irq_exti1
 .text.__irq_exti2
                0x0000000008002a60       0x20 /home/vladimir/Documentos/SOFTWARE/arduino/BluePill/Demos/TFT/bomba_tft/build/core/core.a(exti.c.o)
                0x0000000008002a60                __irq_exti2
 .text.__irq_exti3
                0x0000000008002a80       0x20 /home/vladimir/Documentos/SOFTWARE/arduino/BluePill/Demos/TFT/bomba_tft/build/core/core.a(exti.c.o)
                0x0000000008002a80                __irq_exti3
 .text.__irq_exti4
                0x0000000008002aa0       0x20 /home/vladimir/Documentos/SOFTWARE/arduino/BluePill/Demos/TFT/bomba_tft/build/core/core.a(exti.c.o)
                0x0000000008002aa0                __irq_exti4
 .text.__irq_exti9_5
                0x0000000008002ac0       0x44 /home/vladimir/Documentos/SOFTWARE/arduino/BluePill/Demos/TFT/bomba_tft/build/core/core.a(exti.c.o)
                0x0000000008002ac0                __irq_exti9_5
 .text.__irq_exti15_10
                0x0000000008002b04       0x44 /home/vladimir/Documentos/SOFTWARE/arduino/BluePill/Demos/TFT/bomba_tft/build/core/core.a(exti.c.o)
                0x0000000008002b04                __irq_exti15_10
 .text.exti_select
                0x0000000008002b48       0x18 /home/vladimir/Documentos/SOFTWARE/arduino/BluePill/Demos/TFT/bomba_tft/build/core/core.a(exti_f1.c.o)
                0x0000000008002b48                exti_select
 .text.flash_set_latency
                0x0000000008002b60       0x14 /home/vladimir/Documentos/SOFTWARE/arduino/BluePill/Demos/TFT/bomba_tft/build/core/core.a(flash.c.o)
                0x0000000008002b60                flash_set_latency
 .text.gpio_init_all
                0x0000000008002b74       0x30 /home/vladimir/Documentos/SOFTWARE/arduino/BluePill/Demos/TFT/bomba_tft/build/core/core.a(gpio_f1.c.o)
                0x0000000008002b74                gpio_init_all
 .text.gpio_set_mode
                0x0000000008002ba4       0x50 /home/vladimir/Documentos/SOFTWARE/arduino/BluePill/Demos/TFT/bomba_tft/build/core/core.a(gpio_f1.c.o)
                0x0000000008002ba4                gpio_set_mode
 .text.afio_init
                0x0000000008002bf4       0x12 /home/vladimir/Documentos/SOFTWARE/arduino/BluePill/Demos/TFT/bomba_tft/build/core/core.a(gpio_f1.c.o)
                0x0000000008002bf4                afio_init
 *fill*         0x0000000008002c06        0x2 
 .text.__irq_i2c1_ev
                0x0000000008002c08        0xc /home/vladimir/Documentos/SOFTWARE/arduino/BluePill/Demos/TFT/bomba_tft/build/core/core.a(i2c_f1.c.o)
                0x0000000008002c08                __irq_i2c1_ev
 .text.__irq_i2c2_ev
                0x0000000008002c14        0xc /home/vladimir/Documentos/SOFTWARE/arduino/BluePill/Demos/TFT/bomba_tft/build/core/core.a(i2c_f1.c.o)
                0x0000000008002c14                __irq_i2c2_ev
 .text.__irq_i2c1_er
                0x0000000008002c20        0xc /home/vladimir/Documentos/SOFTWARE/arduino/BluePill/Demos/TFT/bomba_tft/build/core/core.a(i2c_f1.c.o)
                0x0000000008002c20                __irq_i2c1_er
 .text.__irq_i2c2_er
                0x0000000008002c2c        0xc /home/vladimir/Documentos/SOFTWARE/arduino/BluePill/Demos/TFT/bomba_tft/build/core/core.a(i2c_f1.c.o)
                0x0000000008002c2c                __irq_i2c2_er
 .text._i2c_irq_priority_fixup
                0x0000000008002c38       0x1c /home/vladimir/Documentos/SOFTWARE/arduino/BluePill/Demos/TFT/bomba_tft/build/core/core.a(i2c_f1.c.o)
                0x0000000008002c38                _i2c_irq_priority_fixup
 .text.nvic_irq_set_priority
                0x0000000008002c54       0x28 /home/vladimir/Documentos/SOFTWARE/arduino/BluePill/Demos/TFT/bomba_tft/build/core/core.a(nvic.c.o)
                0x0000000008002c54                nvic_irq_set_priority
 .text.nvic_init
                0x0000000008002c7c       0x30 /home/vladimir/Documentos/SOFTWARE/arduino/BluePill/Demos/TFT/bomba_tft/build/core/core.a(nvic.c.o)
                0x0000000008002c7c                nvic_init
 .text.nvic_sys_reset
                0x0000000008002cac       0x1c /home/vladimir/Documentos/SOFTWARE/arduino/BluePill/Demos/TFT/bomba_tft/build/core/core.a(nvic.c.o)
                0x0000000008002cac                nvic_sys_reset
 .text.rcc_dev_clk
                0x0000000008002cc8        0xc /home/vladimir/Documentos/SOFTWARE/arduino/BluePill/Demos/TFT/bomba_tft/build/core/core.a(rcc.c.o)
                0x0000000008002cc8                rcc_dev_clk
 .text.rcc_switch_sysclk
                0x0000000008002cd4       0x20 /home/vladimir/Documentos/SOFTWARE/arduino/BluePill/Demos/TFT/bomba_tft/build/core/core.a(rcc.c.o)
                0x0000000008002cd4                rcc_switch_sysclk
 .text.rcc_turn_on_clk
                0x0000000008002cf4       0x1a /home/vladimir/Documentos/SOFTWARE/arduino/BluePill/Demos/TFT/bomba_tft/build/core/core.a(rcc.c.o)
                0x0000000008002cf4                rcc_turn_on_clk
 .text.rcc_turn_off_clk
                0x0000000008002d0e       0x1c /home/vladimir/Documentos/SOFTWARE/arduino/BluePill/Demos/TFT/bomba_tft/build/core/core.a(rcc.c.o)
                0x0000000008002d0e                rcc_turn_off_clk
 .text.rcc_is_clk_ready
                0x0000000008002d2a       0x18 /home/vladimir/Documentos/SOFTWARE/arduino/BluePill/Demos/TFT/bomba_tft/build/core/core.a(rcc.c.o)
                0x0000000008002d2a                rcc_is_clk_ready
 *fill*         0x0000000008002d42        0x2 
 .text.rcc_configure_pll
                0x0000000008002d44       0x18 /home/vladimir/Documentos/SOFTWARE/arduino/BluePill/Demos/TFT/bomba_tft/build/core/core.a(rcc_f1.c.o)
                0x0000000008002d44                rcc_configure_pll
 .text.rcc_clk_enable
                0x0000000008002d5c       0x30 /home/vladimir/Documentos/SOFTWARE/arduino/BluePill/Demos/TFT/bomba_tft/build/core/core.a(rcc_f1.c.o)
                0x0000000008002d5c                rcc_clk_enable
 .text.rcc_reset_dev
                0x0000000008002d8c       0x34 /home/vladimir/Documentos/SOFTWARE/arduino/BluePill/Demos/TFT/bomba_tft/build/core/core.a(rcc_f1.c.o)
                0x0000000008002d8c                rcc_reset_dev
 .text.rcc_set_prescaler
                0x0000000008002dc0       0x20 /home/vladimir/Documentos/SOFTWARE/arduino/BluePill/Demos/TFT/bomba_tft/build/core/core.a(rcc_f1.c.o)
                0x0000000008002dc0                rcc_set_prescaler
 .text.rcc_clk_disable
                0x0000000008002de0       0x30 /home/vladimir/Documentos/SOFTWARE/arduino/BluePill/Demos/TFT/bomba_tft/build/core/core.a(rcc_f1.c.o)
                0x0000000008002de0                rcc_clk_disable
 .text.bb_peri_set_bit
                0x0000000008002e10        0xe /home/vladimir/Documentos/SOFTWARE/arduino/BluePill/Demos/TFT/bomba_tft/build/core/core.a(spi.c.o)
 .text.spi_init
                0x0000000008002e1e       0x14 /home/vladimir/Documentos/SOFTWARE/arduino/BluePill/Demos/TFT/bomba_tft/build/core/core.a(spi.c.o)
                0x0000000008002e1e                spi_init
 .text.spi_peripheral_enable
                0x0000000008002e32        0xa /home/vladimir/Documentos/SOFTWARE/arduino/BluePill/Demos/TFT/bomba_tft/build/core/core.a(spi.c.o)
                0x0000000008002e32                spi_peripheral_enable
 .text.spi_peripheral_disable
                0x0000000008002e3c        0xa /home/vladimir/Documentos/SOFTWARE/arduino/BluePill/Demos/TFT/bomba_tft/build/core/core.a(spi.c.o)
                0x0000000008002e3c                spi_peripheral_disable
 .text.spi_reconfigure
                0x0000000008002e46       0x2c /home/vladimir/Documentos/SOFTWARE/arduino/BluePill/Demos/TFT/bomba_tft/build/core/core.a(spi.c.o)
 .text.spi_master_enable
                0x0000000008002e72        0xc /home/vladimir/Documentos/SOFTWARE/arduino/BluePill/Demos/TFT/bomba_tft/build/core/core.a(spi.c.o)
                0x0000000008002e72                spi_master_enable
 .text.spi_tx_dma_enable
                0x0000000008002e7e        0xc /home/vladimir/Documentos/SOFTWARE/arduino/BluePill/Demos/TFT/bomba_tft/build/core/core.a(spi.c.o)
                0x0000000008002e7e                spi_tx_dma_enable
 .text.spi_tx_dma_disable
                0x0000000008002e8a        0xc /home/vladimir/Documentos/SOFTWARE/arduino/BluePill/Demos/TFT/bomba_tft/build/core/core.a(spi.c.o)
                0x0000000008002e8a                spi_tx_dma_disable
 .text.spi_config_gpios
                0x0000000008002e96       0x5a /home/vladimir/Documentos/SOFTWARE/arduino/BluePill/Demos/TFT/bomba_tft/build/core/core.a(spi_f1.c.o)
                0x0000000008002e96                spi_config_gpios
 .text.systick_init
                0x0000000008002ef0       0x10 /home/vladimir/Documentos/SOFTWARE/arduino/BluePill/Demos/TFT/bomba_tft/build/core/core.a(systick.c.o)
                0x0000000008002ef0                systick_init
 .text.__exc_systick
                0x0000000008002f00       0x1c /home/vladimir/Documentos/SOFTWARE/arduino/BluePill/Demos/TFT/bomba_tft/build/core/core.a(systick.c.o)
                0x0000000008002f00                __exc_systick
 .text.timer_oc_set_mode
                0x0000000008002f1c       0x3a /home/vladimir/Documentos/SOFTWARE/arduino/BluePill/Demos/TFT/bomba_tft/build/core/core.a(timer.c.o)
 .text.timer_cc_enable
                0x0000000008002f56       0x1c /home/vladimir/Documentos/SOFTWARE/arduino/BluePill/Demos/TFT/bomba_tft/build/core/core.a(timer.c.o)
 *fill*         0x0000000008002f72        0x2 
 .text.timer_foreach
                0x0000000008002f74       0x28 /home/vladimir/Documentos/SOFTWARE/arduino/BluePill/Demos/TFT/bomba_tft/build/core/core.a(timer.c.o)
                0x0000000008002f74                timer_foreach
 .text.timer_init
                0x0000000008002f9c       0x14 /home/vladimir/Documentos/SOFTWARE/arduino/BluePill/Demos/TFT/bomba_tft/build/core/core.a(timer.c.o)
                0x0000000008002f9c                timer_init
 .text.timer_has_cc_channel
                0x0000000008002fb0       0x30 /home/vladimir/Documentos/SOFTWARE/arduino/BluePill/Demos/TFT/bomba_tft/build/core/core.a(timer.c.o)
                0x0000000008002fb0                timer_has_cc_channel
 .text.timer_attach_interrupt
                0x0000000008002fe0       0xe0 /home/vladimir/Documentos/SOFTWARE/arduino/BluePill/Demos/TFT/bomba_tft/build/core/core.a(timer.c.o)
                0x0000000008002fe0                timer_attach_interrupt
 .text.timer_detach_interrupt
                0x00000000080030c0       0x1e /home/vladimir/Documentos/SOFTWARE/arduino/BluePill/Demos/TFT/bomba_tft/build/core/core.a(timer.c.o)
                0x00000000080030c0                timer_detach_interrupt
 .text.input_capture_mode
                0x00000000080030de       0x1a /home/vladimir/Documentos/SOFTWARE/arduino/BluePill/Demos/TFT/bomba_tft/build/core/core.a(timer.c.o)
                0x00000000080030de                input_capture_mode
 .text.timer_set_mode
                0x00000000080030f8       0x8c /home/vladimir/Documentos/SOFTWARE/arduino/BluePill/Demos/TFT/bomba_tft/build/core/core.a(timer.c.o)
                0x00000000080030f8                timer_set_mode
 .text.__irq_tim1_brk
                0x0000000008003184       0x24 /home/vladimir/Documentos/SOFTWARE/arduino/BluePill/Demos/TFT/bomba_tft/build/core/core.a(timer.c.o)
                0x0000000008003184                __irq_tim1_brk
 .text.__irq_tim1_up
                0x00000000080031a8       0x24 /home/vladimir/Documentos/SOFTWARE/arduino/BluePill/Demos/TFT/bomba_tft/build/core/core.a(timer.c.o)
                0x00000000080031a8                __irq_tim1_up
 .text.__irq_tim1_trg_com
                0x00000000080031cc       0x38 /home/vladimir/Documentos/SOFTWARE/arduino/BluePill/Demos/TFT/bomba_tft/build/core/core.a(timer.c.o)
                0x00000000080031cc                __irq_tim1_trg_com
 .text.__irq_tim1_cc
                0x0000000008003204       0x54 /home/vladimir/Documentos/SOFTWARE/arduino/BluePill/Demos/TFT/bomba_tft/build/core/core.a(timer.c.o)
                0x0000000008003204                __irq_tim1_cc
 .text.__irq_tim2
                0x0000000008003258       0x70 /home/vladimir/Documentos/SOFTWARE/arduino/BluePill/Demos/TFT/bomba_tft/build/core/core.a(timer.c.o)
                0x0000000008003258                __irq_tim2
 .text.__irq_tim3
                0x00000000080032c8       0x70 /home/vladimir/Documentos/SOFTWARE/arduino/BluePill/Demos/TFT/bomba_tft/build/core/core.a(timer.c.o)
                0x00000000080032c8                __irq_tim3
 .text.__irq_tim4
                0x0000000008003338       0x70 /home/vladimir/Documentos/SOFTWARE/arduino/BluePill/Demos/TFT/bomba_tft/build/core/core.a(timer.c.o)
                0x0000000008003338                __irq_tim4
 .text.rb_remove
                0x00000000080033a8       0x24 /home/vladimir/Documentos/SOFTWARE/arduino/BluePill/Demos/TFT/bomba_tft/build/core/core.a(usart_f1.c.o)
 .text.rb_push_insert
                0x00000000080033cc       0x52 /home/vladimir/Documentos/SOFTWARE/arduino/BluePill/Demos/TFT/bomba_tft/build/core/core.a(usart_f1.c.o)
 *fill*         0x000000000800341e        0x2 
 .text.__irq_usart1
                0x0000000008003420       0x54 /home/vladimir/Documentos/SOFTWARE/arduino/BluePill/Demos/TFT/bomba_tft/build/core/core.a(usart_f1.c.o)
                0x0000000008003420                __irq_usart1
 .text.__irq_usart2
                0x0000000008003474       0x54 /home/vladimir/Documentos/SOFTWARE/arduino/BluePill/Demos/TFT/bomba_tft/build/core/core.a(usart_f1.c.o)
                0x0000000008003474                __irq_usart2
 .text.__irq_usart3
                0x00000000080034c8       0x54 /home/vladimir/Documentos/SOFTWARE/arduino/BluePill/Demos/TFT/bomba_tft/build/core/core.a(usart_f1.c.o)
                0x00000000080034c8                __irq_usart3
 .text.throb    0x000000000800351c       0x4c /home/vladimir/Documentos/SOFTWARE/arduino/BluePill/Demos/TFT/bomba_tft/build/core/core.a(util.c.o)
                0x000000000800351c                throb
 .text.__error  0x0000000008003568       0x14 /home/vladimir/Documentos/SOFTWARE/arduino/BluePill/Demos/TFT/bomba_tft/build/core/core.a(util.c.o)
                0x0000000008003568                __error
 .text.usb_resume
                0x000000000800357c       0xb4 /home/vladimir/Documentos/SOFTWARE/arduino/BluePill/Demos/TFT/bomba_tft/build/core/core.a(usb.c.o)
 .text.usb_init_usblib
                0x0000000008003630       0x48 /home/vladimir/Documentos/SOFTWARE/arduino/BluePill/Demos/TFT/bomba_tft/build/core/core.a(usb.c.o)
                0x0000000008003630                usb_init_usblib
 .text.__irq_usb_lp_can_rx0
                0x0000000008003678      0x1c8 /home/vladimir/Documentos/SOFTWARE/arduino/BluePill/Demos/TFT/bomba_tft/build/core/core.a(usb.c.o)
                0x0000000008003678                __irq_usb_lp_can_rx0
 .text.usb_set_ep_rx_stat
                0x0000000008003840       0x22 /home/vladimir/Documentos/SOFTWARE/arduino/BluePill/Demos/TFT/bomba_tft/build/core/core.a(usb_cdcacm.c.o)
 *fill*         0x0000000008003862        0x2 
 .text.vcomGetSetLineCoding
                0x0000000008003864       0x18 /home/vladimir/Documentos/SOFTWARE/arduino/BluePill/Demos/TFT/bomba_tft/build/core/core.a(usb_cdcacm.c.o)
 .text.usbDataSetup
                0x000000000800387c       0x54 /home/vladimir/Documentos/SOFTWARE/arduino/BluePill/Demos/TFT/bomba_tft/build/core/core.a(usb_cdcacm.c.o)
 .text.usbNoDataSetup
                0x00000000080038d0       0x50 /home/vladimir/Documentos/SOFTWARE/arduino/BluePill/Demos/TFT/bomba_tft/build/core/core.a(usb_cdcacm.c.o)
 .text.usbGetInterfaceSetting
                0x0000000008003920       0x10 /home/vladimir/Documentos/SOFTWARE/arduino/BluePill/Demos/TFT/bomba_tft/build/core/core.a(usb_cdcacm.c.o)
 .text.usbSetConfiguration
                0x0000000008003930       0x1c /home/vladimir/Documentos/SOFTWARE/arduino/BluePill/Demos/TFT/bomba_tft/build/core/core.a(usb_cdcacm.c.o)
 .text.usbSetDeviceAddress
                0x000000000800394c       0x10 /home/vladimir/Documentos/SOFTWARE/arduino/BluePill/Demos/TFT/bomba_tft/build/core/core.a(usb_cdcacm.c.o)
 .text.usbGetStringDescriptor
                0x000000000800395c       0x20 /home/vladimir/Documentos/SOFTWARE/arduino/BluePill/Demos/TFT/bomba_tft/build/core/core.a(usb_cdcacm.c.o)
 .text.usbGetConfigDescriptor
                0x000000000800397c        0xc /home/vladimir/Documentos/SOFTWARE/arduino/BluePill/Demos/TFT/bomba_tft/build/core/core.a(usb_cdcacm.c.o)
 .text.usbGetDeviceDescriptor
                0x0000000008003988        0xc /home/vladimir/Documentos/SOFTWARE/arduino/BluePill/Demos/TFT/bomba_tft/build/core/core.a(usb_cdcacm.c.o)
 .text.usbInit  0x0000000008003994       0x44 /home/vladimir/Documentos/SOFTWARE/arduino/BluePill/Demos/TFT/bomba_tft/build/core/core.a(usb_cdcacm.c.o)
 .text.vcomDataTxCb
                0x00000000080039d8       0xa0 /home/vladimir/Documentos/SOFTWARE/arduino/BluePill/Demos/TFT/bomba_tft/build/core/core.a(usb_cdcacm.c.o)
 .text.usbReset
                0x0000000008003a78      0x160 /home/vladimir/Documentos/SOFTWARE/arduino/BluePill/Demos/TFT/bomba_tft/build/core/core.a(usb_cdcacm.c.o)
 .text.vcomDataRxCb
                0x0000000008003bd8       0x7c /home/vladimir/Documentos/SOFTWARE/arduino/BluePill/Demos/TFT/bomba_tft/build/core/core.a(usb_cdcacm.c.o)
 .text.usb_cdcacm_set_hooks
                0x0000000008003c54       0x1c /home/vladimir/Documentos/SOFTWARE/arduino/BluePill/Demos/TFT/bomba_tft/build/core/core.a(usb_cdcacm.c.o)
                0x0000000008003c54                usb_cdcacm_set_hooks
 .text.usb_cdcacm_enable
                0x0000000008003c70       0x38 /home/vladimir/Documentos/SOFTWARE/arduino/BluePill/Demos/TFT/bomba_tft/build/core/core.a(usb_cdcacm.c.o)
                0x0000000008003c70                usb_cdcacm_enable
 .text.usb_cdcacm_tx
                0x0000000008003ca8       0x60 /home/vladimir/Documentos/SOFTWARE/arduino/BluePill/Demos/TFT/bomba_tft/build/core/core.a(usb_cdcacm.c.o)
                0x0000000008003ca8                usb_cdcacm_tx
 .text.usb_cdcacm_data_available
                0x0000000008003d08       0x18 /home/vladimir/Documentos/SOFTWARE/arduino/BluePill/Demos/TFT/bomba_tft/build/core/core.a(usb_cdcacm.c.o)
                0x0000000008003d08                usb_cdcacm_data_available
 .text.usb_cdcacm_peek
                0x0000000008003d20       0x38 /home/vladimir/Documentos/SOFTWARE/arduino/BluePill/Demos/TFT/bomba_tft/build/core/core.a(usb_cdcacm.c.o)
                0x0000000008003d20                usb_cdcacm_peek
 .text.usb_cdcacm_rx
                0x0000000008003d58       0x34 /home/vladimir/Documentos/SOFTWARE/arduino/BluePill/Demos/TFT/bomba_tft/build/core/core.a(usb_cdcacm.c.o)
                0x0000000008003d58                usb_cdcacm_rx
 .text.usb_cdcacm_peek_ex
                0x0000000008003d8c       0x40 /home/vladimir/Documentos/SOFTWARE/arduino/BluePill/Demos/TFT/bomba_tft/build/core/core.a(usb_cdcacm.c.o)
                0x0000000008003d8c                usb_cdcacm_peek_ex
 .text.usb_cdcacm_get_dtr
                0x0000000008003dcc       0x10 /home/vladimir/Documentos/SOFTWARE/arduino/BluePill/Demos/TFT/bomba_tft/build/core/core.a(usb_cdcacm.c.o)
                0x0000000008003dcc                usb_cdcacm_get_dtr
 .text.usb_set_ep_rx_count
                0x0000000008003ddc       0x40 /home/vladimir/Documentos/SOFTWARE/arduino/BluePill/Demos/TFT/bomba_tft/build/core/core.a(usb_reg_map.c.o)
                0x0000000008003ddc                usb_set_ep_rx_count
 .text.Standard_GetConfiguration
                0x0000000008003e1c       0x24 /home/vladimir/Documentos/SOFTWARE/arduino/BluePill/Demos/TFT/bomba_tft/build/core/core.a(usb_core.c.o)
                0x0000000008003e1c                Standard_GetConfiguration
 .text.Standard_GetInterface
                0x0000000008003e40       0x24 /home/vladimir/Documentos/SOFTWARE/arduino/BluePill/Demos/TFT/bomba_tft/build/core/core.a(usb_core.c.o)
                0x0000000008003e40                Standard_GetInterface
 .text.Standard_GetStatus
                0x0000000008003e64       0x90 /home/vladimir/Documentos/SOFTWARE/arduino/BluePill/Demos/TFT/bomba_tft/build/core/core.a(usb_core.c.o)
                0x0000000008003e64                Standard_GetStatus
 .text.DataStageIn
                0x0000000008003ef4       0xa8 /home/vladimir/Documentos/SOFTWARE/arduino/BluePill/Demos/TFT/bomba_tft/build/core/core.a(usb_core.c.o)
 .text.Standard_SetConfiguration
                0x0000000008003f9c       0x38 /home/vladimir/Documentos/SOFTWARE/arduino/BluePill/Demos/TFT/bomba_tft/build/core/core.a(usb_core.c.o)
                0x0000000008003f9c                Standard_SetConfiguration
 .text.Standard_SetInterface
                0x0000000008003fd4       0x48 /home/vladimir/Documentos/SOFTWARE/arduino/BluePill/Demos/TFT/bomba_tft/build/core/core.a(usb_core.c.o)
                0x0000000008003fd4                Standard_SetInterface
 .text.Standard_ClearFeature
                0x000000000800401c       0xd0 /home/vladimir/Documentos/SOFTWARE/arduino/BluePill/Demos/TFT/bomba_tft/build/core/core.a(usb_core.c.o)
                0x000000000800401c                Standard_ClearFeature
 .text.Standard_SetEndPointFeature
                0x00000000080040ec       0x84 /home/vladimir/Documentos/SOFTWARE/arduino/BluePill/Demos/TFT/bomba_tft/build/core/core.a(usb_core.c.o)
                0x00000000080040ec                Standard_SetEndPointFeature
 .text.Standard_SetDeviceFeature
                0x0000000008004170       0x24 /home/vladimir/Documentos/SOFTWARE/arduino/BluePill/Demos/TFT/bomba_tft/build/core/core.a(usb_core.c.o)
                0x0000000008004170                Standard_SetDeviceFeature
 .text.Standard_GetDescriptorData
                0x0000000008004194       0x1c /home/vladimir/Documentos/SOFTWARE/arduino/BluePill/Demos/TFT/bomba_tft/build/core/core.a(usb_core.c.o)
                0x0000000008004194                Standard_GetDescriptorData
 .text.Post0_Process
                0x00000000080041b0       0x40 /home/vladimir/Documentos/SOFTWARE/arduino/BluePill/Demos/TFT/bomba_tft/build/core/core.a(usb_core.c.o)
                0x00000000080041b0                Post0_Process
 .text.Setup0_Process
                0x00000000080041f0      0x2d0 /home/vladimir/Documentos/SOFTWARE/arduino/BluePill/Demos/TFT/bomba_tft/build/core/core.a(usb_core.c.o)
                0x00000000080041f0                Setup0_Process
 .text.Out0_Process
                0x00000000080044c0       0xc8 /home/vladimir/Documentos/SOFTWARE/arduino/BluePill/Demos/TFT/bomba_tft/build/core/core.a(usb_core.c.o)
                0x00000000080044c0                Out0_Process
 .text.SetDeviceAddress
                0x0000000008004588       0x38 /home/vladimir/Documentos/SOFTWARE/arduino/BluePill/Demos/TFT/bomba_tft/build/core/core.a(usb_core.c.o)
                0x0000000008004588                SetDeviceAddress
 .text.In0_Process
                0x00000000080045c0       0x5c /home/vladimir/Documentos/SOFTWARE/arduino/BluePill/Demos/TFT/bomba_tft/build/core/core.a(usb_core.c.o)
                0x00000000080045c0                In0_Process
 .text.NOP_Process
                0x000000000800461c        0x2 /home/vladimir/Documentos/SOFTWARE/arduino/BluePill/Demos/TFT/bomba_tft/build/core/core.a(usb_core.c.o)
                0x000000000800461c                NOP_Process
 .text.UserToPMABufferCopy
                0x000000000800461e       0x30 /home/vladimir/Documentos/SOFTWARE/arduino/BluePill/Demos/TFT/bomba_tft/build/core/core.a(usb_mem.c.o)
                0x000000000800461e                UserToPMABufferCopy
 .text.PMAToUserBufferCopy
                0x000000000800464e       0x24 /home/vladimir/Documentos/SOFTWARE/arduino/BluePill/Demos/TFT/bomba_tft/build/core/core.a(usb_mem.c.o)
                0x000000000800464e                PMAToUserBufferCopy
 .text.SetEPTxStatus
                0x0000000008004672       0x2a /home/vladimir/Documentos/SOFTWARE/arduino/BluePill/Demos/TFT/bomba_tft/build/core/core.a(usb_regs.c.o)
                0x0000000008004672                SetEPTxStatus
 .text.ClearDTOG_RX
                0x000000000800469c       0x20 /home/vladimir/Documentos/SOFTWARE/arduino/BluePill/Demos/TFT/bomba_tft/build/core/core.a(usb_regs.c.o)
                0x000000000800469c                ClearDTOG_RX
 .text.ClearDTOG_TX
                0x00000000080046bc       0x20 /home/vladimir/Documentos/SOFTWARE/arduino/BluePill/Demos/TFT/bomba_tft/build/core/core.a(usb_regs.c.o)
                0x00000000080046bc                ClearDTOG_TX
 .text.GetEPTxAddr
                0x00000000080046dc       0x1c /home/vladimir/Documentos/SOFTWARE/arduino/BluePill/Demos/TFT/bomba_tft/build/core/core.a(usb_regs.c.o)
                0x00000000080046dc                GetEPTxAddr
 .text.GetEPRxAddr
                0x00000000080046f8       0x1c /home/vladimir/Documentos/SOFTWARE/arduino/BluePill/Demos/TFT/bomba_tft/build/core/core.a(usb_regs.c.o)
                0x00000000080046f8                GetEPRxAddr
 .text.SetEPTxCount
                0x0000000008004714       0x1c /home/vladimir/Documentos/SOFTWARE/arduino/BluePill/Demos/TFT/bomba_tft/build/core/core.a(usb_regs.c.o)
                0x0000000008004714                SetEPTxCount
 .text.SetEPRxCount
                0x0000000008004730       0x40 /home/vladimir/Documentos/SOFTWARE/arduino/BluePill/Demos/TFT/bomba_tft/build/core/core.a(usb_regs.c.o)
                0x0000000008004730                SetEPRxCount
 .text.rb_full_count
                0x0000000008004770       0x22 /home/vladimir/Documentos/SOFTWARE/arduino/BluePill/Demos/TFT/bomba_tft/build/core/core.a(HardwareSerial.cpp.o)
 .text._ZN14HardwareSerial4readEv
                0x0000000008004792       0x3a /home/vladimir/Documentos/SOFTWARE/arduino/BluePill/Demos/TFT/bomba_tft/build/core/core.a(HardwareSerial.cpp.o)
                0x0000000008004792                HardwareSerial::read()
 .text._ZN14HardwareSerial9availableEv
                0x00000000080047cc        0xc /home/vladimir/Documentos/SOFTWARE/arduino/BluePill/Demos/TFT/bomba_tft/build/core/core.a(HardwareSerial.cpp.o)
                0x00000000080047cc                HardwareSerial::available()
 .text._ZN14HardwareSerial4peekEv
                0x00000000080047d8       0x22 /home/vladimir/Documentos/SOFTWARE/arduino/BluePill/Demos/TFT/bomba_tft/build/core/core.a(HardwareSerial.cpp.o)
                0x00000000080047d8                HardwareSerial::peek()
 .text._ZN14HardwareSerial5flushEv
                0x00000000080047fa       0x1a /home/vladimir/Documentos/SOFTWARE/arduino/BluePill/Demos/TFT/bomba_tft/build/core/core.a(HardwareSerial.cpp.o)
                0x00000000080047fa                HardwareSerial::flush()
 .text._ZN14HardwareSerial5writeEh
                0x0000000008004814       0x1e /home/vladimir/Documentos/SOFTWARE/arduino/BluePill/Demos/TFT/bomba_tft/build/core/core.a(HardwareSerial.cpp.o)
                0x0000000008004814                HardwareSerial::write(unsigned char)
 *fill*         0x0000000008004832        0x2 
 .text._ZN14HardwareSerialC2EP9usart_devhh
                0x0000000008004834       0x1c /home/vladimir/Documentos/SOFTWARE/arduino/BluePill/Demos/TFT/bomba_tft/build/core/core.a(HardwareSerial.cpp.o)
                0x0000000008004834                HardwareSerial::HardwareSerial(usart_dev*, unsigned char, unsigned char)
                0x0000000008004834                HardwareSerial::HardwareSerial(usart_dev*, unsigned char, unsigned char)
 .text.set_this_dev
                0x0000000008004850       0x1c /home/vladimir/Documentos/SOFTWARE/arduino/BluePill/Demos/TFT/bomba_tft/build/core/core.a(HardwareTimer.cpp.o)
 .text._ZN13HardwareTimerC2Eh
                0x000000000800486c       0x2c /home/vladimir/Documentos/SOFTWARE/arduino/BluePill/Demos/TFT/bomba_tft/build/core/core.a(HardwareTimer.cpp.o)
                0x000000000800486c                HardwareTimer::HardwareTimer(unsigned char)
                0x000000000800486c                HardwareTimer::HardwareTimer(unsigned char)
 .text._ZN13HardwareTimer5pauseEv
                0x0000000008004898       0x10 /home/vladimir/Documentos/SOFTWARE/arduino/BluePill/Demos/TFT/bomba_tft/build/core/core.a(HardwareTimer.cpp.o)
                0x0000000008004898                HardwareTimer::pause()
 .text._ZN13HardwareTimer6resumeEv
                0x00000000080048a8       0x10 /home/vladimir/Documentos/SOFTWARE/arduino/BluePill/Demos/TFT/bomba_tft/build/core/core.a(HardwareTimer.cpp.o)
                0x00000000080048a8                HardwareTimer::resume()
 .text._ZN13HardwareTimer17setPrescaleFactorEm
                0x00000000080048b8        0xc /home/vladimir/Documentos/SOFTWARE/arduino/BluePill/Demos/TFT/bomba_tft/build/core/core.a(HardwareTimer.cpp.o)
                0x00000000080048b8                HardwareTimer::setPrescaleFactor(unsigned long)
 .text._ZN13HardwareTimer11setOverflowEt
                0x00000000080048c4        0x8 /home/vladimir/Documentos/SOFTWARE/arduino/BluePill/Demos/TFT/bomba_tft/build/core/core.a(HardwareTimer.cpp.o)
                0x00000000080048c4                HardwareTimer::setOverflow(unsigned short)
 .text._ZN13HardwareTimer8getCountEv
                0x00000000080048cc        0xa /home/vladimir/Documentos/SOFTWARE/arduino/BluePill/Demos/TFT/bomba_tft/build/core/core.a(HardwareTimer.cpp.o)
                0x00000000080048cc                HardwareTimer::getCount()
 .text._ZN13HardwareTimer7setModeEi10timer_mode
                0x00000000080048d6        0x8 /home/vladimir/Documentos/SOFTWARE/arduino/BluePill/Demos/TFT/bomba_tft/build/core/core.a(HardwareTimer.cpp.o)
                0x00000000080048d6                HardwareTimer::setMode(int, timer_mode)
 .text._ZN13HardwareTimer10setCompareEit
                0x00000000080048de       0x1e /home/vladimir/Documentos/SOFTWARE/arduino/BluePill/Demos/TFT/bomba_tft/build/core/core.a(HardwareTimer.cpp.o)
                0x00000000080048de                HardwareTimer::setCompare(int, unsigned short)
 .text._ZN13HardwareTimer15attachInterruptEiPFvvE
                0x00000000080048fc        0x8 /home/vladimir/Documentos/SOFTWARE/arduino/BluePill/Demos/TFT/bomba_tft/build/core/core.a(HardwareTimer.cpp.o)
                0x00000000080048fc                HardwareTimer::attachInterrupt(int, void (*)())
 .text._ZN13HardwareTimer7refreshEv
                0x0000000008004904       0x12 /home/vladimir/Documentos/SOFTWARE/arduino/BluePill/Demos/TFT/bomba_tft/build/core/core.a(HardwareTimer.cpp.o)
                0x0000000008004904                HardwareTimer::refresh()
 *fill*         0x0000000008004916        0x2 
 .text.startup._GLOBAL__sub_I__ZN13HardwareTimerC2Eh
                0x0000000008004918       0x38 /home/vladimir/Documentos/SOFTWARE/arduino/BluePill/Demos/TFT/bomba_tft/build/core/core.a(HardwareTimer.cpp.o)
 .text._ZN5Print5writeEPKvm
                0x0000000008004950       0x20 /home/vladimir/Documentos/SOFTWARE/arduino/BluePill/Demos/TFT/bomba_tft/build/core/core.a(Print.cpp.o)
                0x0000000008004950                Print::write(void const*, unsigned long)
 .text._ZN5Print5writeEPKc
                0x0000000008004970       0x1e /home/vladimir/Documentos/SOFTWARE/arduino/BluePill/Demos/TFT/bomba_tft/build/core/core.a(Print.cpp.o)
                0x0000000008004970                Print::write(char const*)
 .text._ZN6StringD2Ev
                0x000000000800498e        0xe /home/vladimir/Documentos/SOFTWARE/arduino/BluePill/Demos/TFT/bomba_tft/build/core/core.a(WString.cpp.o)
                0x000000000800498e                String::~String()
                0x000000000800498e                String::~String()
 .text._ZN6String10invalidateEv
                0x000000000800499c       0x16 /home/vladimir/Documentos/SOFTWARE/arduino/BluePill/Demos/TFT/bomba_tft/build/core/core.a(WString.cpp.o)
                0x000000000800499c                String::invalidate()
 .text._ZN6String12changeBufferEj
                0x00000000080049b2       0x18 /home/vladimir/Documentos/SOFTWARE/arduino/BluePill/Demos/TFT/bomba_tft/build/core/core.a(WString.cpp.o)
                0x00000000080049b2                String::changeBuffer(unsigned int)
 .text._ZN6String7reserveEj
                0x00000000080049ca       0x22 /home/vladimir/Documentos/SOFTWARE/arduino/BluePill/Demos/TFT/bomba_tft/build/core/core.a(WString.cpp.o)
                0x00000000080049ca                String::reserve(unsigned int)
 .text._ZN6String4copyEPKcj
                0x00000000080049ec       0x26 /home/vladimir/Documentos/SOFTWARE/arduino/BluePill/Demos/TFT/bomba_tft/build/core/core.a(WString.cpp.o)
                0x00000000080049ec                String::copy(char const*, unsigned int)
 .text._ZN6StringC2EPKc
                0x0000000008004a12       0x24 /home/vladimir/Documentos/SOFTWARE/arduino/BluePill/Demos/TFT/bomba_tft/build/core/core.a(WString.cpp.o)
                0x0000000008004a12                String::String(char const*)
                0x0000000008004a12                String::String(char const*)
 .text.__cxa_pure_virtual
                0x0000000008004a36        0x2 /home/vladimir/Documentos/SOFTWARE/arduino/BluePill/Demos/TFT/bomba_tft/build/core/core.a(cxxabi-compat.cpp.o)
                0x0000000008004a36                __cxa_pure_virtual
 .text._Z15attachInterrupthPFvvE17ExtIntTriggerMode
                0x0000000008004a38       0x3c /home/vladimir/Documentos/SOFTWARE/arduino/BluePill/Demos/TFT/bomba_tft/build/core/core.a(ext_interrupts.cpp.o)
                0x0000000008004a38                attachInterrupt(unsigned char, void (*)(), ExtIntTriggerMode)
 .text.startup._Z7premainv
                0x0000000008004a74        0x4 /home/vladimir/Documentos/SOFTWARE/arduino/BluePill/Demos/TFT/bomba_tft/build/core/core.a(main.cpp.o)
                0x0000000008004a74                premain()
 .text.startup.main
                0x0000000008004a78        0xc /home/vladimir/Documentos/SOFTWARE/arduino/BluePill/Demos/TFT/bomba_tft/build/core/core.a(main.cpp.o)
                0x0000000008004a78                main
 .text._ZN9USBSerial9availableEv
                0x0000000008004a84        0x4 /home/vladimir/Documentos/SOFTWARE/arduino/BluePill/Demos/TFT/bomba_tft/build/core/core.a(usb_serial.cpp.o)
                0x0000000008004a84                USBSerial::available()
 .text._ZN9USBSerial4peekEv
                0x0000000008004a88       0x1e /home/vladimir/Documentos/SOFTWARE/arduino/BluePill/Demos/TFT/bomba_tft/build/core/core.a(usb_serial.cpp.o)
                0x0000000008004a88                USBSerial::peek()
 .text._ZN9USBSerial4readEv
                0x0000000008004aa6       0x1e /home/vladimir/Documentos/SOFTWARE/arduino/BluePill/Demos/TFT/bomba_tft/build/core/core.a(usb_serial.cpp.o)
                0x0000000008004aa6                USBSerial::read()
 .text._ZL14ifaceSetupHookjPv
                0x0000000008004ac4       0x38 /home/vladimir/Documentos/SOFTWARE/arduino/BluePill/Demos/TFT/bomba_tft/build/core/core.a(usb_serial.cpp.o)
 .text._ZL6rxHookjPv
                0x0000000008004afc       0xa0 /home/vladimir/Documentos/SOFTWARE/arduino/BluePill/Demos/TFT/bomba_tft/build/core/core.a(usb_serial.cpp.o)
 .text._ZL10wait_resetv
                0x0000000008004b9c       0x10 /home/vladimir/Documentos/SOFTWARE/arduino/BluePill/Demos/TFT/bomba_tft/build/core/core.a(usb_serial.cpp.o)
 .text._ZN9USBSerialC2Ev
                0x0000000008004bac       0x14 /home/vladimir/Documentos/SOFTWARE/arduino/BluePill/Demos/TFT/bomba_tft/build/core/core.a(usb_serial.cpp.o)
                0x0000000008004bac                USBSerial::USBSerial()
                0x0000000008004bac                USBSerial::USBSerial()
 .text._ZN9USBSerial5beginEv
                0x0000000008004bc0       0x34 /home/vladimir/Documentos/SOFTWARE/arduino/BluePill/Demos/TFT/bomba_tft/build/core/core.a(usb_serial.cpp.o)
                0x0000000008004bc0                USBSerial::begin()
 .text._ZN9USBSerial5writeEPKhm
                0x0000000008004bf4       0x4c /home/vladimir/Documentos/SOFTWARE/arduino/BluePill/Demos/TFT/bomba_tft/build/core/core.a(usb_serial.cpp.o)
                0x0000000008004bf4                USBSerial::write(unsigned char const*, unsigned long)
 .text._ZN9USBSerial5writeEh
                0x0000000008004c40       0x16 /home/vladimir/Documentos/SOFTWARE/arduino/BluePill/Demos/TFT/bomba_tft/build/core/core.a(usb_serial.cpp.o)
                0x0000000008004c40                USBSerial::write(unsigned char)
 .text._ZN9USBSerial5writeEPKc
                0x0000000008004c56       0x1a /home/vladimir/Documentos/SOFTWARE/arduino/BluePill/Demos/TFT/bomba_tft/build/core/core.a(usb_serial.cpp.o)
                0x0000000008004c56                USBSerial::write(char const*)
 .text._ZN9USBSerial4readEPhm
                0x0000000008004c70       0x1c /home/vladimir/Documentos/SOFTWARE/arduino/BluePill/Demos/TFT/bomba_tft/build/core/core.a(usb_serial.cpp.o)
                0x0000000008004c70                USBSerial::read(unsigned char*, unsigned long)
 .text._ZN9USBSerial5flushEv
                0x0000000008004c8c       0x1c /home/vladimir/Documentos/SOFTWARE/arduino/BluePill/Demos/TFT/bomba_tft/build/core/core.a(usb_serial.cpp.o)
                0x0000000008004c8c                USBSerial::flush()
 .text.startup._GLOBAL__sub_I__ZN9USBSerial9_hasBegunE
                0x0000000008004ca8        0xc /home/vladimir/Documentos/SOFTWARE/arduino/BluePill/Demos/TFT/bomba_tft/build/core/core.a(usb_serial.cpp.o)
 .text._Z11digitalReadh
                0x0000000008004cb4       0x2c /home/vladimir/Documentos/SOFTWARE/arduino/BluePill/Demos/TFT/bomba_tft/build/core/core.a(wirish_digital.cpp.o)
                0x0000000008004cb4                digitalRead(unsigned char)
 .text._Z12digitalWritehh
                0x0000000008004ce0       0x2c /home/vladimir/Documentos/SOFTWARE/arduino/BluePill/Demos/TFT/bomba_tft/build/core/core.a(wirish_digital.cpp.o)
                0x0000000008004ce0                digitalWrite(unsigned char, unsigned char)
 .text._ZL6microsv
                0x0000000008004d0c       0x34 /home/vladimir/Documentos/SOFTWARE/arduino/BluePill/Demos/TFT/bomba_tft/build/core/core.a(wirish_time.cpp.o)
 .text._Z5delaym
                0x0000000008004d40       0x2a /home/vladimir/Documentos/SOFTWARE/arduino/BluePill/Demos/TFT/bomba_tft/build/core/core.a(wirish_time.cpp.o)
                0x0000000008004d40                delay(unsigned long)
 *fill*         0x0000000008004d6a        0x2 
 .text._Z7pinModeh13WiringPinMode
                0x0000000008004d6c       0x84 /home/vladimir/Documentos/SOFTWARE/arduino/BluePill/Demos/TFT/bomba_tft/build/core/core.a(wirish_digital_f1.cpp.o)
                0x0000000008004d6c                pinMode(unsigned char, WiringPinMode)
 .text.__empty  0x0000000008004df0        0x2 /home/vladimir/Documentos/SOFTWARE/arduino/BluePill/Demos/TFT/bomba_tft/build/core/core.a(hooks.c.o)
                0x0000000008004df0                yield
 .text.bkp_init
                0x0000000008004df2       0x18 /home/vladimir/Documentos/SOFTWARE/arduino/BluePill/Demos/TFT/bomba_tft/build/core/core.a(bkp_f1.c.o)
                0x0000000008004df2                bkp_init
 *fill*         0x0000000008004e0a        0x2 
 .text.bkp_enable_writes
                0x0000000008004e0c        0xc /home/vladimir/Documentos/SOFTWARE/arduino/BluePill/Demos/TFT/bomba_tft/build/core/core.a(bkp_f1.c.o)
                0x0000000008004e0c                bkp_enable_writes
 .text.bkp_disable_writes
                0x0000000008004e18        0xc /home/vladimir/Documentos/SOFTWARE/arduino/BluePill/Demos/TFT/bomba_tft/build/core/core.a(bkp_f1.c.o)
                0x0000000008004e18                bkp_disable_writes
 .text.bkp_write
                0x0000000008004e24       0x16 /home/vladimir/Documentos/SOFTWARE/arduino/BluePill/Demos/TFT/bomba_tft/build/core/core.a(bkp_f1.c.o)
                0x0000000008004e24                bkp_write
 .text.gpio_init
                0x0000000008004e3a       0x14 /home/vladimir/Documentos/SOFTWARE/arduino/BluePill/Demos/TFT/bomba_tft/build/core/core.a(gpio.c.o)
                0x0000000008004e3a                gpio_init
 .text.i2c_start_condition
                0x0000000008004e4e       0x14 /home/vladimir/Documentos/SOFTWARE/arduino/BluePill/Demos/TFT/bomba_tft/build/core/core.a(i2c.c.o)
 .text.i2c_stop_condition
                0x0000000008004e62       0x1c /home/vladimir/Documentos/SOFTWARE/arduino/BluePill/Demos/TFT/bomba_tft/build/core/core.a(i2c.c.o)
 *fill*         0x0000000008004e7e        0x2 
 .text._i2c_irq_handler
                0x0000000008004e80      0x16c /home/vladimir/Documentos/SOFTWARE/arduino/BluePill/Demos/TFT/bomba_tft/build/core/core.a(i2c.c.o)
                0x0000000008004e80                _i2c_irq_handler
 .text._i2c_irq_error_handler
                0x0000000008004fec       0x2a /home/vladimir/Documentos/SOFTWARE/arduino/BluePill/Demos/TFT/bomba_tft/build/core/core.a(i2c.c.o)
                0x0000000008004fec                _i2c_irq_error_handler
 .text.usart_tx
                0x0000000008005016       0x9c /home/vladimir/Documentos/SOFTWARE/arduino/BluePill/Demos/TFT/bomba_tft/build/core/core.a(usart.c.o)
                0x0000000008005016                usart_tx
 *fill*         0x00000000080050b2        0x2 
 .text.__aeabi_atexit
                0x00000000080050b4        0xc /home/vladimir/.arduino15/packages/arduino/tools/arm-none-eabi-gcc/4.8.3-2014q1/bin/../lib/gcc/arm-none-eabi/4.8.3/../../../../arm-none-eabi/lib/armv7-m/libstdc++.a(atexit_arm.o)
                0x00000000080050b4                __aeabi_atexit
 .text.__cxa_atexit
                0x00000000080050c0       0x14 /home/vladimir/.arduino15/packages/arduino/tools/arm-none-eabi-gcc/4.8.3-2014q1/bin/../lib/gcc/arm-none-eabi/4.8.3/../../../../arm-none-eabi/lib/armv7-m/libc.a(lib_a-cxa_atexit.o)
                0x00000000080050c0                __cxa_atexit
 .text.__errno  0x00000000080050d4        0xc /home/vladimir/.arduino15/packages/arduino/tools/arm-none-eabi-gcc/4.8.3-2014q1/bin/../lib/gcc/arm-none-eabi/4.8.3/../../../../arm-none-eabi/lib/armv7-m/libc.a(lib_a-errno.o)
                0x00000000080050d4                __errno
 .text.exit     0x00000000080050e0       0x20 /home/vladimir/.arduino15/packages/arduino/tools/arm-none-eabi-gcc/4.8.3-2014q1/bin/../lib/gcc/arm-none-eabi/4.8.3/../../../../arm-none-eabi/lib/armv7-m/libc.a(lib_a-exit.o)
                0x00000000080050e0                exit
 .text.__libc_init_array
                0x0000000008005100       0x50 /home/vladimir/.arduino15/packages/arduino/tools/arm-none-eabi-gcc/4.8.3-2014q1/bin/../lib/gcc/arm-none-eabi/4.8.3/../../../../arm-none-eabi/lib/armv7-m/libc.a(lib_a-init.o)
                0x0000000008005100                __libc_init_array
 .text.malloc   0x0000000008005150       0x10 /home/vladimir/.arduino15/packages/arduino/tools/arm-none-eabi-gcc/4.8.3-2014q1/bin/../lib/gcc/arm-none-eabi/4.8.3/../../../../arm-none-eabi/lib/armv7-m/libc.a(lib_a-malloc.o)
                0x0000000008005150                malloc
 .text.free     0x0000000008005160       0x10 /home/vladimir/.arduino15/packages/arduino/tools/arm-none-eabi-gcc/4.8.3-2014q1/bin/../lib/gcc/arm-none-eabi/4.8.3/../../../../arm-none-eabi/lib/armv7-m/libc.a(lib_a-malloc.o)
                0x0000000008005160                free
 .text._malloc_r
                0x0000000008005170      0x538 /home/vladimir/.arduino15/packages/arduino/tools/arm-none-eabi-gcc/4.8.3-2014q1/bin/../lib/gcc/arm-none-eabi/4.8.3/../../../../arm-none-eabi/lib/armv7-m/libc.a(lib_a-mallocr.o)
                0x0000000008005170                _malloc_r
 .text.memmove  0x00000000080056a8       0xcc /home/vladimir/.arduino15/packages/arduino/tools/arm-none-eabi-gcc/4.8.3-2014q1/bin/../lib/gcc/arm-none-eabi/4.8.3/../../../../arm-none-eabi/lib/armv7-m/libc.a(lib_a-memmove.o)
                0x00000000080056a8                memmove
 .text.__malloc_lock
                0x0000000008005774        0x4 /home/vladimir/.arduino15/packages/arduino/tools/arm-none-eabi-gcc/4.8.3-2014q1/bin/../lib/gcc/arm-none-eabi/4.8.3/../../../../arm-none-eabi/lib/armv7-m/libc.a(lib_a-mlock.o)
                0x0000000008005774                __malloc_lock
 .text.__malloc_unlock
                0x0000000008005778        0x4 /home/vladimir/.arduino15/packages/arduino/tools/arm-none-eabi-gcc/4.8.3-2014q1/bin/../lib/gcc/arm-none-eabi/4.8.3/../../../../arm-none-eabi/lib/armv7-m/libc.a(lib_a-mlock.o)
                0x0000000008005778                __malloc_unlock
 .text.realloc  0x000000000800577c       0x10 /home/vladimir/.arduino15/packages/arduino/tools/arm-none-eabi-gcc/4.8.3-2014q1/bin/../lib/gcc/arm-none-eabi/4.8.3/../../../../arm-none-eabi/lib/armv7-m/libc.a(lib_a-realloc.o)
                0x000000000800577c                realloc
 .text._realloc_r
                0x000000000800578c      0x3c0 /home/vladimir/.arduino15/packages/arduino/tools/arm-none-eabi-gcc/4.8.3-2014q1/bin/../lib/gcc/arm-none-eabi/4.8.3/../../../../arm-none-eabi/lib/armv7-m/libc.a(lib_a-reallocr.o)
                0x000000000800578c                _realloc_r
 .text._sbrk_r  0x0000000008005b4c       0x24 /home/vladimir/.arduino15/packages/arduino/tools/arm-none-eabi-gcc/4.8.3-2014q1/bin/../lib/gcc/arm-none-eabi/4.8.3/../../../../arm-none-eabi/lib/armv7-m/libc.a(lib_a-sbrkr.o)
                0x0000000008005b4c                _sbrk_r
 .text.strcpy   0x0000000008005b70       0xbc /home/vladimir/.arduino15/packages/arduino/tools/arm-none-eabi-gcc/4.8.3-2014q1/bin/../lib/gcc/arm-none-eabi/4.8.3/../../../../arm-none-eabi/lib/armv7-m/libc.a(lib_a-strcpy.o)
                0x0000000008005b70                strcpy
 .text.strlen   0x0000000008005c2c       0x60 /home/vladimir/.arduino15/packages/arduino/tools/arm-none-eabi-gcc/4.8.3-2014q1/bin/../lib/gcc/arm-none-eabi/4.8.3/../../../../arm-none-eabi/lib/armv7-m/libc.a(lib_a-strlen.o)
                0x0000000008005c2c                strlen
 .text.__register_exitproc
                0x0000000008005c8c       0xa8 /home/vladimir/.arduino15/packages/arduino/tools/arm-none-eabi-gcc/4.8.3-2014q1/bin/../lib/gcc/arm-none-eabi/4.8.3/../../../../arm-none-eabi/lib/armv7-m/libc.a(lib_a-__atexit.o)
                0x0000000008005c8c                __register_exitproc
 .text.startup.register_fini
                0x0000000008005d34       0x14 /home/vladimir/.arduino15/packages/arduino/tools/arm-none-eabi-gcc/4.8.3-2014q1/bin/../lib/gcc/arm-none-eabi/4.8.3/../../../../arm-none-eabi/lib/armv7-m/libc.a(lib_a-__call_atexit.o)
 .text.__call_exitprocs
                0x0000000008005d48       0xf0 /home/vladimir/.arduino15/packages/arduino/tools/arm-none-eabi-gcc/4.8.3-2014q1/bin/../lib/gcc/arm-none-eabi/4.8.3/../../../../arm-none-eabi/lib/armv7-m/libc.a(lib_a-__call_atexit.o)
                0x0000000008005d48                __call_exitprocs
 .text.atexit   0x0000000008005e38        0xc /home/vladimir/.arduino15/packages/arduino/tools/arm-none-eabi-gcc/4.8.3-2014q1/bin/../lib/gcc/arm-none-eabi/4.8.3/../../../../arm-none-eabi/lib/armv7-m/libc.a(lib_a-atexit.o)
                0x0000000008005e38                atexit
 .text.__libc_fini_array
                0x0000000008005e44       0x30 /home/vladimir/.arduino15/packages/arduino/tools/arm-none-eabi-gcc/4.8.3-2014q1/bin/../lib/gcc/arm-none-eabi/4.8.3/../../../../arm-none-eabi/lib/armv7-m/libc.a(lib_a-fini.o)
                0x0000000008005e44                __libc_fini_array
 .text._malloc_trim_r
                0x0000000008005e74       0x9c /home/vladimir/.arduino15/packages/arduino/tools/arm-none-eabi-gcc/4.8.3-2014q1/bin/../lib/gcc/arm-none-eabi/4.8.3/../../../../arm-none-eabi/lib/armv7-m/libc.a(lib_a-freer.o)
                0x0000000008005e74                _malloc_trim_r
 .text._free_r  0x0000000008005f10      0x198 /home/vladimir/.arduino15/packages/arduino/tools/arm-none-eabi-gcc/4.8.3-2014q1/bin/../lib/gcc/arm-none-eabi/4.8.3/../../../../arm-none-eabi/lib/armv7-m/libc.a(lib_a-freer.o)
                0x0000000008005f10                _free_r
 *(.plt)
 *(.gnu.warning)
 *(.glue_7t)
 .glue_7t       0x0000000000000000        0x0 linker stubs
 *(.glue_7)
 .glue_7        0x0000000000000000        0x0 linker stubs
 *(.vfp11_veneer)
 .vfp11_veneer  0x0000000000000000        0x0 linker stubs
 *(.ARM.extab* .gnu.linkonce.armextab.*)
 *(.gcc_except_table)
 *(.eh_frame_hdr)
 *(.eh_frame)
 .eh_frame      0x00000000080060a8        0x0 /home/vladimir/.arduino15/packages/arduino/tools/arm-none-eabi-gcc/4.8.3-2014q1/bin/../lib/gcc/arm-none-eabi/4.8.3/armv7-m/crtbegin.o
                0x00000000080060a8                . = ALIGN (0x4)
 *(.init)
 .init          0x00000000080060a8        0x4 /home/vladimir/.arduino15/packages/arduino/tools/arm-none-eabi-gcc/4.8.3-2014q1/bin/../lib/gcc/arm-none-eabi/4.8.3/armv7-m/crti.o
                0x00000000080060a8                _init
 .init          0x00000000080060ac        0x8 /home/vladimir/.arduino15/packages/arduino/tools/arm-none-eabi-gcc/4.8.3-2014q1/bin/../lib/gcc/arm-none-eabi/4.8.3/armv7-m/crtn.o
                0x00000000080060b4                . = ALIGN (0x4)
                0x00000000080060b4                __preinit_array_start = .
 *(.preinit_array)
                0x00000000080060b4                __preinit_array_end = .